Component: ARM Compiler 5.06 update 6 (build 750) Tool: armlink [4d35ed]

==============================================================================

Section Cross References

    main.o(.text) refers to misc.o(.text) for NVIC_PriorityGroupConfig
    main.o(.text) refers to delay.o(.text) for delay_init
    main.o(.text) refers to usart.o(.text) for uart_init
    main.o(.text) refers to led.o(.text) for LED_Init
    main.o(.text) refers to lcd.o(.text) for LCD_Init
    main.o(.text) refers to key.o(.text) for KEY_Init
    main.o(.text) refers to w25qxx.o(.text) for W25QXX_Init
    main.o(.text) refers to wm8978.o(.text) for WM8978_Init
    main.o(.text) refers to malloc.o(.text) for my_mem_init
    main.o(.text) refers to exfuns.o(.text) for exfuns_init
    main.o(.text) refers to ff.o(.text) for f_mount
    main.o(.text) refers to fontupd.o(.text) for font_init
    main.o(.text) refers to text.o(.text) for Show_Str
    main.o(.text) refers to audioplay.o(.text) for audio_play
    main.o(.text) refers to usmart_config.o(.data) for usmart_dev
    main.o(.text) refers to exfuns.o(.bss) for fs
    main.o(.text) refers to lcd.o(.data) for POINT_COLOR
    system_stm32f4xx.o(.text) refers to system_stm32f4xx.o(.data) for SystemCoreClock
    led.o(.text) refers to stm32f4xx_rcc.o(.text) for RCC_AHB1PeriphClockCmd
    led.o(.text) refers to stm32f4xx_gpio.o(.text) for GPIO_Init
    lcd.o(.text) refers to _printf_percent.o(.ARM.Collect$$_printf_percent$$00000000) for _printf_percent
    lcd.o(.text) refers to _printf_x.o(.ARM.Collect$$_printf_percent$$0000000C) for _printf_x
    lcd.o(.text) refers to _printf_hex_int.o(.text) for _printf_longlong_hex
    lcd.o(.text) refers to delay.o(.text) for delay_us
    lcd.o(.text) refers to lcd.o(.bss) for lcddev
    lcd.o(.text) refers to lcd.o(.data) for POINT_COLOR
    lcd.o(.text) refers to dflt_clz.o(x$fpl$dfltu) for __aeabi_ui2d
    lcd.o(.text) refers to dmul.o(x$fpl$dmul) for __aeabi_dmul
    lcd.o(.text) refers to dfixu.o(x$fpl$dfixu) for __aeabi_d2uiz
    lcd.o(.text) refers to stm32f4xx_rcc.o(.text) for RCC_AHB1PeriphClockCmd
    lcd.o(.text) refers to stm32f4xx_gpio.o(.text) for GPIO_Init
    lcd.o(.text) refers to stm32f4xx_fsmc.o(.text) for FSMC_NORSRAMInit
    lcd.o(.text) refers to noretval__2printf.o(.text) for __2printf
    lcd.o(.text) refers to lcd.o(.constdata) for asc2_1206
    key.o(.text) refers to stm32f4xx_rcc.o(.text) for RCC_AHB1PeriphClockCmd
    key.o(.text) refers to stm32f4xx_gpio.o(.text) for GPIO_Init
    key.o(.text) refers to delay.o(.text) for delay_ms
    key.o(.text) refers to key.o(.data) for key_up
    spi.o(.text) refers to stm32f4xx_spi.o(.text) for SPI_I2S_GetFlagStatus
    spi.o(.text) refers to stm32f4xx_rcc.o(.text) for RCC_AHB1PeriphClockCmd
    spi.o(.text) refers to stm32f4xx_gpio.o(.text) for GPIO_Init
    w25qxx.o(.text) refers to _printf_percent.o(.ARM.Collect$$_printf_percent$$00000000) for _printf_percent
    w25qxx.o(.text) refers to _printf_x.o(.ARM.Collect$$_printf_percent$$0000000C) for _printf_x
    w25qxx.o(.text) refers to _printf_hex_int.o(.text) for _printf_longlong_hex
    w25qxx.o(.text) refers to spi.o(.text) for SPI1_ReadWriteByte
    w25qxx.o(.text) refers to stm32f4xx_rcc.o(.text) for RCC_AHB1PeriphClockCmd
    w25qxx.o(.text) refers to stm32f4xx_gpio.o(.text) for GPIO_Init
    w25qxx.o(.text) refers to noretval__2printf.o(.text) for __2printf
    w25qxx.o(.text) refers to delay.o(.text) for delay_us
    w25qxx.o(.text) refers to w25qxx.o(.data) for W25QXX_TYPE
    w25qxx.o(.text) refers to w25qxx.o(.bss) for W25QXX_BUFFER
    sdio_sdcard.o(.text) refers to stm32f4xx_sdio.o(.text) for SDIO_GetFlagStatus
    sdio_sdcard.o(.text) refers to sdio_sdcard.o(.data) for DeviceMode
    sdio_sdcard.o(.text) refers to sdio_sdcard.o(.bss) for SDIO_CmdInitStructure
    sdio_sdcard.o(.text) refers to stm32f4xx_rcc.o(.text) for RCC_AHB1PeriphClockCmd
    sdio_sdcard.o(.text) refers to stm32f4xx_gpio.o(.text) for GPIO_Init
    sdio_sdcard.o(.text) refers to misc.o(.text) for NVIC_Init
    sdio_sdcard.o(.text) refers to stm32f4xx_dma.o(.text) for DMA_GetCmdStatus
    sdio_sdcard.o(.text) refers to sys.o(.emb_text) for INTX_DISABLE
    sdio_sdcard.o(.text) refers to rt_memcpy_v6.o(.text) for __aeabi_memcpy
    myiic.o(.text) refers to stm32f4xx_rcc.o(.text) for RCC_AHB1PeriphClockCmd
    myiic.o(.text) refers to stm32f4xx_gpio.o(.text) for GPIO_Init
    myiic.o(.text) refers to delay.o(.text) for delay_us
    24cxx.o(.text) refers to myiic.o(.text) for IIC_Init
    24cxx.o(.text) refers to delay.o(.text) for delay_ms
    i2s.o(.text) refers to stm32f4xx_rcc.o(.text) for RCC_APB1PeriphClockCmd
    i2s.o(.text) refers to stm32f4xx_spi.o(.text) for I2S_Init
    i2s.o(.text) refers to stm32f4xx_dma.o(.text) for DMA_DeInit
    i2s.o(.text) refers to misc.o(.text) for NVIC_Init
    i2s.o(.text) refers to i2s.o(.constdata) for I2S_PSC_TBL
    i2s.o(.text) refers to i2s.o(.data) for i2s_tx_callback
[...]
    W25QXX_Write_Enable                      0x08005663   Thumb Code    24  w25qxx.o(.text)
    W25QXX_Write_Disable                     0x0800567b   Thumb Code    24  w25qxx.o(.text)
    W25QXX_Read                              0x08005693   Thumb Code    74  w25qxx.o(.text)
    W25QXX_Wait_Busy                         0x080056dd   Thumb Code    18  w25qxx.o(.text)
    W25QXX_Write_Page                        0x080056ef   Thumb Code    80  w25qxx.o(.text)
    W25QXX_Write_NoCheck                     0x0800573f   Thumb Code    70  w25qxx.o(.text)
    W25QXX_Erase_Sector                      0x08005785   Thumb Code    70  w25qxx.o(.text)
    W25QXX_Write                             0x080057cb   Thumb Code   180  w25qxx.o(.text)
    W25QXX_Erase_Chip                        0x0800587f   Thumb Code    36  w25qxx.o(.text)
    W25QXX_PowerDown                         0x080058a3   Thumb Code    30  w25qxx.o(.text)
    W25QXX_WAKEUP                            0x080058c1   Thumb Code    30  w25qxx.o(.text)
    SDIO_Register_Deinit                     0x08005901   Thumb Code    48  sdio_sdcard.o(.text)
    SD_SetDeviceMode                         0x08005931   Thumb Code    20  sdio_sdcard.o(.text)
    SDIO_Clock_Set                           0x08005945   Thumb Code    18  sdio_sdcard.o(.text)
    CmdResp1Error                            0x08005957   Thumb Code    96  sdio_sdcard.o(.text)
    FindSCR                                  0x080059b7   Thumb Code   390  sdio_sdcard.o(.text)
    SDEnWideBus                              0x08005b3d   Thumb Code   160  sdio_sdcard.o(.text)
    SD_EnableWideBusOperation                0x08005bdd   Thumb Code    98  sdio_sdcard.o(.text)
    SD_SelectDeselect                        0x08005c3f   Thumb Code    42  sdio_sdcard.o(.text)
    SD_GetCardInfo                           0x08005c69   Thumb Code   806  sdio_sdcard.o(.text)
    CmdResp2Error                            0x08005f8f   Thumb Code    80  sdio_sdcard.o(.text)
    CmdResp6Error                            0x08005fdf   Thumb Code   144  sdio_sdcard.o(.text)
    SD_InitializeCards                       0x0800606f   Thumb Code   354  sdio_sdcard.o(.text)
    CmdResp3Error                            0x080061d1   Thumb Code    52  sdio_sdcard.o(.text)
    CmdResp7Error                            0x08006205   Thumb Code    72  sdio_sdcard.o(.text)
    CmdError                                 0x0800624d   Thumb Code    48  sdio_sdcard.o(.text)
    SD_PowerON                               0x0800627d   Thumb Code   460  sdio_sdcard.o(.text)
    SD_Init                                  0x08006449   Thumb Code   334  sdio_sdcard.o(.text)
    SD_PowerOFF                              0x08006597   Thumb Code    12  sdio_sdcard.o(.text)
    SD_DMA_Config                            0x080065a3   Thumb Code   118  sdio_sdcard.o(.text)
    convert_from_bytes_to_power_of_two       0x08006619   Thumb Code    18  sdio_sdcard.o(.text)
    SD_ReadBlock                             0x0800662b   Thumb Code   578  sdio_sdcard.o(.text)
    SD_ReadMultiBlocks                       0x0800686d   Thumb Code   762  sdio_sdcard.o(.text)
    IsCardProgramming                        0x08006b67   Thumb Code   150  sdio_sdcard.o(.text)
    SD_WriteBlock                            0x08006bfd   Thumb Code   914  sdio_sdcard.o(.text)
    SD_WriteMultiBlocks                      0x08006f8f   Thumb Code   976  sdio_sdcard.o(.text)
    SD_ProcessIRQSrc                         0x0800735f   Thumb Code   322  sdio_sdcard.o(.text)
    SDIO_IRQHandler                          0x080074a1   Thumb Code     8  sdio_sdcard.o(.text)
    SD_SendStatus                            0x080074a9   Thumb Code    74  sdio_sdcard.o(.text)
    SD_GetState                              0x080074f3   Thumb Code    26  sdio_sdcard.o(.text)
    SD_ReadDisk                              0x0800750d   Thumb Code   188  sdio_sdcard.o(.text)
    SD_WriteDisk                             0x080075c9   Thumb Code   148  sdio_sdcard.o(.text)
    IIC_Init                                 0x08007661   Thumb Code    62  myiic.o(.text)
    IIC_Start                                0x0800769f   Thumb Code    68  myiic.o(.text)
    IIC_Stop                                 0x080076e3   Thumb Code    62  myiic.o(.text)
    IIC_Wait_Ack                             0x08007721   Thumb Code    82  myiic.o(.text)
    IIC_Ack                                  0x08007773   Thumb Code    66  myiic.o(.text)
    IIC_NAck                                 0x080077b5   Thumb Code    66  myiic.o(.text)
    IIC_Send_Byte                            0x080077f7   Thumb Code    90  myiic.o(.text)
    IIC_Read_Byte                            0x08007851   Thumb Code    94  myiic.o(.text)
    I2S2_Init                                0x080078bd   Thumb Code    94  i2s.o(.text)
    I2S2_SampleRate_Set                      0x0800791b   Thumb Code   150  i2s.o(.text)
    I2S2_TX_DMA_Init                         0x080079b1   Thumb Code   156  i2s.o(.text)
    DMA1_Stream4_IRQHandler                  0x08007a4d   Thumb Code    30  i2s.o(.text)
    I2S_Play_Start                           0x08007a6b   Thumb Code    12  i2s.o(.text)
    I2S_Play_Stop                            0x08007a77   Thumb Code    12  i2s.o(.text)
    WM8978_Write_Reg                         0x08007a9d   Thumb Code    80  wm8978.o(.text)
    WM8978_Init                              0x08007aed   Thumb Code   244  wm8978.o(.text)
    WM8978_Read_Reg                          0x08007be1   Thumb Code    10  wm8978.o(.text)
    WM8978_ADDA_Cfg                          0x08007beb   Thumb Code    64  wm8978.o(.text)
    WM8978_AUX_Gain                          0x08007c2b   Thumb Code    54  wm8978.o(.text)
    WM8978_LINEIN_Gain                       0x08007c61   Thumb Code    54  wm8978.o(.text)
    WM8978_Input_Cfg                         0x08007c97   Thumb Code   102  wm8978.o(.text)
    WM8978_Output_Cfg                        0x08007cfd   Thumb Code    42  wm8978.o(.text)
    WM8978_MIC_Gain                          0x08007d27   Thumb Code    28  wm8978.o(.text)
    WM8978_I2S_Cfg                           0x08007d43   Thumb Code    28  wm8978.o(.text)
    WM8978_HPvol_Set                         0x08007d5f   Thumb Code    46  wm8978.o(.text)
    WM8978_SPKvol_Set                        0x08007d8d   Thumb Code    34  wm8978.o(.text)
    WM8978_3D_Set                            0x08007daf   Thumb Code    18  wm8978.o(.text)
    WM8978_EQ_3D_Dir                         0x08007dc1   Thumb Code    34  wm8978.o(.text)
    WM8978_EQ1_Set                           0x08007de3   Thumb Code    50  wm8978.o(.text)
    WM8978_EQ2_Set                           0x08007e15   Thumb Code    40  wm8978.o(.text)
    WM8978_EQ3_Set                           0x08007e3d   Thumb Code    40  wm8978.o(.text)
    WM8978_EQ4_Set                           0x08007e65   Thumb Code    40  wm8978.o(.text)
    WM8978_EQ5_Set                           0x08007e8d   Thumb Code    40  wm8978.o(.text)
    delay_init                               0x08007ec1   Thumb Code    52  delay.o(.text)
    delay_us                                 0x08007ef5   Thumb Code    72  delay.o(.text)
    delay_xms                                0x08007f3d   Thumb Code    72  delay.o(.text)
    delay_ms                                 0x08007f85   Thumb Code    56  delay.o(.text)
    _sys_exit                                0x08007fc5   Thumb Code     6  usart.o(.text)
    fputc                                    0x08007fcb   Thumb Code    22  usart.o(.text)
    uart_init                                0x08007fe1   Thumb Code   164  usart.o(.text)
    USART1_IRQHandler                        0x08008085   Thumb Code   122  usart.o(.text)
    Reset_Handler                            0x08008111   Thumb Code     8  startup_stm32f40_41xxx.o(.text)
    ADC_IRQHandler                           0x0800812b   Thumb Code     0  startup_stm32f40_41xxx.o(.text)
    CAN1_RX0_IRQHandler                      0x0800812b   Thumb Code     0  startup_stm32f40_41xxx.o(.text)
    CAN1_RX1_IRQHandler                      0x0800812b   Thumb Code     0  startup_stm32f40_41xxx.o(.text)
    CAN1_SCE_IRQHandler                      0x0800812b   Thumb Code     0  startup_stm32f40_41xxx.o(.text)
    CAN1_TX_IRQHandler                       0x0800812b   Thumb Code     0  startup_stm32f40_41xxx.o(.text)
    CAN2_RX0_IRQHandler                      0x0800812b   Thumb Code     0  startup_stm32f40_41xxx.o(.text)
    CAN2_RX1_IRQHandler                      0x0800812b   Thumb Code     0  startup_stm32f40_41xxx.o(.text)
    CAN2_SCE_IRQHandler                      0x0800812b   Thumb Code     0  startup_stm32f40_41xxx.o(.text)
    CAN2_TX_IRQHandler                       0x0800812b   Thumb Code     0  startup_stm32f40_41xxx.o(.text)
    CRYP_IRQHandler                          0x0800812b   Thumb Code     0  startup_stm32f40_41xxx.o(.text)
    DCMI_IRQHandler                          0x0800812b   Thumb Code     0  startup_stm32f40_41xxx.o(.text)
    DMA1_Stream0_IRQHandler                  0x0800812b   Thumb Code     0  startup_stm32f40_41xxx.o(.text)
    DMA1_Stream1_IRQHandler                  0x0800812b   Thumb Code     0  startup_stm32f40_41xxx.o(.text)
    DMA1_Stream2_IRQHandler                  0x0800812b   Thumb Code     0  startup_stm32f40_41xxx.o(.text)
    DMA1_Stream3_IRQHandler                  0x0800812b   Thumb Code     0  startup_stm32f40_41xxx.o(.text)
    DMA1_Stream5_IRQHandler                  0x0800812b   Thumb Code     0  startup_stm32f40_41xxx.o(.text)
    DMA1_Stream6_IRQHandler                  0x0800812b   Thumb Code     0  startup_stm32f40_41xxx.o(.text)
    DMA1_Stream7_IRQHandler                  0x0800812b   Thumb Code     0  startup_stm32f40_41xxx.o(.text)
    DMA2_Stream0_IRQHandler                  0x0800812b   Thumb Code     0  startup_stm32f40_41xxx.o(.text)
    DMA2_Stream1_IRQHandler                  0x0800812b   Thumb Code     0  startup_stm32f40_41xxx.o(.text)
    DMA2_Stream2_IRQHandler                  0x0800812b   Thumb Code     0  startup_stm32f40_41xxx.o(.text)
    DMA2_Stream3_IRQHandler                  0x0800812b   Thumb Code     0  startup_stm32f40_41xxx.o(.text)
    DMA2_Stream4_IRQHandler                  0x0800812b   Thumb Code     0  startup_stm32f40_41xxx.o(.text)
    DMA2_Stream5_IRQHandler                  0x0800812b   Thumb Code     0  startup_stm32f40_41xxx.o(.text)
    DMA2_Stream6_IRQHandler                  0x0800812b   Thumb Code     0  startup_stm32f40_41xxx.o(.text)
    DMA2_Stream7_IRQHandler                  0x0800812b   Thumb Code     0  startup_stm32f40_41xxx.o(.text)
    ETH_IRQHandler                           0x0800812b   Thumb Code     0  startup_stm32f40_41xxx.o(.text)
    ETH_WKUP_IRQHandler                      0x0800812b   Thumb Code     0  startup_stm32f40_41xxx.o(.text)
    EXTI0_IRQHandler                         0x0800812b   Thumb Code     0  startup_stm32f40_41xxx.o(.text)
    EXTI15_10_IRQHandler                     0x0800812b   Thumb Code     0  startup_stm32f40_41xxx.o(.text)
    EXTI1_IRQHandler                         0x0800812b   Thumb Code     0  startup_stm32f40_41xxx.o(.text)
    EXTI2_IRQHandler                         0x0800812b   Thumb Code     0  startup_stm32f40_41xxx.o(.text)
    EXTI3_IRQHandler                         0x0800812b   Thumb Code     0  startup_stm32f40_41xxx.o(.text)
    EXTI4_IRQHandler                         0x0800812b   Thumb Code     0  startup_stm32f40_41xxx.o(.text)
    EXTI9_5_IRQHandler                       0x0800812b   Thumb Code     0  startup_stm32f40_41xxx.o(.text)
    FLASH_IRQHandler                         0x0800812b   Thumb Code     0  startup_stm32f40_41xxx.o(.text)
    FPU_IRQHandler                           0x0800812b   Thumb Code     0  startup_stm32f40_41xxx.o(.text)
    FSMC_IRQHandler                          0x0800812b   Thumb Code     0  startup_stm32f40_41xxx.o(.text)
    HASH_RNG_IRQHandler                      0x0800812b   Thumb Code     0  startup_stm32f40_41xxx.o(.text)
    I2C1_ER_IRQHandler                       0x0800812b   Thumb Code     0  startup_stm32f40_41xxx.o(.text)
    I2C1_EV_IRQHandler                       0x0800812b   Thumb Code     0  startup_stm32f40_41xxx.o(.text)
    I2C2_ER_IRQHandler                       0x0800812b   Thumb Code     0  startup_stm32f40_41xxx.o(.text)
    I2C2_EV_IRQHandler                       0x0800812b   Thumb Code     0  startup_stm32f40_41xxx.o(.text)
    I2C3_ER_IRQHandler                       0x0800812b   Thumb Code     0  startup_stm32f40_41xxx.o(.text)
    I2C3_EV_IRQHandler                       0x0800812b   Thumb Code     0  startup_stm32f40_41xxx.o(.text)
    OTG_FS_IRQHandler                        0x0800812b   Thumb Code     0  startup_stm32f40_41xxx.o(.text)
    OTG_FS_WKUP_IRQHandler                   0x0800812b   Thumb Code     0  startup_stm32f40_41xxx.o(.text)
    OTG_HS_EP1_IN_IRQHandler                 0x0800812b   Thumb Code     0  startup_stm32f40_41xxx.o(.text)
    OTG_HS_EP1_OUT_IRQHandler                0x0800812b   Thumb Code     0  startup_stm32f40_41xxx.o(.text)
    OTG_HS_IRQHandler                        0x0800812b   Thumb Code     0  startup_stm32f40_41xxx.o(.text)
    OTG_HS_WKUP_IRQHandler                   0x0800812b   Thumb Code     0  startup_stm32f40_41xxx.o(.text)
    PVD_IRQHandler                           0x0800812b   Thumb Code     0  startup_stm32f40_41xxx.o(.text)
    RCC_IRQHandler                           0x0800812b   Thumb Code     0  startup_stm32f40_41xxx.o(.text)
    RTC_Alarm_IRQHandler                     0x0800812b   Thumb Code     0  startup_stm32f40_41xxx.o(.text)
    RTC_WKUP_IRQHandler                      0x0800812b   Thumb Code     0  startup_stm32f40_41xxx.o(.text)
    SPI1_IRQHandler                          0x0800812b   Thumb Code     0  startup_stm32f40_41xxx.o(.text)
    SPI2_IRQHandler                          0x0800812b   Thumb Code     0  startup_stm32f40_41xxx.o(.text)
    SPI3_IRQHandler                          0x0800812b   Thumb Code     0  startup_stm32f40_41xxx.o(.text)
    TAMP_STAMP_IRQHandler                    0x0800812b   Thumb Code     0  startup_stm32f40_41xxx.o(.text)
    TIM1_BRK_TIM9_IRQHandler                 0x0800812b   Thumb Code     0  startup_stm32f40_41xxx.o(.text)
    TIM1_CC_IRQHandler                       0x0800812b   Thumb Code     0  startup_stm32f40_41xxx.o(.text)
    TIM1_TRG_COM_TIM11_IRQHandler            0x0800812b   Thumb Code     0  startup_stm32f40_41xxx.o(.text)
    TIM1_UP_TIM10_IRQHandler                 0x0800812b   Thumb Code     0  startup_stm32f40_41xxx.o(.text)
    TIM2_IRQHandler                          0x0800812b   Thumb Code     0  startup_stm32f40_41xxx.o(.text)
    TIM3_IRQHandler                          0x0800812b   Thumb Code     0  startup_stm32f40_41xxx.o(.text)
    TIM5_IRQHandler                          0x0800812b   Thumb Code     0  startup_stm32f40_41xxx.o(.text)
    TIM6_DAC_IRQHandler                      0x0800812b   Thumb Code     0  startup_stm32f40_41xxx.o(.text)
    TIM7_IRQHandler                          0x0800812b   Thumb Code     0  startup_stm32f40_41xxx.o(.text)
    TIM8_BRK_TIM12_IRQHandler                0x0800812b   Thumb Code     0  startup_stm32f40_41xxx.o(.text)
    TIM8_CC_IRQHandler                       0x0800812b   Thumb Code     0  startup_stm32f40_41xxx.o(.text)
    TIM8_TRG_COM_TIM14_IRQHandler            0x0800812b   Thumb Code     0  startup_stm32f40_41xxx.o(.text)
    TIM8_UP_TIM13_IRQHandler                 0x0800812b   Thumb Code     0  startup_stm32f40_41xxx.o(.text)
    UART4_IRQHandler                         0x0800812b   Thumb Code     0  startup_stm32f40_41xxx.o(.text)
    UART5_IRQHandler                         0x0800812b   Thumb Code     0  startup_stm32f40_41xxx.o(.text)
    USART2_IRQHandler                        0x0800812b   Thumb Code     0  startup_stm32f40_41xxx.o(.text)
    USART3_IRQHandler                        0x0800812b   Thumb Code     0  startup_stm32f40_41xxx.o(.text)
    USART6_IRQHandler                        0x0800812b   Thumb Code     0  startup_stm32f40_41xxx.o(.text)
    WWDG_IRQHandler                          0x0800812b   Thumb Code     0  startup_stm32f40_41xxx.o(.text)
    __user_initial_stackheap                 0x0800812d   Thumb Code     0  startup_stm32f40_41xxx.o(.text)
    NVIC_PriorityGroupConfig                 0x08008151   Thumb Code    10  misc.o(.text)
    NVIC_Init                                0x0800815b   Thumb Code   106  misc.o(.text)
    NVIC_SetVectorTable                      0x080081c5   Thumb Code    14  misc.o(.text)
    NVIC_SystemLPConfig                      0x080081d3   Thumb Code    34  misc.o(.text)
    SysTick_CLKSourceConfig                  0x080081f5   Thumb Code    40  misc.o(.text)
    GPIO_DeInit                              0x08008231   Thumb Code   268  stm32f4xx_gpio.o(.text)
    GPIO_Init                                0x0800833d   Thumb Code   144  stm32f4xx_gpio.o(.text)
    GPIO_StructInit                          0x080083cd   Thumb Code    18  stm32f4xx_gpio.o(.text)
    GPIO_PinLockConfig                       0x080083df   Thumb Code    34  stm32f4xx_gpio.o(.text)
    GPIO_ReadInputDataBit                    0x08008401   Thumb Code    18  stm32f4xx_gpio.o(.text)
    GPIO_ReadInputData                       0x08008413   Thumb Code     8  stm32f4xx_gpio.o(.text)
    GPIO_ReadOutputDataBit                   0x0800841b   Thumb Code    18  stm32f4xx_gpio.o(.text)
    GPIO_ReadOutputData                      0x0800842d   Thumb Code     8  stm32f4xx_gpio.o(.text)
    GPIO_SetBits                             0x08008435   Thumb Code     4  stm32f4xx_gpio.o(.text)
    GPIO_ResetBits                           0x08008439   Thumb Code     4  stm32f4xx_gpio.o(.text)
    GPIO_WriteBit                            0x0800843d   Thumb Code    10  stm32f4xx_gpio.o(.text)
    GPIO_Write                               0x08008447   Thumb Code     4  stm32f4xx_gpio.o(.text)
    GPIO_ToggleBits                          0x0800844b   Thumb Code     8  stm32f4xx_gpio.o(.text)
    GPIO_PinAFConfig                         0x08008453   Thumb Code    70  stm32f4xx_gpio.o(.text)
    FSMC_NORSRAMDeInit                       0x080084c5   Thumb Code    54  stm32f4xx_fsmc.o(.text)
    FSMC_NORSRAMInit                         0x080084fb   Thumb Code   230  stm32f4xx_fsmc.o(.text)
    FSMC_NORSRAMStructInit                   0x080085e1   Thumb Code    48  stm32f4xx_fsmc.o(.text)
    FSMC_NORSRAMCmd                          0x08008611   Thumb Code    46  stm32f4xx_fsmc.o(.text)
    FSMC_NANDDeInit                          0x0800863f   Thumb Code    62  stm32f4xx_fsmc.o(.text)
    FSMC_NANDInit                            0x0800867d   Thumb Code   132  stm32f4xx_fsmc.o(.text)
    FSMC_NANDStructInit                      0x08008701   Thumb Code    54  stm32f4xx_fsmc.o(.text)
    FSMC_NANDCmd                             0x08008737   Thumb Code    86  stm32f4xx_fsmc.o(.text)
    FSMC_NANDECCCmd                          0x0800878d   Thumb Code    86  stm32f4xx_fsmc.o(.text)
    FSMC_GetECC                              0x080087e3   Thumb Code    24  stm32f4xx_fsmc.o(.text)
    FSMC_PCCARDDeInit                        0x080087fb   Thumb Code    36  stm32f4xx_fsmc.o(.text)
    FSMC_PCCARDInit                          0x0800881f   Thumb Code   130  stm32f4xx_fsmc.o(.text)
    FSMC_PCCARDStructInit                    0x080088a1   Thumb Code    60  stm32f4xx_fsmc.o(.text)
    FSMC_PCCARDCmd                           0x080088dd   Thumb Code    44  stm32f4xx_fsmc.o(.text)
    FSMC_ITConfig                            0x08008909   Thumb Code   128  stm32f4xx_fsmc.o(.text)
    FSMC_GetFlagStatus                       0x08008989   Thumb Code    54  stm32f4xx_fsmc.o(.text)
    FSMC_ClearFlag                           0x080089bf   Thumb Code    74  stm32f4xx_fsmc.o(.text)
    FSMC_GetITStatus                         0x08008a09   Thumb Code    62  stm32f4xx_fsmc.o(.text)
    FSMC_ClearITPendingBit                   0x08008a47   Thumb Code    66  stm32f4xx_fsmc.o(.text)
    RCC_DeInit                               0x08008a8d   Thumb Code    82  stm32f4xx_rcc.o(.text)
    RCC_HSEConfig                            0x08008adf   Thumb Code    14  stm32f4xx_rcc.o(.text)
    RCC_GetFlagStatus                        0x08008aed   Thumb Code    60  stm32f4xx_rcc.o(.text)
    RCC_WaitForHSEStartUp                    0x08008b29   Thumb Code    56  stm32f4xx_rcc.o(.text)
    RCC_AdjustHSICalibrationValue            0x08008b61   Thumb Code    20  stm32f4xx_rcc.o(.text)
    RCC_HSICmd                               0x08008b75   Thumb Code     6  stm32f4xx_rcc.o(.text)
    RCC_LSEConfig                            0x08008b7b   Thumb Code    46  stm32f4xx_rcc.o(.text)
    RCC_LSICmd                               0x08008ba9   Thumb Code     6  stm32f4xx_rcc.o(.text)
    RCC_PLLConfig                            0x08008baf   Thumb Code    32  stm32f4xx_rcc.o(.text)
    RCC_PLLCmd                               0x08008bcf   Thumb Code     6  stm32f4xx_rcc.o(.text)
    RCC_PLLI2SConfig                         0x08008bd5   Thumb Code    14  stm32f4xx_rcc.o(.text)
    RCC_PLLI2SCmd                            0x08008be3   Thumb Code     6  stm32f4xx_rcc.o(.text)
    RCC_PLLSAIConfig                         0x08008be9   Thumb Code    20  stm32f4xx_rcc.o(.text)
    RCC_PLLSAICmd                            0x08008bfd   Thumb Code     6  stm32f4xx_rcc.o(.text)
    RCC_ClockSecuritySystemCmd               0x08008c03   Thumb Code     6  stm32f4xx_rcc.o(.text)
    RCC_MCO1Config                           0x08008c09   Thumb Code    28  stm32f4xx_rcc.o(.text)
    RCC_MCO2Config                           0x08008c25   Thumb Code    28  stm32f4xx_rcc.o(.text)
    RCC_SYSCLKConfig                         0x08008c41   Thumb Code    20  stm32f4xx_rcc.o(.text)
    RCC_GetSYSCLKSource                      0x08008c55   Thumb Code    12  stm32f4xx_rcc.o(.text)
    RCC_HCLKConfig                           0x08008c61   Thumb Code    20  stm32f4xx_rcc.o(.text)
    RCC_PCLK1Config                          0x08008c75   Thumb Code    20  stm32f4xx_rcc.o(.text)
    RCC_PCLK2Config                          0x08008c89   Thumb Code    22  stm32f4xx_rcc.o(.text)
    RCC_GetClocksFreq                        0x08008c9f   Thumb Code   222  stm32f4xx_rcc.o(.text)
    RCC_RTCCLKConfig                         0x08008d7d   Thumb Code    54  stm32f4xx_rcc.o(.text)
    RCC_RTCCLKCmd                            0x08008db3   Thumb Code     8  stm32f4xx_rcc.o(.text)
    RCC_BackupResetCmd                       0x08008dbb   Thumb Code     8  stm32f4xx_rcc.o(.text)
    RCC_I2SCLKConfig                         0x08008dc3   Thumb Code     6  stm32f4xx_rcc.o(.text)
    RCC_SAIPLLI2SClkDivConfig                0x08008dc9   Thumb Code    26  stm32f4xx_rcc.o(.text)
    RCC_SAIPLLSAIClkDivConfig                0x08008de3   Thumb Code    28  stm32f4xx_rcc.o(.text)
    RCC_SAIBlockACLKConfig                   0x08008dff   Thumb Code    20  stm32f4xx_rcc.o(.text)
    RCC_SAIBlockBCLKConfig                   0x08008e13   Thumb Code    20  stm32f4xx_rcc.o(.text)
    RCC_LTDCCLKDivConfig                     0x08008e27   Thumb Code    20  stm32f4xx_rcc.o(.text)
    RCC_TIMCLKPresConfig                     0x08008e3b   Thumb Code     6  stm32f4xx_rcc.o(.text)
    RCC_AHB1PeriphClockCmd                   0x08008e41   Thumb Code    34  stm32f4xx_rcc.o(.text)
    RCC_AHB2PeriphClockCmd                   0x08008e63   Thumb Code    78  stm32f4xx_rcc.o(.text)
    RCC_AHB3PeriphClockCmd                   0x08008eb1   Thumb Code    34  stm32f4xx_rcc.o(.text)
    RCC_APB1PeriphClockCmd                   0x08008ed3   Thumb Code    34  stm32f4xx_rcc.o(.text)
    RCC_APB2PeriphClockCmd                   0x08008ef5   Thumb Code    34  stm32f4xx_rcc.o(.text)
    RCC_AHB1PeriphResetCmd                   0x08008f17   Thumb Code    34  stm32f4xx_rcc.o(.text)
    RCC_AHB2PeriphResetCmd                   0x08008f39   Thumb Code    34  stm32f4xx_rcc.o(.text)
    RCC_AHB3PeriphResetCmd                   0x08008f5b   Thumb Code    34  stm32f4xx_rcc.o(.text)
    RCC_APB1PeriphResetCmd                   0x08008f7d   Thumb Code    34  stm32f4xx_rcc.o(.text)
    RCC_APB2PeriphResetCmd                   0x08008f9f   Thumb Code    34  stm32f4xx_rcc.o(.text)
    RCC_AHB1PeriphClockLPModeCmd             0x08008fc1   Thumb Code    34  stm32f4xx_rcc.o(.text)
    RCC_AHB2PeriphClockLPModeCmd             0x08008fe3   Thumb Code    34  stm32f4xx_rcc.o(.text)
    RCC_AHB3PeriphClockLPModeCmd             0x08009005   Thumb Code    34  stm32f4xx_rcc.o(.text)
    RCC_APB1PeriphClockLPModeCmd             0x08009027   Thumb Code    34  stm32f4xx_rcc.o(.text)
    RCC_APB2PeriphClockLPModeCmd             0x08009049   Thumb Code    34  stm32f4xx_rcc.o(.text)
    RCC_LSEModeConfig                        0x0800906b   Thumb Code    40  stm32f4xx_rcc.o(.text)
    RCC_ITConfig                             0x08009093   Thumb Code    34  stm32f4xx_rcc.o(.text)
    RCC_ClearFlag                            0x080090b5   Thumb Code    18  stm32f4xx_rcc.o(.text)
    RCC_GetITStatus                          0x080090c7   Thumb Code    22  stm32f4xx_rcc.o(.text)
    RCC_ClearITPendingBit                    0x080090dd   Thumb Code     8  stm32f4xx_rcc.o(.text)
    USART_DeInit                             0x080090e9   Thumb Code   206  stm32f4xx_usart.o(.text)
    USART_Init                               0x080091b7   Thumb Code   204  stm32f4xx_usart.o(.text)
    USART_StructInit                         0x08009283   Thumb Code    24  stm32f4xx_usart.o(.text)
    USART_ClockInit                          0x0800929b   Thumb Code    32  stm32f4xx_usart.o(.text)
    USART_ClockStructInit                    0x080092bb   Thumb Code    12  stm32f4xx_usart.o(.text)
    USART_Cmd                                0x080092c7   Thumb Code    24  stm32f4xx_usart.o(.text)
    USART_SetPrescaler                       0x080092df   Thumb Code    16  stm32f4xx_usart.o(.text)
    USART_OverSampling8Cmd                   0x080092ef   Thumb Code    22  stm32f4xx_usart.o(.text)
    USART_OneBitMethodCmd                    0x08009305   Thumb Code    24  stm32f4xx_usart.o(.text)
    USART_SendData                           0x0800931d   Thumb Code     8  stm32f4xx_usart.o(.text)
    USART_ReceiveData                        0x08009325   Thumb Code    10  stm32f4xx_usart.o(.text)
    USART_SetAddress                         0x0800932f   Thumb Code    18  stm32f4xx_usart.o(.text)
    USART_ReceiverWakeUpCmd                  0x08009341   Thumb Code    24  stm32f4xx_usart.o(.text)
    USART_WakeUpConfig                       0x08009359   Thumb Code    18  stm32f4xx_usart.o(.text)
    USART_LINBreakDetectLengthConfig         0x0800936b   Thumb Code    18  stm32f4xx_usart.o(.text)
    USART_LINCmd                             0x0800937d   Thumb Code    24  stm32f4xx_usart.o(.text)
    USART_SendBreak                          0x08009395   Thumb Code    10  stm32f4xx_usart.o(.text)
    USART_HalfDuplexCmd                      0x0800939f   Thumb Code    24  stm32f4xx_usart.o(.text)
    USART_SetGuardTime                       0x080093b7   Thumb Code    16  stm32f4xx_usart.o(.text)
    USART_SmartCardCmd                       0x080093c7   Thumb Code    24  stm32f4xx_usart.o(.text)
    USART_SmartCardNACKCmd                   0x080093df   Thumb Code    24  stm32f4xx_usart.o(.text)
    USART_IrDAConfig                         0x080093f7   Thumb Code    18  stm32f4xx_usart.o(.text)
    USART_IrDACmd                            0x08009409   Thumb Code    24  stm32f4xx_usart.o(.text)
    USART_DMACmd                             0x08009421   Thumb Code    18  stm32f4xx_usart.o(.text)
    USART_ITConfig                           0x08009433   Thumb Code    74  stm32f4xx_usart.o(.text)
    USART_GetFlagStatus                      0x0800947d   Thumb Code    26  stm32f4xx_usart.o(.text)
    USART_ClearFlag                          0x08009497   Thumb Code    18  stm32f4xx_usart.o(.text)
    USART_GetITStatus                        0x080094a9   Thumb Code   118  stm32f4xx_usart.o(.text)
    USART_ClearITPendingBit                  0x0800951f   Thumb Code    30  stm32f4xx_usart.o(.text)
    TIM_DeInit                               0x0800953d   Thumb Code   346  stm32f4xx_tim.o(.text)
    TIM_TimeBaseInit                         0x08009697   Thumb Code   104  stm32f4xx_tim.o(.text)
    TIM_TimeBaseStructInit                   0x080096ff   Thumb Code    18  stm32f4xx_tim.o(.text)
    TIM_PrescalerConfig                      0x08009711   Thumb Code     6  stm32f4xx_tim.o(.text)
    TIM_CounterModeConfig                    0x08009717   Thumb Code    18  stm32f4xx_tim.o(.text)
    TIM_SetCounter                           0x08009729   Thumb Code     4  stm32f4xx_tim.o(.text)
    TIM_SetAutoreload                        0x0800972d   Thumb Code     4  stm32f4xx_tim.o(.text)
    TIM_GetCounter                           0x08009731   Thumb Code     6  stm32f4xx_tim.o(.text)
    TIM_GetPrescaler                         0x08009737   Thumb Code     6  stm32f4xx_tim.o(.text)
    TIM_UpdateDisableConfig                  0x0800973d   Thumb Code    24  stm32f4xx_tim.o(.text)
    TIM_UpdateRequestConfig                  0x08009755   Thumb Code    24  stm32f4xx_tim.o(.text)
    TIM_ARRPreloadConfig                     0x0800976d   Thumb Code    24  stm32f4xx_tim.o(.text)
    TIM_SelectOnePulseMode                   0x08009785   Thumb Code    18  stm32f4xx_tim.o(.text)
    TIM_SetClockDivision                     0x08009797   Thumb Code    18  stm32f4xx_tim.o(.text)
    TIM_Cmd                                  0x080097a9   Thumb Code    24  stm32f4xx_tim.o(.text)
    TIM_OC1Init                              0x080097c1   Thumb Code   114  stm32f4xx_tim.o(.text)
    TIM_OC2Init                              0x08009833   Thumb Code   154  stm32f4xx_tim.o(.text)
    TIM_OC3Init                              0x080098cd   Thumb Code   204  stm32f4xx_tim.o(.text)
    TIM_OC4Init                              0x08009999   Thumb Code   112  stm32f4xx_tim.o(.text)
    TIM_OCStructInit                         0x08009a09   Thumb Code    20  stm32f4xx_tim.o(.text)
    TIM_SelectOCxM                           0x08009a1d   Thumb Code    86  stm32f4xx_tim.o(.text)
    TIM_SetCompare1                          0x08009a73   Thumb Code     4  stm32f4xx_tim.o(.text)
    TIM_SetCompare2                          0x08009a77   Thumb Code     4  stm32f4xx_tim.o(.text)
    TIM_SetCompare3                          0x08009a7b   Thumb Code     4  stm32f4xx_tim.o(.text)
    TIM_SetCompare4                          0x08009a7f   Thumb Code     4  stm32f4xx_tim.o(.text)
    TIM_ForcedOC1Config                      0x08009a83   Thumb Code    18  stm32f4xx_tim.o(.text)
    TIM_ForcedOC2Config                      0x08009a95   Thumb Code    26  stm32f4xx_tim.o(.text)
    TIM_ForcedOC3Config                      0x08009aaf   Thumb Code    18  stm32f4xx_tim.o(.text)
    TIM_ForcedOC4Config                      0x08009ac1   Thumb Code    26  stm32f4xx_tim.o(.text)
    TIM_OC1PreloadConfig                     0x08009adb   Thumb Code    18  stm32f4xx_tim.o(.text)
    TIM_OC2PreloadConfig                     0x08009aed   Thumb Code    26  stm32f4xx_tim.o(.text)
    TIM_OC3PreloadConfig                     0x08009b07   Thumb Code    18  stm32f4xx_tim.o(.text)
    TIM_OC4PreloadConfig                     0x08009b19   Thumb Code    26  stm32f4xx_tim.o(.text)
    TIM_OC1FastConfig                        0x08009b33   Thumb Code    18  stm32f4xx_tim.o(.text)
    TIM_OC2FastConfig                        0x08009b45   Thumb Code    26  stm32f4xx_tim.o(.text)
    TIM_OC3FastConfig                        0x08009b5f   Thumb Code    18  stm32f4xx_tim.o(.text)
    TIM_OC4FastConfig                        0x08009b71   Thumb Code    26  stm32f4xx_tim.o(.text)
    TIM_ClearOC1Ref                          0x08009b8b   Thumb Code    18  stm32f4xx_tim.o(.text)
    TIM_ClearOC2Ref                          0x08009b9d   Thumb Code    24  stm32f4xx_tim.o(.text)
    TIM_ClearOC3Ref                          0x08009bb5   Thumb Code    18  stm32f4xx_tim.o(.text)
    TIM_ClearOC4Ref                          0x08009bc7   Thumb Code    24  stm32f4xx_tim.o(.text)
    TIM_OC1PolarityConfig                    0x08009bdf   Thumb Code    18  stm32f4xx_tim.o(.text)
    TIM_OC1NPolarityConfig                   0x08009bf1   Thumb Code    18  stm32f4xx_tim.o(.text)
    TIM_OC2PolarityConfig                    0x08009c03   Thumb Code    26  stm32f4xx_tim.o(.text)
    TIM_OC2NPolarityConfig                   0x08009c1d   Thumb Code    26  stm32f4xx_tim.o(.text)
    TIM_OC3PolarityConfig                    0x08009c37   Thumb Code    26  stm32f4xx_tim.o(.text)
    TIM_OC3NPolarityConfig                   0x08009c51   Thumb Code    26  stm32f4xx_tim.o(.text)
    TIM_OC4PolarityConfig                    0x08009c6b   Thumb Code    26  stm32f4xx_tim.o(.text)
    TIM_CCxCmd                               0x08009c85   Thumb Code    30  stm32f4xx_tim.o(.text)
    TIM_CCxNCmd                              0x08009ca3   Thumb Code    30  stm32f4xx_tim.o(.text)
    TIM_SetIC4Prescaler                      0x08009cc1   Thumb Code    26  stm32f4xx_tim.o(.text)
    TIM_SetIC3Prescaler                      0x08009d2b   Thumb Code    18  stm32f4xx_tim.o(.text)
    TIM_SetIC2Prescaler                      0x08009d85   Thumb Code    26  stm32f4xx_tim.o(.text)
    TIM_SetIC1Prescaler                      0x08009df9   Thumb Code    18  stm32f4xx_tim.o(.text)
    TIM_ICInit                               0x08009e45   Thumb Code   110  stm32f4xx_tim.o(.text)
    TIM_ICStructInit                         0x08009eb3   Thumb Code    18  stm32f4xx_tim.o(.text)
    TIM_PWMIConfig                           0x08009ec5   Thumb Code   124  stm32f4xx_tim.o(.text)
    TIM_GetCapture1                          0x08009f41   Thumb Code     6  stm32f4xx_tim.o(.text)
    TIM_GetCapture2                          0x08009f47   Thumb Code     6  stm32f4xx_tim.o(.text)
    TIM_GetCapture3                          0x08009f4d   Thumb Code     6  stm32f4xx_tim.o(.text)
    TIM_GetCapture4                          0x08009f53   Thumb Code     6  stm32f4xx_tim.o(.text)
    TIM_BDTRConfig                           0x08009f59   Thumb Code    32  stm32f4xx_tim.o(.text)
    TIM_BDTRStructInit                       0x08009f79   Thumb Code    18  stm32f4xx_tim.o(.text)
    TIM_CtrlPWMOutputs                       0x08009f8b   Thumb Code    30  stm32f4xx_tim.o(.text)
    TIM_SelectCOM                            0x08009fa9   Thumb Code    24  stm32f4xx_tim.o(.text)
    TIM_CCPreloadControl                     0x08009fc1   Thumb Code    24  stm32f4xx_tim.o(.text)
    TIM_ITConfig                             0x08009fd9   Thumb Code    18  stm32f4xx_tim.o(.text)
    TIM_GenerateEvent                        0x08009feb   Thumb Code     4  stm32f4xx_tim.o(.text)
    TIM_GetFlagStatus                        0x08009fef   Thumb Code    18  stm32f4xx_tim.o(.text)
    TIM_ClearFlag                            0x0800a001   Thumb Code     6  stm32f4xx_tim.o(.text)
    TIM_GetITStatus                          0x0800a007   Thumb Code    34  stm32f4xx_tim.o(.text)
    TIM_ClearITPendingBit                    0x0800a029   Thumb Code     6  stm32f4xx_tim.o(.text)
    TIM_DMAConfig                            0x0800a02f   Thumb Code    10  stm32f4xx_tim.o(.text)
    TIM_DMACmd                               0x0800a039   Thumb Code    18  stm32f4xx_tim.o(.text)
    TIM_SelectCCDMA                          0x0800a04b   Thumb Code    24  stm32f4xx_tim.o(.text)
    TIM_InternalClockConfig                  0x0800a063   Thumb Code    12  stm32f4xx_tim.o(.text)
    TIM_SelectInputTrigger                   0x0800a06f   Thumb Code    18  stm32f4xx_tim.o(.text)
    TIM_ITRxExternalClockConfig              0x0800a081   Thumb Code    24  stm32f4xx_tim.o(.text)
    TIM_TIxExternalClockConfig               0x0800a099   Thumb Code    62  stm32f4xx_tim.o(.text)
    TIM_ETRConfig                            0x0800a0d7   Thumb Code    28  stm32f4xx_tim.o(.text)
    TIM_ETRClockMode1Config                  0x0800a0f3   Thumb Code    54  stm32f4xx_tim.o(.text)
    TIM_ETRClockMode2Config                  0x0800a129   Thumb Code    32  stm32f4xx_tim.o(.text)
    TIM_SelectOutputTrigger                  0x0800a149   Thumb Code    18  stm32f4xx_tim.o(.text)
    TIM_SelectSlaveMode                      0x0800a15b   Thumb Code    18  stm32f4xx_tim.o(.text)
    TIM_SelectMasterSlaveMode                0x0800a16d   Thumb Code    18  stm32f4xx_tim.o(.text)
    TIM_EncoderInterfaceConfig               0x0800a17f   Thumb Code    66  stm32f4xx_tim.o(.text)
    TIM_SelectHallSensor                     0x0800a1c1   Thumb Code    24  stm32f4xx_tim.o(.text)
    TIM_RemapConfig                          0x0800a1d9   Thumb Code     6  stm32f4xx_tim.o(.text)
    SPI_I2S_DeInit                           0x0800a1e1   Thumb Code   152  stm32f4xx_spi.o(.text)
    SPI_Init                                 0x0800a279   Thumb Code    60  stm32f4xx_spi.o(.text)
    I2S_Init                                 0x0800a2b5   Thumb Code   396  stm32f4xx_spi.o(.text)
    SPI_StructInit                           0x0800a441   Thumb Code    24  stm32f4xx_spi.o(.text)
    I2S_StructInit                           0x0800a459   Thumb Code    20  stm32f4xx_spi.o(.text)
    SPI_Cmd                                  0x0800a46d   Thumb Code    24  stm32f4xx_spi.o(.text)
    I2S_Cmd                                  0x0800a485   Thumb Code    24  stm32f4xx_spi.o(.text)
    SPI_DataSizeConfig                       0x0800a49d   Thumb Code    18  stm32f4xx_spi.o(.text)
    SPI_BiDirectionalLineConfig              0x0800a4af   Thumb Code    28  stm32f4xx_spi.o(.text)
    SPI_NSSInternalSoftwareConfig            0x0800a4cb   Thumb Code    30  stm32f4xx_spi.o(.text)
    SPI_SSOutputCmd                          0x0800a4e9   Thumb Code    24  stm32f4xx_spi.o(.text)
    SPI_TIModeCmd                            0x0800a501   Thumb Code    24  stm32f4xx_spi.o(.text)
    I2S_FullDuplexConfig                     0x0800a519   Thumb Code    80  stm32f4xx_spi.o(.text)
    SPI_I2S_ReceiveData                      0x0800a569   Thumb Code     6  stm32f4xx_spi.o(.text)
    SPI_I2S_SendData                         0x0800a56f   Thumb Code     4  stm32f4xx_spi.o(.text)
    SPI_CalculateCRC                         0x0800a573   Thumb Code    24  stm32f4xx_spi.o(.text)
    SPI_TransmitCRC                          0x0800a58b   Thumb Code    10  stm32f4xx_spi.o(.text)
    SPI_GetCRC                               0x0800a595   Thumb Code    16  stm32f4xx_spi.o(.text)
    SPI_GetCRCPolynomial                     0x0800a5a5   Thumb Code     6  stm32f4xx_spi.o(.text)
    SPI_I2S_DMACmd                           0x0800a5ab   Thumb Code    18  stm32f4xx_spi.o(.text)
    SPI_I2S_ITConfig                         0x0800a5bd   Thumb Code    68  stm32f4xx_spi.o(.text)
    SPI_I2S_GetFlagStatus                    0x0800a601   Thumb Code    18  stm32f4xx_spi.o(.text)
    SPI_I2S_ClearFlag                        0x0800a613   Thumb Code     6  stm32f4xx_spi.o(.text)
    SPI_I2S_GetITStatus                      0x0800a619   Thumb Code    52  stm32f4xx_spi.o(.text)
    SPI_I2S_ClearITPendingBit                0x0800a64d   Thumb Code    20  stm32f4xx_spi.o(.text)
    SDIO_DeInit                              0x0800a661   Thumb Code    22  stm32f4xx_sdio.o(.text)
    SDIO_Init                                0x0800a677   Thumb Code    42  stm32f4xx_sdio.o(.text)
    SDIO_StructInit                          0x0800a6a1   Thumb Code    16  stm32f4xx_sdio.o(.text)
    SDIO_ClockCmd                            0x0800a6b1   Thumb Code     6  stm32f4xx_sdio.o(.text)
    SDIO_SetPowerState                       0x0800a6b7   Thumb Code     8  stm32f4xx_sdio.o(.text)
    SDIO_GetPowerState                       0x0800a6bf   Thumb Code    12  stm32f4xx_sdio.o(.text)
    SDIO_SendCommand                         0x0800a6cb   Thumb Code    42  stm32f4xx_sdio.o(.text)
    SDIO_CmdStructInit                       0x0800a6f5   Thumb Code    14  stm32f4xx_sdio.o(.text)
    SDIO_GetCommandResponse                  0x0800a703   Thumb Code    10  stm32f4xx_sdio.o(.text)
    SDIO_GetResponse                         0x0800a70d   Thumb Code    22  stm32f4xx_sdio.o(.text)
    SDIO_DataConfig                          0x0800a723   Thumb Code    48  stm32f4xx_sdio.o(.text)
    SDIO_DataStructInit                      0x0800a753   Thumb Code    20  stm32f4xx_sdio.o(.text)
    SDIO_GetDataCounter                      0x0800a767   Thumb Code     8  stm32f4xx_sdio.o(.text)
    SDIO_ReadData                            0x0800a76f   Thumb Code     8  stm32f4xx_sdio.o(.text)
    SDIO_WriteData                           0x0800a777   Thumb Code     8  stm32f4xx_sdio.o(.text)
    SDIO_GetFIFOCount                        0x0800a77f   Thumb Code     8  stm32f4xx_sdio.o(.text)
    SDIO_StartSDIOReadWait                   0x0800a787   Thumb Code     6  stm32f4xx_sdio.o(.text)
    SDIO_StopSDIOReadWait                    0x0800a78d   Thumb Code     8  stm32f4xx_sdio.o(.text)
    SDIO_SetSDIOReadWaitMode                 0x0800a795   Thumb Code     8  stm32f4xx_sdio.o(.text)
    SDIO_SetSDIOOperation                    0x0800a79d   Thumb Code     8  stm32f4xx_sdio.o(.text)
    SDIO_SendSDIOSuspendCmd                  0x0800a7a5   Thumb Code     6  stm32f4xx_sdio.o(.text)
    SDIO_CommandCompletionCmd                0x0800a7ab   Thumb Code     8  stm32f4xx_sdio.o(.text)
    SDIO_CEATAITCmd                          0x0800a7b3   Thumb Code    12  stm32f4xx_sdio.o(.text)
    SDIO_SendCEATACmd                        0x0800a7bf   Thumb Code     8  stm32f4xx_sdio.o(.text)
    SDIO_DMACmd                              0x0800a7c7   Thumb Code     8  stm32f4xx_sdio.o(.text)
    SDIO_ITConfig                            0x0800a7cf   Thumb Code    34  stm32f4xx_sdio.o(.text)
    SDIO_GetFlagStatus                       0x0800a7f1   Thumb Code    22  stm32f4xx_sdio.o(.text)
    SDIO_ClearFlag                           0x0800a807   Thumb Code     8  stm32f4xx_sdio.o(.text)
    SDIO_GetITStatus                         0x0800a80f   Thumb Code    22  stm32f4xx_sdio.o(.text)
    SDIO_ClearITPendingBit                   0x0800a825   Thumb Code     8  stm32f4xx_sdio.o(.text)
    DMA_DeInit                               0x0800a83d   Thumb Code   324  stm32f4xx_dma.o(.text)
    DMA_Init                                 0x0800a981   Thumb Code    82  stm32f4xx_dma.o(.text)
    DMA_StructInit                           0x0800a9d3   Thumb Code    34  stm32f4xx_dma.o(.text)
    DMA_Cmd                                  0x0800a9f5   Thumb Code    22  stm32f4xx_dma.o(.text)
    DMA_PeriphIncOffsetSizeConfig            0x0800aa0b   Thumb Code    22  stm32f4xx_dma.o(.text)
    DMA_FlowControllerConfig                 0x0800aa21   Thumb Code    22  stm32f4xx_dma.o(.text)
    DMA_SetCurrDataCounter                   0x0800aa37   Thumb Code     4  stm32f4xx_dma.o(.text)
    DMA_GetCurrDataCounter                   0x0800aa3b   Thumb Code     8  stm32f4xx_dma.o(.text)
    DMA_DoubleBufferModeConfig               0x0800aa43   Thumb Code    24  stm32f4xx_dma.o(.text)
    DMA_DoubleBufferModeCmd                  0x0800aa5b   Thumb Code    22  stm32f4xx_dma.o(.text)
    DMA_MemoryTargetConfig                   0x0800aa71   Thumb Code    10  stm32f4xx_dma.o(.text)
    DMA_GetCurrentMemoryTarget               0x0800aa7b   Thumb Code    20  stm32f4xx_dma.o(.text)
    DMA_GetCmdStatus                         0x0800aa8f   Thumb Code    20  stm32f4xx_dma.o(.text)
    DMA_GetFIFOStatus                        0x0800aaa3   Thumb Code    12  stm32f4xx_dma.o(.text)
    DMA_GetFlagStatus                        0x0800aaaf   Thumb Code    56  stm32f4xx_dma.o(.text)
    DMA_ClearFlag                            0x0800aae7   Thumb Code    40  stm32f4xx_dma.o(.text)
    DMA_ITConfig                             0x0800ab0f   Thumb Code    58  stm32f4xx_dma.o(.text)
    DMA_GetITStatus                          0x0800ab49   Thumb Code    84  stm32f4xx_dma.o(.text)
    DMA_ClearITPendingBit                    0x0800ab9d   Thumb Code    40  stm32f4xx_dma.o(.text)
    mymemcpy                                 0x0800abe5   Thumb Code    26  malloc.o(.text)
    mymemset                                 0x0800abff   Thumb Code    20  malloc.o(.text)
    my_mem_init                              0x0800ac13   Thumb Code    54  malloc.o(.text)
    my_mem_perused                           0x0800ac49   Thumb Code    54  malloc.o(.text)
    my_mem_malloc                            0x0800ac7f   Thumb Code   154  malloc.o(.text)
    my_mem_free                              0x0800ad19   Thumb Code    94  malloc.o(.text)
    myfree                                   0x0800ad77   Thumb Code    32  malloc.o(.text)
    mymalloc                                 0x0800ad97   Thumb Code    36  malloc.o(.text)
    myrealloc                                0x0800adbb   Thumb Code    68  malloc.o(.text)
    usmart_sys_cmd_exe                       0x0800ae11   Thumb Code  1554  usmart.o(.text)
    usmart_reset_runtime                     0x0800b423   Thumb Code    38  usmart.o(.text)
    usmart_get_runtime                       0x0800b449   Thumb Code    60  usmart.o(.text)
    TIM4_IRQHandler                          0x0800b485   Thumb Code    46  usmart.o(.text)
    Timer4_Init                              0x0800b4b3   Thumb Code    86  usmart.o(.text)
    usmart_init                              0x0800b509   Thumb Code    36  usmart.o(.text)
    usmart_cmd_rec                           0x0800b52d   Thumb Code   170  usmart.o(.text)
    usmart_exe                               0x0800b5d7   Thumb Code   868  usmart.o(.text)
    usmart_scan                              0x0800b93b   Thumb Code   120  usmart.o(.text)
    read_addr                                0x0800b9b3   Thumb Code     6  usmart.o(.text)
    write_addr                               0x0800b9b9   Thumb Code     4  usmart.o(.text)
    usmart_strcmp                            0x0800ba45   Thumb Code    34  usmart_str.o(.text)
    usmart_strcopy                           0x0800ba67   Thumb Code    22  usmart_str.o(.text)
    usmart_strlen                            0x0800ba7d   Thumb Code    24  usmart_str.o(.text)
    usmart_pow                               0x0800ba95   Thumb Code    22  usmart_str.o(.text)
    usmart_str2num                           0x0800baab   Thumb Code   202  usmart_str.o(.text)
    usmart_get_cmdname                       0x0800bb75   Thumb Code    54  usmart_str.o(.text)
    usmart_search_nextc                      0x0800bbab   Thumb Code    22  usmart_str.o(.text)
    usmart_get_fname                         0x0800bbc1   Thumb Code   440  usmart_str.o(.text)
    usmart_get_aparm                         0x0800bd79   Thumb Code   200  usmart_str.o(.text)
    usmart_get_parmpos                       0x0800be41   Thumb Code    26  usmart_str.o(.text)
    usmart_get_fparam                        0x0800be5b   Thumb Code   262  usmart_str.o(.text)
    disk_initialize                          0x0800bf6d   Thumb Code    52  diskio.o(.text)
    disk_status                              0x0800bfa1   Thumb Code     6  diskio.o(.text)
    disk_read                                0x0800bfa7   Thumb Code   122  diskio.o(.text)
    disk_write                               0x0800c021   Thumb Code   122  diskio.o(.text)
    disk_ioctl                               0x0800c09b   Thumb Code   170  diskio.o(.text)
    get_fattime                              0x0800c145   Thumb Code     4  diskio.o(.text)
    ff_memalloc                              0x0800c149   Thumb Code    14  diskio.o(.text)
    ff_memfree                               0x0800c157   Thumb Code    14  diskio.o(.text)
    clust2sect                               0x0800c31b   Thumb Code    26  ff.o(.text)
    get_fat                                  0x0800c335   Thumb Code   232  ff.o(.text)
    put_fat                                  0x0800c41d   Thumb Code   310  ff.o(.text)
    dir_sdi                                  0x0800c6c7   Thumb Code   158  ff.o(.text)
    f_mount                                  0x0800d739   Thumb Code    86  ff.o(.text)
    f_open                                   0x0800d78f   Thumb Code   384  ff.o(.text)
    f_read                                   0x0800d90f   Thumb Code   448  ff.o(.text)
    f_write                                  0x0800dacf   Thumb Code   490  ff.o(.text)
    f_sync                                   0x0800dcb9   Thumb Code   176  ff.o(.text)
    f_close                                  0x0800dd69   Thumb Code    36  ff.o(.text)
    f_lseek                                  0x0800dd8d   Thumb Code   654  ff.o(.text)
    f_opendir                                0x0800e01b   Thumb Code   136  ff.o(.text)
    f_closedir                               0x0800e0a3   Thumb Code    22  ff.o(.text)
    f_readdir                                0x0800e0b9   Thumb Code   114  ff.o(.text)
    f_stat                                   0x0800e12b   Thumb Code    84  ff.o(.text)
    f_getfree                                0x0800e17f   Thumb Code   258  ff.o(.text)
    f_truncate                               0x0800e281   Thumb Code   184  ff.o(.text)
    f_unlink                                 0x0800e339   Thumb Code   194  ff.o(.text)
    f_mkdir                                  0x0800e3fb   Thumb Code   380  ff.o(.text)
    f_chmod                                  0x0800e577   Thumb Code   112  ff.o(.text)
    f_utime                                  0x0800e5e7   Thumb Code   110  ff.o(.text)
    f_rename                                 0x0800e655   Thumb Code   314  ff.o(.text)
    f_getlabel                               0x0800e78f   Thumb Code   190  ff.o(.text)
    f_setlabel                               0x0800e84d   Thumb Code   470  ff.o(.text)
    f_mkfs                                   0x0800ea23   Thumb Code  1570  ff.o(.text)
    f_gets                                   0x0800f045   Thumb Code    82  ff.o(.text)
    f_putc                                   0x0800f0db   Thumb Code    64  ff.o(.text)
    f_puts                                   0x0800f11b   Thumb Code    74  ff.o(.text)
    f_printf                                 0x0800f165   Thumb Code   674  ff.o(.text)
    exfuns_init                              0x0800f409   Thumb Code   114  exfuns.o(.text)
    char_upper                               0x0800f47b   Thumb Code    26  exfuns.o(.text)
    f_typetell                               0x0800f495   Thumb Code   172  exfuns.o(.text)
    exf_getfree                              0x0800f541   Thumb Code    74  exfuns.o(.text)
    ff_convert                               0x0800f5a1   Thumb Code   146  mycc936.o(.text)
    ff_wtoupper                              0x0800f633   Thumb Code    46  mycc936.o(.text)
    fupd_prog                                0x0800f66d   Thumb Code   148  fontupd.o(.text)
    updata_fontx                             0x0800f701   Thumb Code   346  fontupd.o(.text)
    update_font                              0x0800f85b   Thumb Code   884  fontupd.o(.text)
    font_init                                0x0800fbcf   Thumb Code    64  fontupd.o(.text)
    Get_HzMat                                0x0800fc4d   Thumb Code   220  text.o(.text)
    Show_Font                                0x0800fd29   Thumb Code   190  text.o(.text)
    Show_Str                                 0x0800fde7   Thumb Code   192  text.o(.text)
    Show_Str_Mid                             0x0800fea7   Thumb Code   106  text.o(.text)
    wav_decode_init                          0x0800ff21   Thumb Code   314  wavplay.o(.text)
    wav_buffill                              0x0801005b   Thumb Code   156  wavplay.o(.text)
    wav_i2s_dma_tx_callback                  0x080100f7   Thumb Code    96  wavplay.o(.text)
    wav_get_curtime                          0x08010157   Thumb Code    74  wavplay.o(.text)
    wav_play_song                            0x080101a1   Thumb Code   790  wavplay.o(.text)
    audio_start                              0x080104c1   Thumb Code    14  audioplay.o(.text)
    audio_stop                               0x080104cf   Thumb Code    14  audioplay.o(.text)
    audio_get_tnum                           0x080104dd   Thumb Code   116  audioplay.o(.text)
    audio_index_show                         0x08010551   Thumb Code    64  audioplay.o(.text)
    audio_msg_show                           0x08010591   Thumb Code   242  audioplay.o(.text)
    audio_play_song                          0x08010683   Thumb Code    44  audioplay.o(.text)
    audio_play                               0x080106af   Thumb Code   682  audioplay.o(.text)
    __use_no_semihosting                     0x08010959   Thumb Code     2  use_no_semi_2.o(.text)
    __aeabi_ldivmod                          0x0801095b   Thumb Code     0  llsdiv.o(.text)
    _ll_sdiv                                 0x0801095b   Thumb Code    72  llsdiv.o(.text)
    __2printf                                0x080109a5   Thumb Code    20  noretval__2printf.o(.text)
    _printf_pre_padding                      0x080109bd   Thumb Code    44  _printf_pad.o(.text)
    _printf_post_padding                     0x080109e9   Thumb Code    34  _printf_pad.o(.text)
    _printf_str                              0x08010a0b   Thumb Code    82  _printf_str.o(.text)
    _printf_int_dec                          0x08010a5d   Thumb Code   104  _printf_dec.o(.text)
    _printf_int_hex                          0x08010ad5   Thumb Code    84  _printf_hex_int.o(.text)
    _printf_longlong_hex                     0x08010ad5   Thumb Code     0  _printf_hex_int.o(.text)
    __printf                                 0x08010b2d   Thumb Code   388  __printf_flags_ss_wp.o(.text)
    strcpy                                   0x08010cb5   Thumb Code    72  strcpy.o(.text)
    strlen                                   0x08010cfd   Thumb Code    62  strlen.o(.text)
    strcat                                   0x08010d3b   Thumb Code    24  strcat.o(.text)
    __aeabi_memcpy                           0x08010d53   Thumb Code     0  rt_memcpy_v6.o(.text)
    __rt_memcpy                              0x08010d53   Thumb Code   138  rt_memcpy_v6.o(.text)
    _memcpy_lastbytes                        0x08010db9   Thumb Code     0  rt_memcpy_v6.o(.text)
    strcmp                                   0x08010ddd   Thumb Code   128  strcmpv7m.o(.text)
    __use_two_region_memory                  0x08010e5d   Thumb Code     2  heapauxi.o(.text)
    __rt_heap_escrow$2region                 0x08010e5f   Thumb Code     2  heapauxi.o(.text)
    __rt_heap_expand$2region                 0x08010e61   Thumb Code     2  heapauxi.o(.text)
    __I$use$semihosting                      0x08010e63   Thumb Code     0  use_no_semi.o(.text)
    __use_no_semihosting_swi                 0x08010e63   Thumb Code     2  use_no_semi.o(.text)
    __aeabi_uldivmod                         0x08010e65   Thumb Code     0  lludivv7m.o(.text)
    _ll_udiv                                 0x08010e65   Thumb Code   238  lludivv7m.o(.text)
    _printf_int_common                       0x08010f53   Thumb Code   178  _printf_intcommon.o(.text)
    _printf_cs_common                        0x08011005   Thumb Code    20  _printf_char.o(.text)
    _printf_char                             0x08011019   Thumb Code    16  _printf_char.o(.text)
    _printf_string                           0x08011029   Thumb Code     8  _printf_char.o(.text)
    _printf_char_file                        0x08011031   Thumb Code    32  _printf_char_file.o(.text)
    __aeabi_memcpy4                          0x08011055   Thumb Code     0  rt_memcpy_w.o(.text)
    __aeabi_memcpy8                          0x08011055   Thumb Code     0  rt_memcpy_w.o(.text)
    __rt_memcpy_w                            0x08011055   Thumb Code   100  rt_memcpy_w.o(.text)
    _memcpy_lastbytes_aligned                0x0801109d   Thumb Code     0  rt_memcpy_w.o(.text)
    _printf_char_common                      0x080110c3   Thumb Code    32  _printf_char_common.o(.text)
    ferror                                   0x080110e9   Thumb Code     8  ferror.o(.text)
    __user_setup_stackheap                   0x080110f1   Thumb Code    74  sys_stackheap_outer.o(.text)
    exit                                     0x0801113b   Thumb Code    18  exit.o(.text)
    __user_libspace                          0x0801114d   Thumb Code     8  libspace.o(.text)
    __user_perproc_libspace                  0x0801114d   Thumb Code     0  libspace.o(.text)
    __user_perthread_libspace                0x0801114d   Thumb Code     0  libspace.o(.text)
    _is_digit                                0x08011155   Thumb Code    14  __printf_wp.o(i._is_digit)
    __aeabi_d2uiz                            0x08011165   Thumb Code     0  dfixu.o(x$fpl$dfixu)
    _dfixu                                   0x08011165   Thumb Code    90  dfixu.o(x$fpl$dfixu)
    __aeabi_ui2d                             0x080111bf   Thumb Code     0  dflt_clz.o(x$fpl$dfltu)
    _dfltu                                   0x080111bf   Thumb Code    38  dflt_clz.o(x$fpl$dfltu)
    __aeabi_dmul                             0x080111e5   Thumb Code     0  dmul.o(x$fpl$dmul)
    _dmul                                    0x080111e5   Thumb Code   332  dmul.o(x$fpl$dmul)
    __fpl_dnaninf                            0x08011339   Thumb Code   156  dnaninf.o(x$fpl$dnaninf)
    __fpl_dretinf                            0x080113d5   Thumb Code    12  dretinf.o(x$fpl$dretinf)
    _fp_init                                 0x080113e1   Thumb Code    10  fpinit.o(x$fpl$fpinit)
    __fplib_config_fpu_vfp                   0x080113e9   Thumb Code     0  fpinit.o(x$fpl$fpinit)
    __fplib_config_pureend_doubles           0x080113e9   Thumb Code     0  fpinit.o(x$fpl$fpinit)
    __I$use$fp                               0x080113ea   Number         0  usenofp.o(x$fpl$usenofp)
    asc2_1206                                0x080113ea   Data        1140  lcd.o(.constdata)
    asc2_1608                                0x0801185e   Data        1520  lcd.o(.constdata)
    asc2_2412                                0x08011e4e   Data        3420  lcd.o(.constdata)
    I2S_PSC_TBL                              0x08012baa   Data         110  i2s.o(.constdata)
    FSMC_DefaultTimingStruct                 0x08012c18   Data          28  stm32f4xx_fsmc.o(.constdata)
    memtblsize                               0x08012c34   Data          12  malloc.o(.constdata)
    memblksize                               0x08012c40   Data          12  malloc.o(.constdata)
    memsize                                  0x08012c4c   Data          12  malloc.o(.constdata)
    FILE_TYPE_TBL                            0x08012c94   Data         112  exfuns.o(.constdata)
    GBK24_PATH                               0x080130c4   Data           4  fontupd.o(.constdata)
    GBK16_PATH                               0x080130c8   Data           4  fontupd.o(.constdata)
    GBK12_PATH                               0x080130cc   Data           4  fontupd.o(.constdata)
    UNIGBK_PATH                              0x080130d0   Data           4  fontupd.o(.constdata)
    Region$$Table$$Base                      0x080133a8   Number         0  anon$$obj.o(Region$$Table)
    Region$$Table$$Limit                     0x080133c8   Number         0  anon$$obj.o(Region$$Table)
    mem3base                                 0x10000000   Data       61440  malloc.o(.ARM.__AT_0x10000000)
    mem3mapbase                              0x1000f000   Data        3840  malloc.o(.ARM.__AT_0x1000F000)
    SystemCoreClock                          0x20000000   Data           4  system_stm32f4xx.o(.data)
    AHBPrescTable                            0x20000004   Data          16  system_stm32f4xx.o(.data)
    POINT_COLOR                              0x20000014   Data           2  lcd.o(.data)
    BACK_COLOR                               0x20000016   Data           2  lcd.o(.data)
    W25QXX_TYPE                              0x2000001a   Data           2  w25qxx.o(.data)
    TransferError                            0x20000026   Data           1  sdio_sdcard.o(.data)
    TransferEnd                              0x20000027   Data           1  sdio_sdcard.o(.data)
    tempbuff                                 0x20000028   Data           4  sdio_sdcard.o(.data)
    i2s_tx_callback                          0x2000002c   Data           4  i2s.o(.data)
    __stdout                                 0x200000a8   Data           4  usart.o(.data)
    USART_RX_STA                             0x200000ac   Data           2  usart.o(.data)
    mallco_dev                               0x200000c0   Data          36  malloc.o(.data)
    sys_cmd_tab                              0x200000e4   Data          28  usmart.o(.data)
    usmart_nametab                           0x20000100   Data         104  usmart_config.o(.data)
    usmart_dev                               0x20000168   Data         244  usmart_config.o(.data)
    FLASH_SECTOR_COUNT                       0x2000025c   Data           2  diskio.o(.data)
    file                                     0x20000260   Data           4  exfuns.o(.data)
    ftemp                                    0x20000264   Data           4  exfuns.o(.data)
    br                                       0x20000268   Data           4  exfuns.o(.data)
    bw                                       0x2000026c   Data           4  exfuns.o(.data)
    fatbuf                                   0x20000270   Data           4  exfuns.o(.data)
    wavtransferend                           0x20000274   Data           1  wavplay.o(.data)
    wavwitchbuf                              0x20000275   Data           1  wavplay.o(.data)
    lcddev                                   0x20000278   Data          14  lcd.o(.bss)
    W25QXX_BUFFER                            0x20000286   Data        4096  w25qxx.o(.bss)
    SDIO_InitStructure                       0x20001288   Data          24  sdio_sdcard.o(.bss)
    SDIO_CmdInitStructure                    0x200012a0   Data          20  sdio_sdcard.o(.bss)
    SDIO_DataInitStructure                   0x200012b4   Data          24  sdio_sdcard.o(.bss)
    SDCardInfo                               0x200012f0   Data          88  sdio_sdcard.o(.bss)
    SDIO_DATA_BUFFER                         0x20001348   Data         512  sdio_sdcard.o(.bss)
    USART_RX_BUF                             0x20001548   Data         200  usart.o(.bss)
    mem1base                                 0x20001620   Data       102400  malloc.o(.bss)
    mem1mapbase                              0x2001a620   Data        6400  malloc.o(.bss)
    fs                                       0x2001bf2c   Data          12  exfuns.o(.bss)
    fileinfo                                 0x2001bf38   Data          32  exfuns.o(.bss)
    dir                                      0x2001bf58   Data          36  exfuns.o(.bss)
    ftinfo                                   0x2001bf7c   Data          33  fontupd.o(.bss)
    wavctrl                                  0x2001bf9d   Data          32  wavplay.o(.bss)
    audiodev                                 0x2001bfbd   Data          17  audioplay.o(.bss)
    __libspace_start                         0x2001bfd0   Data          96  libspace.o(.bss)
    __temporary_stack_top$libspace           0x2001c030   Data           0  libspace.o(.bss)
    mem2base                                 0x68000000   Data       983040  malloc.o(.ARM.__AT_0x68000000)
    mem2mapbase                              0x680f0000   Data       61440  malloc.o(.ARM.__AT_0x680F0000)



==============================================================================

Memory Map of the image

  Image Entry point : 0x08000189

  Load Region LR_IROM1 (Base: 0x08000000, Size: 0x00013640, Max: 0x00100000, ABSOLUTE, COMPRESSED[0x000134b8])

    Execution Region ER_IROM1 (Exec base: 0x08000000, Load base: 0x08000000, Size: 0x000133c8, Max: 0x00100000, ABSOLUTE)

    Exec Addr    Load Addr    Size         Type   Attr      Idx    E Section Name        Object

    0x08000000   0x08000000   0x00000188   Data   RO          610    RESET               startup_stm32f40_41xxx.o
    0x08000188   0x08000188   0x00000008   Code   RO         1237  * !!!main             c_w.l(__main.o)
    0x08000190   0x08000190   0x00000034   Code   RO         1440    !!!scatter          c_w.l(__scatter.o)
    0x080001c4   0x080001c4   0x0000005a   Code   RO         1438    !!dczerorl2         c_w.l(__dczerorl2.o)
    0x0800021e   0x0800021e   0x00000002   PAD
    0x08000220   0x08000220   0x0000001c   Code   RO         1442    !!handler_zi        c_w.l(__scatter_zi.o)
    0x0800023c   0x0800023c   0x00000000   Code   RO         1224    .ARM.Collect$$_printf_percent$$00000000  c_w.l(_printf_percent.o)
    0x0800023c   0x0800023c   0x00000006   Code   RO         1222    .ARM.Collect$$_printf_percent$$00000009  c_w.l(_printf_d.o)
    0x08000242   0x08000242   0x00000006   Code   RO         1223    .ARM.Collect$$_printf_percent$$0000000A  c_w.l(_printf_u.o)
    0x08000248   0x08000248   0x00000006   Code   RO         1221    .ARM.Collect$$_printf_percent$$0000000C  c_w.l(_printf_x.o)
    0x0800024e   0x0800024e   0x00000006   Code   RO         1219    .ARM.Collect$$_printf_percent$$00000013  c_w.l(_printf_c.o)
    0x08000254   0x08000254   0x00000006   Code   RO         1220    .ARM.Collect$$_printf_percent$$00000014  c_w.l(_printf_s.o)
    0x0800025a   0x0800025a   0x00000004   Code   RO         1262    .ARM.Collect$$_printf_percent$$00000017  c_w.l(_printf_percent_end.o)
    0x0800025e   0x0800025e   0x00000002   Code   RO         1308    .ARM.Collect$$libinit$$00000000  c_w.l(libinit.o)
    0x08000260   0x08000260   0x00000004   Code   RO         1318    .ARM.Collect$$libinit$$00000001  c_w.l(libinit2.o)
    0x08000264   0x08000264   0x00000000   Code   RO         1321    .ARM.Collect$$libinit$$00000004  c_w.l(libinit2.o)
    0x08000264   0x08000264   0x00000000   Code   RO         1324    .ARM.Collect$$libinit$$0000000A  c_w.l(libinit2.o)
    0x08000264   0x08000264   0x00000000   Code   RO         1326    .ARM.Collect$$libinit$$0000000C  c_w.l(libinit2.o)
    0x08000264   0x08000264   0x00000000   Code   RO         1328    .ARM.Collect$$libinit$$0000000E  c_w.l(libinit2.o)
    0x08000264   0x08000264   0x00000000   Code   RO         1331    .ARM.Collect$$libinit$$00000011  c_w.l(libinit2.o)
    0x08000264   0x08000264   0x00000000   Code   RO         1333    .ARM.Collect$$libinit$$00000013  c_w.l(libinit2.o)
    0x08000264   0x08000264   0x00000000   Code   RO         1335    .ARM.Collect$$libinit$$00000015  c_w.l(libinit2.o)
    0x08000264   0x08000264   0x00000000   Code   RO         1337    .ARM.Collect$$libinit$$00000017  c_w.l(libinit2.o)
    0x08000264   0x08000264   0x00000000   Code   RO         1339    .ARM.Collect$$libinit$$00000019  c_w.l(libinit2.o)
    0x08000264   0x08000264   0x00000000   Code   RO         1341    .ARM.Collect$$libinit$$0000001B  c_w.l(libinit2.o)
    0x08000264   0x08000264   0x00000000   Code   RO         1343    .ARM.Collect$$libinit$$0000001D  c_w.l(libinit2.o)
    0x08000264   0x08000264   0x00000000   Code   RO         1345    .ARM.Collect$$libinit$$0000001F  c_w.l(libinit2.o)
    0x08000264   0x08000264   0x00000000   Code   RO         1347    .ARM.Collect$$libinit$$00000021  c_w.l(libinit2.o)
    0x08000264   0x08000264   0x00000000   Code   RO         1349    .ARM.Collect$$libinit$$00000023  c_w.l(libinit2.o)
    0x08000264   0x08000264   0x00000000   Code   RO         1351    .ARM.Collect$$libinit$$00000025  c_w.l(libinit2.o)
    0x08000264   0x08000264   0x00000000   Code   RO         1355    .ARM.Collect$$libinit$$0000002C  c_w.l(libinit2.o)
    0x08000264   0x08000264   0x00000000   Code   RO         1357    .ARM.Collect$$libinit$$0000002E  c_w.l(libinit2.o)
    0x08000264   0x08000264   0x00000000   Code   RO         1359    .ARM.Collect$$libinit$$00000030  c_w.l(libinit2.o)
    0x08000264   0x08000264   0x00000000   Code   RO         1361    .ARM.Collect$$libinit$$00000032  c_w.l(libinit2.o)
    0x08000264   0x08000264   0x00000002   Code   RO         1362    .ARM.Collect$$libinit$$00000033  c_w.l(libinit2.o)
    0x08000266   0x08000266   0x00000002   Code   RO         1390    .ARM.Collect$$libshutdown$$00000000  c_w.l(libshutdown.o)
    0x08000268   0x08000268   0x00000000   Code   RO         1404    .ARM.Collect$$libshutdown$$00000002  c_w.l(libshutdown2.o)
    0x08000268   0x08000268   0x00000000   Code   RO         1406    .ARM.Collect$$libshutdown$$00000004  c_w.l(libshutdown2.o)
    0x08000268   0x08000268   0x00000000   Code   RO         1409    .ARM.Collect$$libshutdown$$00000007  c_w.l(libshutdown2.o)
    0x08000268   0x08000268   0x00000000   Code   RO         1412    .ARM.Collect$$libshutdown$$0000000A  c_w.l(libshutdown2.o)
    0x08000268   0x08000268   0x00000000   Code   RO         1414    .ARM.Collect$$libshutdown$$0000000C  c_w.l(libshutdown2.o)
    0x08000268   0x08000268   0x00000000   Code   RO         1417    .ARM.Collect$$libshutdown$$0000000F  c_w.l(libshutdown2.o)
    0x08000268   0x08000268   0x00000002   Code   RO         1418    .ARM.Collect$$libshutdown$$00000010  c_w.l(libshutdown2.o)
    0x0800026a   0x0800026a   0x00000000   Code   RO         1253    .ARM.Collect$$rtentry$$00000000  c_w.l(__rtentry.o)
    0x0800026a   0x0800026a   0x00000000   Code   RO         1271    .ARM.Collect$$rtentry$$00000002  c_w.l(__rtentry2.o)
    0x0800026a   0x0800026a   0x00000006   Code   RO         1283    .ARM.Collect$$rtentry$$00000004  c_w.l(__rtentry4.o)
    0x08000270   0x08000270   0x00000000   Code   RO         1273    .ARM.Collect$$rtentry$$00000009  c_w.l(__rtentry2.o)
    0x08000270   0x08000270   0x00000004   Code   RO         1274    .ARM.Collect$$rtentry$$0000000A  c_w.l(__rtentry2.o)
    0x08000274   0x08000274   0x00000000   Code   RO         1276    .ARM.Collect$$rtentry$$0000000C  c_w.l(__rtentry2.o)
    0x08000274   0x08000274   0x00000008   Code   RO         1277    .ARM.Collect$$rtentry$$0000000D  c_w.l(__rtentry2.o)
    0x0800027c   0x0800027c   0x00000002   Code   RO         1312    .ARM.Collect$$rtexit$$00000000  c_w.l(rtexit.o)
    0x0800027e   0x0800027e   0x00000000   Code   RO         1364    .ARM.Collect$$rtexit$$00000002  c_w.l(rtexit2.o)
    0x0800027e   0x0800027e   0x00000004   Code   RO         1365    .ARM.Collect$$rtexit$$00000003  c_w.l(rtexit2.o)
    0x08000282   0x08000282   0x00000006   Code   RO         1366    .ARM.Collect$$rtexit$$00000004  c_w.l(rtexit2.o)
    0x08000288   0x08000288   0x00000010   Code   RO          561    .emb_text           sys.o
    0x08000298   0x08000298   0x000001d8   Code   RO            3    .text               main.o
    0x08000470   0x08000470   0x0000001a   Code   RO          206    .text               stm32f4xx_it.o
    0x0800048a   0x0800048a   0x00000002   PAD
    0x0800048c   0x0800048c   0x00000210   Code   RO          255    .text               system_stm32f4xx.o
    0x0800069c   0x0800069c   0x00000040   Code   RO          281    .text               led.o
    0x080006dc   0x080006dc   0x00004c80   Code   RO          301    .text               lcd.o
    0x0800535c   0x0800535c   0x00000104   Code   RO          339    .text               key.o
    0x08005460   0x08005460   0x00000118   Code   RO          360    .text               spi.o
    0x08005578   0x08005578   0x00000388   Code   RO          383    .text               w25qxx.o
    0x08005900   0x08005900   0x00001d60   Code   RO          410    .text               sdio_sdcard.o
    0x08007660   0x08007660   0x0000025c   Code   RO          444    .text               myiic.o
    0x080078bc   0x080078bc   0x000001e0   Code   RO          490    .text               i2s.o
    0x08007a9c   0x08007a9c   0x00000424   Code   RO          517    .text               wm8978.o
    0x08007ec0   0x08007ec0   0x00000104   Code   RO          539    .text               delay.o
    0x08007fc4   0x08007fc4   0x0000014c   Code   RO          579    .text               usart.o
    0x08008110   0x08008110   0x00000040   Code   RO          611    .text               startup_stm32f40_41xxx.o
    0x08008150   0x08008150   0x000000e0   Code   RO          617    .text               misc.o
    0x08008230   0x08008230   0x00000294   Code   RO          637    .text               stm32f4xx_gpio.o
    0x080084c4   0x080084c4   0x000005c8   Code   RO          657    .text               stm32f4xx_fsmc.o
    0x08008a8c   0x08008a8c   0x0000065c   Code   RO          680    .text               stm32f4xx_rcc.o
    0x080090e8   0x080090e8   0x00000454   Code   RO          702    .text               stm32f4xx_usart.o
    0x0800953c   0x0800953c   0x00000ca2   Code   RO          722    .text               stm32f4xx_tim.o
    0x0800a1de   0x0800a1de   0x00000002   PAD
    0x0800a1e0   0x0800a1e0   0x00000480   Code   RO          762    .text               stm32f4xx_spi.o
    0x0800a660   0x0800a660   0x000001dc   Code   RO          782    .text               stm32f4xx_sdio.o
    0x0800a83c   0x0800a83c   0x000003a8   Code   RO          802    .text               stm32f4xx_dma.o
    0x0800abe4   0x0800abe4   0x0000022c   Code   RO          822    .text               malloc.o
    0x0800ae10   0x0800ae10   0x00000c34   Code   RO          854    .text               usmart.o
    0x0800ba44   0x0800ba44   0x00000528   Code   RO          899    .text               usmart_str.o
    0x0800bf6c   0x0800bf6c   0x00000200   Code   RO          919    .text               diskio.o
    0x0800c16c   0x0800c16c   0x0000329a   Code   RO          943    .text               ff.o
    0x0800f406   0x0800f406   0x00000002   PAD
    0x0800f408   0x0800f408   0x00000198   Code   RO          967    .text               exfuns.o
    0x0800f5a0   0x0800f5a0   0x000000cc   Code   RO         1026    .text               mycc936.o
    0x0800f66c   0x0800f66c   0x000005e0   Code   RO         1047    .text               fontupd.o
    0x0800fc4c   0x0800fc4c   0x000002d4   Code   RO         1079    .text               text.o
    0x0800ff20   0x0800ff20   0x000005a0   Code   RO         1099    .text               wavplay.o
    0x080104c0   0x080104c0   0x00000498   Code   RO         1131    .text               audioplay.o
    0x08010958   0x08010958   0x00000002   Code   RO         1162    .text               c_w.l(use_no_semi_2.o)
    0x0801095a   0x0801095a   0x00000048   Code   RO         1164    .text               c_w.l(llsdiv.o)
    0x080109a2   0x080109a2   0x00000002   PAD
    0x080109a4   0x080109a4   0x00000018   Code   RO         1168    .text               c_w.l(noretval__2printf.o)
    0x080109bc   0x080109bc   0x0000004e   Code   RO         1172    .text               c_w.l(_printf_pad.o)
    0x08010a0a   0x08010a0a   0x00000052   Code   RO         1174    .text               c_w.l(_printf_str.o)
    0x08010a5c   0x08010a5c   0x00000078   Code   RO         1176    .text               c_w.l(_printf_dec.o)
    0x08010ad4   0x08010ad4   0x00000058   Code   RO         1181    .text               c_w.l(_printf_hex_int.o)
    0x08010b2c   0x08010b2c   0x00000188   Code   RO         1216    .text               c_w.l(__printf_flags_ss_wp.o)
    0x08010cb4   0x08010cb4   0x00000048   Code   RO         1225    .text               c_w.l(strcpy.o)
    0x08010cfc   0x08010cfc   0x0000003e   Code   RO         1227    .text               c_w.l(strlen.o)
    0x08010d3a   0x08010d3a   0x00000018   Code   RO         1229    .text               c_w.l(strcat.o)
    0x08010d52   0x08010d52   0x0000008a   Code   RO         1231    .text               c_w.l(rt_memcpy_v6.o)
    0x08010ddc   0x08010ddc   0x00000080   Code   RO         1233    .text               c_w.l(strcmpv7m.o)
    0x08010e5c   0x08010e5c   0x00000006   Code   RO         1235    .text               c_w.l(heapauxi.o)
    0x08010e62   0x08010e62   0x00000002   Code   RO         1251    .text               c_w.l(use_no_semi.o)
    0x08010e64   0x08010e64   0x000000ee   Code   RO         1254    .text               c_w.l(lludivv7m.o)
    0x08010f52   0x08010f52   0x000000b2   Code   RO         1256    .text               c_w.l(_printf_intcommon.o)
    0x08011004   0x08011004   0x0000002c   Code   RO         1258    .text               c_w.l(_printf_char.o)
    0x08011030   0x08011030   0x00000024   Code   RO         1260    .text               c_w.l(_printf_char_file.o)
    0x08011054   0x08011054   0x00000064   Code   RO         1263    .text               c_w.l(rt_memcpy_w.o)
    0x080110b8   0x080110b8   0x00000030   Code   RO         1289    .text               c_w.l(_printf_char_common.o)
    0x080110e8   0x080110e8   0x00000008   Code   RO         1291    .text               c_w.l(ferror.o)
    0x080110f0   0x080110f0   0x0000004a   Code   RO         1295    .text               c_w.l(sys_stackheap_outer.o)
    0x0801113a   0x0801113a   0x00000012   Code   RO         1301    .text               c_w.l(exit.o)
    0x0801114c   0x0801114c   0x00000008   Code   RO         1309    .text               c_w.l(libspace.o)
    0x08011154   0x08011154   0x0000000e   Code   RO         1209    i._is_digit         c_w.l(__printf_wp.o)
    0x08011162   0x08011162   0x00000002   PAD
    0x08011164   0x08011164   0x0000005a   Code   RO         1239    x$fpl$dfixu         fz_wm.l(dfixu.o)
    0x080111be   0x080111be   0x00000026   Code   RO         1243    x$fpl$dfltu         fz_wm.l(dflt_clz.o)
    0x080111e4   0x080111e4   0x00000154   Code   RO         1249    x$fpl$dmul          fz_wm.l(dmul.o)
    0x08011338   0x08011338   0x0000009c   Code   RO         1265    x$fpl$dnaninf       fz_wm.l(dnaninf.o)
    0x080113d4   0x080113d4   0x0000000c   Code   RO         1267    x$fpl$dretinf       fz_wm.l(dretinf.o)
    0x080113e0   0x080113e0   0x0000000a   Code   RO         1378    x$fpl$fpinit        fz_wm.l(fpinit.o)
    0x080113ea   0x080113ea   0x00000000   Code   RO         1269    x$fpl$usenofp       fz_wm.l(usenofp.o)
    0x080113ea   0x080113ea   0x000017c0   Data   RO          303    .constdata          lcd.o
    0x08012baa   0x08012baa   0x0000006e   Data   RO          491    .constdata          i2s.o
    0x08012c18   0x08012c18   0x0000001c   Data   RO          658    .constdata          stm32f4xx_fsmc.o
    0x08012c34   0x08012c34   0x00000024   Data   RO          828    .constdata          malloc.o
    0x08012c58   0x08012c58   0x0000003a   Data   RO          945    .constdata          ff.o
    0x08012c92   0x08012c92   0x00000002   PAD
    0x08012c94   0x08012c94   0x00000070   Data   RO          969    .constdata          exfuns.o
    0x08012d04   0x08012d04   0x000003c0   Data   RO         1027    .constdata          mycc936.o
    0x080130c4   0x080130c4   0x00000010   Data   RO         1049    .constdata          fontupd.o
    0x080130d4   0x080130d4   0x00000028   Data   RO         1182    .constdata          c_w.l(_printf_hex_int.o)
    0x080130fc   0x080130fc   0x00000011   Data   RO         1217    .constdata          c_w.l(__printf_flags_ss_wp.o)
    0x0801310d   0x0801310d   0x00000003   PAD
    0x08013110   0x08013110   0x00000028   Data   RO          855    .conststring        usmart.o
    0x08013138   0x08013138   0x000001d0   Data   RO          878    .conststring        usmart_config.o
    0x08013308   0x08013308   0x00000040   Data   RO          970    .conststring        exfuns.o
    0x08013348   0x08013348   0x0000005f   Data   RO         1050    .conststring        fontupd.o
    0x080133a7   0x080133a7   0x00000001   PAD
    0x080133a8   0x080133a8   0x00000020   Data   RO         1436    Region$$Table       anon$$obj.o


    Execution Region RW_IRAM1 (Exec base: 0x20000000, Load base: 0x080133c8, Size: 0x0001c630, Max: 0x00020000, ABSOLUTE, COMPRESSED[0x000000f0])

    Exec Addr    Load Addr    Size         Type   Attr      Idx    E Section Name        Object

    0x20000000   COMPRESSED   0x00000014   Data   RW          256    .data               system_stm32f4xx.o
    0x20000014   COMPRESSED   0x00000004   Data   RW          304    .data               lcd.o
    0x20000018   COMPRESSED   0x00000001   Data   RW          340    .data               key.o
    0x20000019   COMPRESSED   0x00000001   PAD
    0x2000001a   COMPRESSED   0x00000002   Data   RW          385    .data               w25qxx.o
    0x2000001c   COMPRESSED   0x00000010   Data   RW          412    .data               sdio_sdcard.o
    0x2000002c   COMPRESSED   0x00000004   Data   RW          492    .data               i2s.o
    0x20000030   COMPRESSED   0x00000074   Data   RW          518    .data               wm8978.o
    0x200000a4   COMPRESSED   0x00000004   Data   RW          540    .data               delay.o
    0x200000a8   COMPRESSED   0x00000006   Data   RW          581    .data               usart.o
    0x200000ae   COMPRESSED   0x00000010   Data   RW          681    .data               stm32f4xx_rcc.o
    0x200000be   COMPRESSED   0x00000002   PAD
    0x200000c0   COMPRESSED   0x00000024   Data   RW          829    .data               malloc.o
    0x200000e4   COMPRESSED   0x0000001c   Data   RW          856    .data               usmart.o
    0x20000100   COMPRESSED   0x0000015c   Data   RW          879    .data               usmart_config.o
    0x2000025c   COMPRESSED   0x00000002   Data   RW          920    .data               diskio.o
    0x2000025e   COMPRESSED   0x00000002   Data   RW          946    .data               ff.o
    0x20000260   COMPRESSED   0x00000014   Data   RW          971    .data               exfuns.o
    0x20000274   COMPRESSED   0x00000002   Data   RW         1101    .data               wavplay.o
    0x20000276   COMPRESSED   0x00000002   Data   RW         1133    .data               audioplay.o
    0x20000278        -       0x0000000e   Zero   RW          302    .bss                lcd.o
    0x20000286        -       0x00001000   Zero   RW          384    .bss                w25qxx.o
    0x20001286   COMPRESSED   0x00000002   PAD
    0x20001288        -       0x000002c0   Zero   RW          411    .bss                sdio_sdcard.o
    0x20001548        -       0x000000c8   Zero   RW          580    .bss                usart.o
    0x20001610   COMPRESSED   0x00000010   PAD
    0x20001620        -       0x0001a900   Zero   RW          827    .bss                malloc.o
    0x2001bf20        -       0x0000000c   Zero   RW          944    .bss                ff.o
    0x2001bf2c        -       0x00000050   Zero   RW          968    .bss                exfuns.o
    0x2001bf7c        -       0x00000021   Zero   RW         1048    .bss                fontupd.o
    0x2001bf9d        -       0x00000020   Zero   RW         1100    .bss                wavplay.o
    0x2001bfbd        -       0x00000011   Zero   RW         1132    .bss                audioplay.o
    0x2001bfce   COMPRESSED   0x00000002   PAD
    0x2001bfd0        -       0x00000060   Zero   RW         1310    .bss                c_w.l(libspace.o)
    0x2001c030        -       0x00000200   Zero   RW          609    HEAP                startup_stm32f40_41xxx.o
    0x2001c230        -       0x00000400   Zero   RW          608    STACK               startup_stm32f40_41xxx.o



  Load Region LR$$.ARM.__AT_0x10000000 (Base: 0x10000000, Size: 0x00000000, Max: 0x0000f000, ABSOLUTE)

    Execution Region ER$$.ARM.__AT_0x10000000 (Exec base: 0x10000000, Load base: 0x10000000, Size: 0x0000f000, Max: 0x0000f000, ABSOLUTE, UNINIT)

    Exec Addr    Load Addr    Size         Type   Attr      Idx    E Section Name        Object

    0x10000000        -       0x0000f000   Zero   RW          823    .ARM.__AT_0x10000000  malloc.o



  Load Region LR$$.ARM.__AT_0x1000F000 (Base: 0x1000f000, Size: 0x00000000, Max: 0x00000f00, ABSOLUTE)

    Execution Region ER$$.ARM.__AT_0x1000F000 (Exec base: 0x1000f000, Load base: 0x1000f000, Size: 0x00000f00, Max: 0x00000f00, ABSOLUTE, UNINIT)

    Exec Addr    Load Addr    Size         Type   Attr      Idx    E Section Name        Object

    0x1000f000        -       0x00000f00   Zero   RW          824    .ARM.__AT_0x1000F000  malloc.o



  Load Region LR$$.ARM.__AT_0x68000000 (Base: 0x68000000, Size: 0x00000000, Max: 0x000f0000, ABSOLUTE)

    Execution Region ER$$.ARM.__AT_0x68000000 (Exec base: 0x68000000, Load base: 0x68000000, Size: 0x000f0000, Max: 0x000f0000, ABSOLUTE, UNINIT)

    Exec Addr    Load Addr    Size         Type   Attr      Idx    E Section Name        Object

    0x68000000        -       0x000f0000   Zero   RW          825    .ARM.__AT_0x68000000  malloc.o



  Load Region LR$$.ARM.__AT_0x680F0000 (Base: 0x680f0000, Size: 0x00000000, Max: 0x0000f000, ABSOLUTE)

    Execution Region ER$$.ARM.__AT_0x680F0000 (Exec base: 0x680f0000, Load base: 0x680f0000, Size: 0x0000f000, Max: 0x0000f000, ABSOLUTE, UNINIT)

    Exec Addr    Load Addr    Size         Type   Attr      Idx    E Section Name        Object

    0x680f0000        -       0x0000f000   Zero   RW          826    .ARM.__AT_0x680F0000  malloc.o


==============================================================================

Image component sizes


      Code (inc. data)   RO Data    RW Data    ZI Data      Debug   Object Name

      1176        108          0          2         17       4290   audioplay.o
       260          8          0          4          0       1657   delay.o
       512          8          0          2          0       4766   diskio.o
       408         22        176         20         80       3060   exfuns.o
     12954        136         58          2         12      38662   ff.o
      1504        158        111          0         33       4632   fontupd.o
       480         26        110          4          0       2880   i2s.o
       260         12          0          1          0        968   key.o
     19584        174       6080          4         14      23318   lcd.o
        64          4          0          0          0        615   led.o
       472        150          0          0          0     322555   main.o
       556         18         36         36    1218560       5341   malloc.o
       224         20          0          0          0       1993   misc.o
       204         12        960          0          0       1857   mycc936.o
       604         14          0          0          0       2008   myiic.o
      7520        282          0         16        704      25617   sdio_sdcard.o
       280          8          0          0          0       1165   spi.o
        64         26        392          0       1536        896   startup_stm32f40_41xxx.o
       936         32          0          0          0       6573   stm32f4xx_dma.o
      1480         18         28          0          0       5910   stm32f4xx_fsmc.o
       660         44          0          0          0       4337   stm32f4xx_gpio.o
        26          0          0          0          0       1310   stm32f4xx_it.o
      1628         52          0         16          0      13296   stm32f4xx_rcc.o
       476         16          0          0          0       7596   stm32f4xx_sdio.o
      1152         36          0          0          0       7085   stm32f4xx_spi.o
      3234         60          0          0          0      23192   stm32f4xx_tim.o
      1108         34          0          0          0       8060   stm32f4xx_usart.o
        16          0          0          0          0        548   sys.o
       528         46          0         20          0       2043   system_stm32f4xx.o
       724         16          0          0          0       3316   text.o
       332         18          0          6        200       3602   usart.o
      3124       1286         40         28          0       4686   usmart.o
         0          0        464        348          0       1760   usmart_config.o
      1320         12          0          0          0       5517   usmart_str.o
       904         34          0          2       4096       4757   w25qxx.o
      1440        230          0          2         32       3773   wavplay.o
      1060         12          0        116          0       6089   wm8978.o

    ----------------------------------------------------------------------
     67280       3132       8490        632    1225304     559730   Object Totals
         0          0         32          0          0          0   (incl. Generated)
         6          0          3          3         20          0   (incl. Padding)

    ----------------------------------------------------------------------

      Code (inc. data)   RO Data    RW Data    ZI Data      Debug   Library Member Name

        90          0          0          0          0          0   __dczerorl2.o
         8          0          0          0          0         68   __main.o
       392          4         17          0          0         92   __printf_flags_ss_wp.o
        14          0          0          0          0         68   __printf_wp.o
         0          0          0          0          0          0   __rtentry.o
        12          0          0          0          0          0   __rtentry2.o
         6          0          0          0          0          0   __rtentry4.o
        52          8          0          0          0          0   __scatter.o
        28          0          0          0          0          0   __scatter_zi.o
         6          0          0          0          0          0   _printf_c.o
        44          0          0          0          0        108   _printf_char.o
        48          6          0          0          0         96   _printf_char_common.o
        36          4          0          0          0         80   _printf_char_file.o
         6          0          0          0          0          0   _printf_d.o
       120         16          0          0          0         92   _printf_dec.o
        88          4         40          0          0         88   _printf_hex_int.o
       178          0          0          0          0         88   _printf_intcommon.o
        78          0          0          0          0        108   _printf_pad.o
         0          0          0          0          0          0   _printf_percent.o
         4          0          0          0          0          0   _printf_percent_end.o
         6          0          0          0          0          0   _printf_s.o
        82          0          0          0          0         80   _printf_str.o
         6          0          0          0          0          0   _printf_u.o
         6          0          0          0          0          0   _printf_x.o
        18          0          0          0          0         80   exit.o
         8          0          0          0          0         68   ferror.o
         6          0          0          0          0        152   heapauxi.o
         2          0          0          0          0          0   libinit.o
         6          0          0          0          0          0   libinit2.o
         2          0          0          0          0          0   libshutdown.o
         2          0          0          0          0          0   libshutdown2.o
         8          4          0          0         96         68   libspace.o
        72          0          0          0          0         76   llsdiv.o
       238          0          0          0          0        100   lludivv7m.o
        24          4          0          0          0         84   noretval__2printf.o
       138          0          0          0          0         68   rt_memcpy_v6.o
       100          0          0          0          0         80   rt_memcpy_w.o
         2          0          0          0          0          0   rtexit.o
        10          0          0          0          0          0   rtexit2.o
        24          0          0          0          0         68   strcat.o
       128          0          0          0          0         68   strcmpv7m.o
        72          0          0          0          0         80   strcpy.o
        62          0          0          0          0         76   strlen.o
        74          0          0          0          0         80   sys_stackheap_outer.o
         2          0          0          0          0         68   use_no_semi.o
         2          0          0          0          0         68   use_no_semi_2.o
        90          4          0          0          0        140   dfixu.o
        38          0          0          0          0        116   dflt_clz.o
       340         12          0          0          0        152   dmul.o
       156          4          0          0          0        140   dnaninf.o
        12          0          0          0          0        116   dretinf.o
        10          0          0          0          0        116   fpinit.o
         0          0          0          0          0          0   usenofp.o

    ----------------------------------------------------------------------
      2962         70         60          0         96       3032   Library Totals
         6          0          3          0          0          0   (incl. Padding)

    ----------------------------------------------------------------------

      Code (inc. data)   RO Data    RW Data    ZI Data      Debug   Library Name

      2310         50         57          0         96       2252   c_w.l
       646         20          0          0          0        780   fz_wm.l

    ----------------------------------------------------------------------
      2962         70         60          0         96       3032   Library Totals

    ----------------------------------------------------------------------

==============================================================================


      Code (inc. data)   RO Data    RW Data    ZI Data      Debug   

     70242       3202       8550        632    1225400     553566   Grand Totals
     70242       3202       8550        240    1225400     553566   ELF Image Totals (compressed)
     70242       3202       8550        240          0          0   ROM Totals

==============================================================================

    Total RO  Size (Code + RO Data)                78792 (  76.95kB)
    Total RW  Size (RW Data + ZI Data)           1226032 (1197.30kB)
    Total ROM Size (Code + RO Data + RW Data)      79032 (  77.18kB)

==============================================================================

