Component: ARM Compiler 5.06 update 6 (build 750) Tool: armlink [4d35ed]

==============================================================================

Section Cross References

    main.o(.text) refers to stm32f4xx_it.o(.text) for SetSysCnt
    main.o(.text) refers to misc.o(.text) for NVIC_PriorityGroupConfig
    main.o(.text) refers to delay.o(.text) for delay_init
    main.o(.text) refers to usart.o(.text) for uart_init
    main.o(.text) refers to led.o(.text) for LED_Init
    main.o(.text) refers to lcd.o(.text) for LCD_Init
    main.o(.text) refers to key.o(.text) for KEY_Init
    main.o(.text) refers to w25qxx.o(.text) for W25QXX_Init
    main.o(.text) refers to wm8978.o(.text) for WM8978_Init
    main.o(.text) refers to malloc.o(.text) for my_mem_init
    main.o(.text) refers to exfuns.o(.text) for exfuns_init
    main.o(.text) refers to ff.o(.text) for f_mount
    main.o(.text) refers to fontupd.o(.text) for font_init
    main.o(.text) refers to text.o(.text) for Show_Str
    main.o(.text) refers to audioplay.o(.text) for audio_play
    main.o(.text) refers to main.o(.data) for cnt
    main.o(.text) refers to usmart_config.o(.data) for usmart_dev
    main.o(.text) refers to exfuns.o(.bss) for fs
    main.o(.text) refers to lcd.o(.data) for POINT_COLOR
    stm32f4xx_it.o(.text) refers to stm32f4xx_it.o(.data) for sys_cnt
    system_stm32f4xx.o(.text) refers to system_stm32f4xx.o(.data) for SystemCoreClock
    led.o(.text) refers to stm32f4xx_rcc.o(.text) for RCC_AHB1PeriphClockCmd
    led.o(.text) refers to stm32f4xx_gpio.o(.text) for GPIO_Init
    lcd.o(.text) refers to _printf_percent.o(.ARM.Collect$$_printf_percent$$00000000) for _printf_percent
    lcd.o(.text) refers to _printf_x.o(.ARM.Collect$$_printf_percent$$0000000C) for _printf_x
    lcd.o(.text) refers to _printf_hex_int.o(.text) for _printf_longlong_hex
    lcd.o(.text) refers to delay.o(.text) for delay_us
    lcd.o(.text) refers to lcd.o(.bss) for lcddev
    lcd.o(.text) refers to lcd.o(.data) for POINT_COLOR
    lcd.o(.text) refers to dflt_clz.o(x$fpl$dfltu) for __aeabi_ui2d
    lcd.o(.text) refers to dmul.o(x$fpl$dmul) for __aeabi_dmul
    lcd.o(.text) refers to dfixu.o(x$fpl$dfixu) for __aeabi_d2uiz
    lcd.o(.text) refers to stm32f4xx_rcc.o(.text) for RCC_AHB1PeriphClockCmd
    lcd.o(.text) refers to stm32f4xx_gpio.o(.text) for GPIO_Init
    lcd.o(.text) refers to stm32f4xx_fsmc.o(.text) for FSMC_NORSRAMInit
    lcd.o(.text) refers to noretval__2printf.o(.text) for __2printf
    lcd.o(.text) refers to lcd.o(.constdata) for asc2_1206
    key.o(.text) refers to stm32f4xx_rcc.o(.text) for RCC_AHB1PeriphClockCmd
    key.o(.text) refers to stm32f4xx_gpio.o(.text) for GPIO_Init
    key.o(.text) refers to delay.o(.text) for delay_ms
    key.o(.text) refers to key.o(.data) for key_up
    spi.o(.text) refers to stm32f4xx_spi.o(.text) for SPI_I2S_GetFlagStatus
    spi.o(.text) refers to stm32f4xx_rcc.o(.text) for RCC_AHB1PeriphClockCmd
    spi.o(.text) refers to stm32f4xx_gpio.o(.text) for GPIO_Init
    w25qxx.o(.text) refers to _printf_percent.o(.ARM.Collect$$_printf_percent$$00000000) for _printf_percent
    w25qxx.o(.text) refers to _printf_x.o(.ARM.Collect$$_printf_percent$$0000000C) for _printf_x
    w25qxx.o(.text) refers to _printf_hex_int.o(.text) for _printf_longlong_hex
    w25qxx.o(.text) refers to spi.o(.text) for SPI1_ReadWriteByte
    w25qxx.o(.text) refers to stm32f4xx_rcc.o(.text) for RCC_AHB1PeriphClockCmd
    w25qxx.o(.text) refers to stm32f4xx_gpio.o(.text) for GPIO_Init
    w25qxx.o(.text) refers to noretval__2printf.o(.text) for __2printf
    w25qxx.o(.text) refers to delay.o(.text) for delay_us
    w25qxx.o(.text) refers to w25qxx.o(.data) for W25QXX_TYPE
    w25qxx.o(.text) refers to w25qxx.o(.bss) for W25QXX_BUFFER
    sdio_sdcard.o(.text) refers to stm32f4xx_sdio.o(.text) for SDIO_GetFlagStatus
    sdio_sdcard.o(.text) refers to sdio_sdcard.o(.data) for DeviceMode
    sdio_sdcard.o(.text) refers to sdio_sdcard.o(.bss) for SDIO_CmdInitStructure
    sdio_sdcard.o(.text) refers to stm32f4xx_rcc.o(.text) for RCC_AHB1PeriphClockCmd
    sdio_sdcard.o(.text) refers to stm32f4xx_gpio.o(.text) for GPIO_Init
    sdio_sdcard.o(.text) refers to misc.o(.text) for NVIC_Init
    sdio_sdcard.o(.text) refers to stm32f4xx_dma.o(.text) for DMA_GetCmdStatus
    sdio_sdcard.o(.text) refers to sys.o(.emb_text) for INTX_DISABLE
    sdio_sdcard.o(.text) refers to rt_memcpy_v6.o(.text) for __aeabi_memcpy
    myiic.o(.text) refers to stm32f4xx_rcc.o(.text) for RCC_AHB1PeriphClockCmd
    myiic.o(.text) refers to stm32f4xx_gpio.o(.text) for GPIO_Init
    myiic.o(.text) refers to delay.o(.text) for delay_us
    24cxx.o(.text) refers to myiic.o(.text) for IIC_Init
    24cxx.o(.text) refers to delay.o(.text) for delay_ms
    i2s.o(.text) refers to stm32f4xx_rcc.o(.text) for RCC_APB1PeriphClockCmd
    i2s.o(.text) refers to stm32f4xx_spi.o(.text) for I2S_Init
    i2s.o(.text) refers to stm32f4xx_dma.o(.text) for DMA_DeInit
[...]
    W25QXX_Write_Disable                     0x080056cb   Thumb Code    24  w25qxx.o(.text)
    W25QXX_Read                              0x080056e3   Thumb Code    74  w25qxx.o(.text)
    W25QXX_Wait_Busy                         0x0800572d   Thumb Code    18  w25qxx.o(.text)
    W25QXX_Write_Page                        0x0800573f   Thumb Code    80  w25qxx.o(.text)
    W25QXX_Write_NoCheck                     0x0800578f   Thumb Code    70  w25qxx.o(.text)
    W25QXX_Erase_Sector                      0x080057d5   Thumb Code    70  w25qxx.o(.text)
    W25QXX_Write                             0x0800581b   Thumb Code   180  w25qxx.o(.text)
    W25QXX_Erase_Chip                        0x080058cf   Thumb Code    36  w25qxx.o(.text)
    W25QXX_PowerDown                         0x080058f3   Thumb Code    30  w25qxx.o(.text)
    W25QXX_WAKEUP                            0x08005911   Thumb Code    30  w25qxx.o(.text)
    SDIO_Register_Deinit                     0x08005951   Thumb Code    48  sdio_sdcard.o(.text)
    SD_SetDeviceMode                         0x08005981   Thumb Code    20  sdio_sdcard.o(.text)
    SDIO_Clock_Set                           0x08005995   Thumb Code    18  sdio_sdcard.o(.text)
    CmdResp1Error                            0x080059a7   Thumb Code    96  sdio_sdcard.o(.text)
    FindSCR                                  0x08005a07   Thumb Code   390  sdio_sdcard.o(.text)
    SDEnWideBus                              0x08005b8d   Thumb Code   160  sdio_sdcard.o(.text)
    SD_EnableWideBusOperation                0x08005c2d   Thumb Code    98  sdio_sdcard.o(.text)
    SD_SelectDeselect                        0x08005c8f   Thumb Code    42  sdio_sdcard.o(.text)
    SD_GetCardInfo                           0x08005cb9   Thumb Code   806  sdio_sdcard.o(.text)
    CmdResp2Error                            0x08005fdf   Thumb Code    80  sdio_sdcard.o(.text)
    CmdResp6Error                            0x0800602f   Thumb Code   144  sdio_sdcard.o(.text)
    SD_InitializeCards                       0x080060bf   Thumb Code   354  sdio_sdcard.o(.text)
    CmdResp3Error                            0x08006221   Thumb Code    52  sdio_sdcard.o(.text)
    CmdResp7Error                            0x08006255   Thumb Code    72  sdio_sdcard.o(.text)
    CmdError                                 0x0800629d   Thumb Code    48  sdio_sdcard.o(.text)
    SD_PowerON                               0x080062cd   Thumb Code   460  sdio_sdcard.o(.text)
    SD_Init                                  0x08006499   Thumb Code   334  sdio_sdcard.o(.text)
    SD_PowerOFF                              0x080065e7   Thumb Code    12  sdio_sdcard.o(.text)
    SD_DMA_Config                            0x080065f3   Thumb Code   118  sdio_sdcard.o(.text)
    convert_from_bytes_to_power_of_two       0x08006669   Thumb Code    18  sdio_sdcard.o(.text)
    SD_ReadBlock                             0x0800667b   Thumb Code   578  sdio_sdcard.o(.text)
    SD_ReadMultiBlocks                       0x080068bd   Thumb Code   762  sdio_sdcard.o(.text)
    IsCardProgramming                        0x08006bb7   Thumb Code   150  sdio_sdcard.o(.text)
    SD_WriteBlock                            0x08006c4d   Thumb Code   914  sdio_sdcard.o(.text)
    SD_WriteMultiBlocks                      0x08006fdf   Thumb Code   976  sdio_sdcard.o(.text)
    SD_ProcessIRQSrc                         0x080073af   Thumb Code   322  sdio_sdcard.o(.text)
    SDIO_IRQHandler                          0x080074f1   Thumb Code     8  sdio_sdcard.o(.text)
    SD_SendStatus                            0x080074f9   Thumb Code    74  sdio_sdcard.o(.text)
    SD_GetState                              0x08007543   Thumb Code    26  sdio_sdcard.o(.text)
    SD_ReadDisk                              0x0800755d   Thumb Code   188  sdio_sdcard.o(.text)
    SD_WriteDisk                             0x08007619   Thumb Code   148  sdio_sdcard.o(.text)
    IIC_Init                                 0x080076b1   Thumb Code    62  myiic.o(.text)
    IIC_Start                                0x080076ef   Thumb Code    68  myiic.o(.text)
    IIC_Stop                                 0x08007733   Thumb Code    62  myiic.o(.text)
    IIC_Wait_Ack                             0x08007771   Thumb Code    82  myiic.o(.text)
    IIC_Ack                                  0x080077c3   Thumb Code    66  myiic.o(.text)
    IIC_NAck                                 0x08007805   Thumb Code    66  myiic.o(.text)
    IIC_Send_Byte                            0x08007847   Thumb Code    90  myiic.o(.text)
    IIC_Read_Byte                            0x080078a1   Thumb Code    94  myiic.o(.text)
    I2S2_Init                                0x0800790d   Thumb Code    94  i2s.o(.text)
    I2S2_SampleRate_Set                      0x0800796b   Thumb Code   150  i2s.o(.text)
    I2S2_TX_DMA_Init                         0x08007a01   Thumb Code   156  i2s.o(.text)
    DMA1_Stream4_IRQHandler                  0x08007a9d   Thumb Code    30  i2s.o(.text)
    I2S_Play_Start                           0x08007abb   Thumb Code    12  i2s.o(.text)
    I2S_Play_Stop                            0x08007ac7   Thumb Code    12  i2s.o(.text)
    WM8978_Write_Reg                         0x08007aed   Thumb Code    80  wm8978.o(.text)
    WM8978_Init                              0x08007b3d   Thumb Code   244  wm8978.o(.text)
    WM8978_Read_Reg                          0x08007c31   Thumb Code    10  wm8978.o(.text)
    WM8978_ADDA_Cfg                          0x08007c3b   Thumb Code    64  wm8978.o(.text)
    WM8978_AUX_Gain                          0x08007c7b   Thumb Code    54  wm8978.o(.text)
    WM8978_LINEIN_Gain                       0x08007cb1   Thumb Code    54  wm8978.o(.text)
    WM8978_Input_Cfg                         0x08007ce7   Thumb Code   102  wm8978.o(.text)
    WM8978_Output_Cfg                        0x08007d4d   Thumb Code    42  wm8978.o(.text)
    WM8978_MIC_Gain                          0x08007d77   Thumb Code    28  wm8978.o(.text)
    WM8978_I2S_Cfg                           0x08007d93   Thumb Code    28  wm8978.o(.text)
    WM8978_HPvol_Set                         0x08007daf   Thumb Code    46  wm8978.o(.text)
    WM8978_SPKvol_Set                        0x08007ddd   Thumb Code    34  wm8978.o(.text)
    WM8978_3D_Set                            0x08007dff   Thumb Code    18  wm8978.o(.text)
    WM8978_EQ_3D_Dir                         0x08007e11   Thumb Code    34  wm8978.o(.text)
    WM8978_EQ1_Set                           0x08007e33   Thumb Code    50  wm8978.o(.text)
    WM8978_EQ2_Set                           0x08007e65   Thumb Code    40  wm8978.o(.text)
    WM8978_EQ3_Set                           0x08007e8d   Thumb Code    40  wm8978.o(.text)
    WM8978_EQ4_Set                           0x08007eb5   Thumb Code    40  wm8978.o(.text)
    WM8978_EQ5_Set                           0x08007edd   Thumb Code    40  wm8978.o(.text)
    delay_init                               0x08007f11   Thumb Code    52  delay.o(.text)
    delay_us                                 0x08007f45   Thumb Code    72  delay.o(.text)
    delay_xms                                0x08007f8d   Thumb Code    72  delay.o(.text)
    delay_ms                                 0x08007fd5   Thumb Code    56  delay.o(.text)
    _sys_exit                                0x08008015   Thumb Code     6  usart.o(.text)
    fputc                                    0x0800801b   Thumb Code    22  usart.o(.text)
    uart_init                                0x08008031   Thumb Code   164  usart.o(.text)
    USART1_IRQHandler                        0x080080d5   Thumb Code   122  usart.o(.text)
    Reset_Handler                            0x08008161   Thumb Code     8  startup_stm32f40_41xxx.o(.text)
    ADC_IRQHandler                           0x0800817b   Thumb Code     0  startup_stm32f40_41xxx.o(.text)
    CAN1_RX0_IRQHandler                      0x0800817b   Thumb Code     0  startup_stm32f40_41xxx.o(.text)
    CAN1_RX1_IRQHandler                      0x0800817b   Thumb Code     0  startup_stm32f40_41xxx.o(.text)
    CAN1_SCE_IRQHandler                      0x0800817b   Thumb Code     0  startup_stm32f40_41xxx.o(.text)
    CAN1_TX_IRQHandler                       0x0800817b   Thumb Code     0  startup_stm32f40_41xxx.o(.text)
    CAN2_RX0_IRQHandler                      0x0800817b   Thumb Code     0  startup_stm32f40_41xxx.o(.text)
    CAN2_RX1_IRQHandler                      0x0800817b   Thumb Code     0  startup_stm32f40_41xxx.o(.text)
    CAN2_SCE_IRQHandler                      0x0800817b   Thumb Code     0  startup_stm32f40_41xxx.o(.text)
    CAN2_TX_IRQHandler                       0x0800817b   Thumb Code     0  startup_stm32f40_41xxx.o(.text)
    CRYP_IRQHandler                          0x0800817b   Thumb Code     0  startup_stm32f40_41xxx.o(.text)
    DCMI_IRQHandler                          0x0800817b   Thumb Code     0  startup_stm32f40_41xxx.o(.text)
    DMA1_Stream0_IRQHandler                  0x0800817b   Thumb Code     0  startup_stm32f40_41xxx.o(.text)
    DMA1_Stream1_IRQHandler                  0x0800817b   Thumb Code     0  startup_stm32f40_41xxx.o(.text)
    DMA1_Stream2_IRQHandler                  0x0800817b   Thumb Code     0  startup_stm32f40_41xxx.o(.text)
    DMA1_Stream3_IRQHandler                  0x0800817b   Thumb Code     0  startup_stm32f40_41xxx.o(.text)
    DMA1_Stream5_IRQHandler                  0x0800817b   Thumb Code     0  startup_stm32f40_41xxx.o(.text)
    DMA1_Stream6_IRQHandler                  0x0800817b   Thumb Code     0  startup_stm32f40_41xxx.o(.text)
    DMA1_Stream7_IRQHandler                  0x0800817b   Thumb Code     0  startup_stm32f40_41xxx.o(.text)
    DMA2_Stream0_IRQHandler                  0x0800817b   Thumb Code     0  startup_stm32f40_41xxx.o(.text)
    DMA2_Stream1_IRQHandler                  0x0800817b   Thumb Code     0  startup_stm32f40_41xxx.o(.text)
    DMA2_Stream2_IRQHandler                  0x0800817b   Thumb Code     0  startup_stm32f40_41xxx.o(.text)
    DMA2_Stream3_IRQHandler                  0x0800817b   Thumb Code     0  startup_stm32f40_41xxx.o(.text)
    DMA2_Stream4_IRQHandler                  0x0800817b   Thumb Code     0  startup_stm32f40_41xxx.o(.text)
    DMA2_Stream5_IRQHandler                  0x0800817b   Thumb Code     0  startup_stm32f40_41xxx.o(.text)
    DMA2_Stream6_IRQHandler                  0x0800817b   Thumb Code     0  startup_stm32f40_41xxx.o(.text)
    DMA2_Stream7_IRQHandler                  0x0800817b   Thumb Code     0  startup_stm32f40_41xxx.o(.text)
    ETH_IRQHandler                           0x0800817b   Thumb Code     0  startup_stm32f40_41xxx.o(.text)
    ETH_WKUP_IRQHandler                      0x0800817b   Thumb Code     0  startup_stm32f40_41xxx.o(.text)
    EXTI0_IRQHandler                         0x0800817b   Thumb Code     0  startup_stm32f40_41xxx.o(.text)
    EXTI15_10_IRQHandler                     0x0800817b   Thumb Code     0  startup_stm32f40_41xxx.o(.text)
    EXTI1_IRQHandler                         0x0800817b   Thumb Code     0  startup_stm32f40_41xxx.o(.text)
    EXTI2_IRQHandler                         0x0800817b   Thumb Code     0  startup_stm32f40_41xxx.o(.text)
    EXTI3_IRQHandler                         0x0800817b   Thumb Code     0  startup_stm32f40_41xxx.o(.text)
    EXTI4_IRQHandler                         0x0800817b   Thumb Code     0  startup_stm32f40_41xxx.o(.text)
    EXTI9_5_IRQHandler                       0x0800817b   Thumb Code     0  startup_stm32f40_41xxx.o(.text)
    FLASH_IRQHandler                         0x0800817b   Thumb Code     0  startup_stm32f40_41xxx.o(.text)
    FPU_IRQHandler                           0x0800817b   Thumb Code     0  startup_stm32f40_41xxx.o(.text)
    FSMC_IRQHandler                          0x0800817b   Thumb Code     0  startup_stm32f40_41xxx.o(.text)
    HASH_RNG_IRQHandler                      0x0800817b   Thumb Code     0  startup_stm32f40_41xxx.o(.text)
    I2C1_ER_IRQHandler                       0x0800817b   Thumb Code     0  startup_stm32f40_41xxx.o(.text)
    I2C1_EV_IRQHandler                       0x0800817b   Thumb Code     0  startup_stm32f40_41xxx.o(.text)
    I2C2_ER_IRQHandler                       0x0800817b   Thumb Code     0  startup_stm32f40_41xxx.o(.text)
    I2C2_EV_IRQHandler                       0x0800817b   Thumb Code     0  startup_stm32f40_41xxx.o(.text)
    I2C3_ER_IRQHandler                       0x0800817b   Thumb Code     0  startup_stm32f40_41xxx.o(.text)
    I2C3_EV_IRQHandler                       0x0800817b   Thumb Code     0  startup_stm32f40_41xxx.o(.text)
    OTG_FS_IRQHandler                        0x0800817b   Thumb Code     0  startup_stm32f40_41xxx.o(.text)
    OTG_FS_WKUP_IRQHandler                   0x0800817b   Thumb Code     0  startup_stm32f40_41xxx.o(.text)
    OTG_HS_EP1_IN_IRQHandler                 0x0800817b   Thumb Code     0  startup_stm32f40_41xxx.o(.text)
    OTG_HS_EP1_OUT_IRQHandler                0x0800817b   Thumb Code     0  startup_stm32f40_41xxx.o(.text)
    OTG_HS_IRQHandler                        0x0800817b   Thumb Code     0  startup_stm32f40_41xxx.o(.text)
    OTG_HS_WKUP_IRQHandler                   0x0800817b   Thumb Code     0  startup_stm32f40_41xxx.o(.text)
    PVD_IRQHandler                           0x0800817b   Thumb Code     0  startup_stm32f40_41xxx.o(.text)
    RCC_IRQHandler                           0x0800817b   Thumb Code     0  startup_stm32f40_41xxx.o(.text)
    RTC_Alarm_IRQHandler                     0x0800817b   Thumb Code     0  startup_stm32f40_41xxx.o(.text)
    RTC_WKUP_IRQHandler                      0x0800817b   Thumb Code     0  startup_stm32f40_41xxx.o(.text)
    SPI1_IRQHandler                          0x0800817b   Thumb Code     0  startup_stm32f40_41xxx.o(.text)
    SPI2_IRQHandler                          0x0800817b   Thumb Code     0  startup_stm32f40_41xxx.o(.text)
    SPI3_IRQHandler                          0x0800817b   Thumb Code     0  startup_stm32f40_41xxx.o(.text)
    TAMP_STAMP_IRQHandler                    0x0800817b   Thumb Code     0  startup_stm32f40_41xxx.o(.text)
    TIM1_BRK_TIM9_IRQHandler                 0x0800817b   Thumb Code     0  startup_stm32f40_41xxx.o(.text)
    TIM1_CC_IRQHandler                       0x0800817b   Thumb Code     0  startup_stm32f40_41xxx.o(.text)
    TIM1_TRG_COM_TIM11_IRQHandler            0x0800817b   Thumb Code     0  startup_stm32f40_41xxx.o(.text)
    TIM1_UP_TIM10_IRQHandler                 0x0800817b   Thumb Code     0  startup_stm32f40_41xxx.o(.text)
    TIM2_IRQHandler                          0x0800817b   Thumb Code     0  startup_stm32f40_41xxx.o(.text)
    TIM3_IRQHandler                          0x0800817b   Thumb Code     0  startup_stm32f40_41xxx.o(.text)
    TIM5_IRQHandler                          0x0800817b   Thumb Code     0  startup_stm32f40_41xxx.o(.text)
    TIM6_DAC_IRQHandler                      0x0800817b   Thumb Code     0  startup_stm32f40_41xxx.o(.text)
    TIM7_IRQHandler                          0x0800817b   Thumb Code     0  startup_stm32f40_41xxx.o(.text)
    TIM8_BRK_TIM12_IRQHandler                0x0800817b   Thumb Code     0  startup_stm32f40_41xxx.o(.text)
    TIM8_CC_IRQHandler                       0x0800817b   Thumb Code     0  startup_stm32f40_41xxx.o(.text)
    TIM8_TRG_COM_TIM14_IRQHandler            0x0800817b   Thumb Code     0  startup_stm32f40_41xxx.o(.text)
    TIM8_UP_TIM13_IRQHandler                 0x0800817b   Thumb Code     0  startup_stm32f40_41xxx.o(.text)
    UART4_IRQHandler                         0x0800817b   Thumb Code     0  startup_stm32f40_41xxx.o(.text)
    UART5_IRQHandler                         0x0800817b   Thumb Code     0  startup_stm32f40_41xxx.o(.text)
    USART2_IRQHandler                        0x0800817b   Thumb Code     0  startup_stm32f40_41xxx.o(.text)
    USART3_IRQHandler                        0x0800817b   Thumb Code     0  startup_stm32f40_41xxx.o(.text)
    USART6_IRQHandler                        0x0800817b   Thumb Code     0  startup_stm32f40_41xxx.o(.text)
    WWDG_IRQHandler                          0x0800817b   Thumb Code     0  startup_stm32f40_41xxx.o(.text)
    __user_initial_stackheap                 0x0800817d   Thumb Code     0  startup_stm32f40_41xxx.o(.text)
    NVIC_PriorityGroupConfig                 0x080081a1   Thumb Code    10  misc.o(.text)
    NVIC_Init                                0x080081ab   Thumb Code   106  misc.o(.text)
    NVIC_SetVectorTable                      0x08008215   Thumb Code    14  misc.o(.text)
    NVIC_SystemLPConfig                      0x08008223   Thumb Code    34  misc.o(.text)
    SysTick_CLKSourceConfig                  0x08008245   Thumb Code    40  misc.o(.text)
    GPIO_DeInit                              0x08008281   Thumb Code   268  stm32f4xx_gpio.o(.text)
    GPIO_Init                                0x0800838d   Thumb Code   144  stm32f4xx_gpio.o(.text)
    GPIO_StructInit                          0x0800841d   Thumb Code    18  stm32f4xx_gpio.o(.text)
    GPIO_PinLockConfig                       0x0800842f   Thumb Code    34  stm32f4xx_gpio.o(.text)
    GPIO_ReadInputDataBit                    0x08008451   Thumb Code    18  stm32f4xx_gpio.o(.text)
    GPIO_ReadInputData                       0x08008463   Thumb Code     8  stm32f4xx_gpio.o(.text)
    GPIO_ReadOutputDataBit                   0x0800846b   Thumb Code    18  stm32f4xx_gpio.o(.text)
    GPIO_ReadOutputData                      0x0800847d   Thumb Code     8  stm32f4xx_gpio.o(.text)
    GPIO_SetBits                             0x08008485   Thumb Code     4  stm32f4xx_gpio.o(.text)
    GPIO_ResetBits                           0x08008489   Thumb Code     4  stm32f4xx_gpio.o(.text)
    GPIO_WriteBit                            0x0800848d   Thumb Code    10  stm32f4xx_gpio.o(.text)
    GPIO_Write                               0x08008497   Thumb Code     4  stm32f4xx_gpio.o(.text)
    GPIO_ToggleBits                          0x0800849b   Thumb Code     8  stm32f4xx_gpio.o(.text)
    GPIO_PinAFConfig                         0x080084a3   Thumb Code    70  stm32f4xx_gpio.o(.text)
    FSMC_NORSRAMDeInit                       0x08008515   Thumb Code    54  stm32f4xx_fsmc.o(.text)
    FSMC_NORSRAMInit                         0x0800854b   Thumb Code   230  stm32f4xx_fsmc.o(.text)
    FSMC_NORSRAMStructInit                   0x08008631   Thumb Code    48  stm32f4xx_fsmc.o(.text)
    FSMC_NORSRAMCmd                          0x08008661   Thumb Code    46  stm32f4xx_fsmc.o(.text)
    FSMC_NANDDeInit                          0x0800868f   Thumb Code    62  stm32f4xx_fsmc.o(.text)
    FSMC_NANDInit                            0x080086cd   Thumb Code   132  stm32f4xx_fsmc.o(.text)
    FSMC_NANDStructInit                      0x08008751   Thumb Code    54  stm32f4xx_fsmc.o(.text)
    FSMC_NANDCmd                             0x08008787   Thumb Code    86  stm32f4xx_fsmc.o(.text)
    FSMC_NANDECCCmd                          0x080087dd   Thumb Code    86  stm32f4xx_fsmc.o(.text)
    FSMC_GetECC                              0x08008833   Thumb Code    24  stm32f4xx_fsmc.o(.text)
    FSMC_PCCARDDeInit                        0x0800884b   Thumb Code    36  stm32f4xx_fsmc.o(.text)
    FSMC_PCCARDInit                          0x0800886f   Thumb Code   130  stm32f4xx_fsmc.o(.text)
    FSMC_PCCARDStructInit                    0x080088f1   Thumb Code    60  stm32f4xx_fsmc.o(.text)
    FSMC_PCCARDCmd                           0x0800892d   Thumb Code    44  stm32f4xx_fsmc.o(.text)
    FSMC_ITConfig                            0x08008959   Thumb Code   128  stm32f4xx_fsmc.o(.text)
    FSMC_GetFlagStatus                       0x080089d9   Thumb Code    54  stm32f4xx_fsmc.o(.text)
    FSMC_ClearFlag                           0x08008a0f   Thumb Code    74  stm32f4xx_fsmc.o(.text)
    FSMC_GetITStatus                         0x08008a59   Thumb Code    62  stm32f4xx_fsmc.o(.text)
    FSMC_ClearITPendingBit                   0x08008a97   Thumb Code    66  stm32f4xx_fsmc.o(.text)
    RCC_DeInit                               0x08008add   Thumb Code    82  stm32f4xx_rcc.o(.text)
    RCC_HSEConfig                            0x08008b2f   Thumb Code    14  stm32f4xx_rcc.o(.text)
    RCC_GetFlagStatus                        0x08008b3d   Thumb Code    60  stm32f4xx_rcc.o(.text)
    RCC_WaitForHSEStartUp                    0x08008b79   Thumb Code    56  stm32f4xx_rcc.o(.text)
    RCC_AdjustHSICalibrationValue            0x08008bb1   Thumb Code    20  stm32f4xx_rcc.o(.text)
    RCC_HSICmd                               0x08008bc5   Thumb Code     6  stm32f4xx_rcc.o(.text)
    RCC_LSEConfig                            0x08008bcb   Thumb Code    46  stm32f4xx_rcc.o(.text)
    RCC_LSICmd                               0x08008bf9   Thumb Code     6  stm32f4xx_rcc.o(.text)
    RCC_PLLConfig                            0x08008bff   Thumb Code    32  stm32f4xx_rcc.o(.text)
    RCC_PLLCmd                               0x08008c1f   Thumb Code     6  stm32f4xx_rcc.o(.text)
    RCC_PLLI2SConfig                         0x08008c25   Thumb Code    14  stm32f4xx_rcc.o(.text)
    RCC_PLLI2SCmd                            0x08008c33   Thumb Code     6  stm32f4xx_rcc.o(.text)
    RCC_PLLSAIConfig                         0x08008c39   Thumb Code    20  stm32f4xx_rcc.o(.text)
    RCC_PLLSAICmd                            0x08008c4d   Thumb Code     6  stm32f4xx_rcc.o(.text)
    RCC_ClockSecuritySystemCmd               0x08008c53   Thumb Code     6  stm32f4xx_rcc.o(.text)
    RCC_MCO1Config                           0x08008c59   Thumb Code    28  stm32f4xx_rcc.o(.text)
    RCC_MCO2Config                           0x08008c75   Thumb Code    28  stm32f4xx_rcc.o(.text)
    RCC_SYSCLKConfig                         0x08008c91   Thumb Code    20  stm32f4xx_rcc.o(.text)
    RCC_GetSYSCLKSource                      0x08008ca5   Thumb Code    12  stm32f4xx_rcc.o(.text)
    RCC_HCLKConfig                           0x08008cb1   Thumb Code    20  stm32f4xx_rcc.o(.text)
    RCC_PCLK1Config                          0x08008cc5   Thumb Code    20  stm32f4xx_rcc.o(.text)
    RCC_PCLK2Config                          0x08008cd9   Thumb Code    22  stm32f4xx_rcc.o(.text)
    RCC_GetClocksFreq                        0x08008cef   Thumb Code   222  stm32f4xx_rcc.o(.text)
    RCC_RTCCLKConfig                         0x08008dcd   Thumb Code    54  stm32f4xx_rcc.o(.text)
    RCC_RTCCLKCmd                            0x08008e03   Thumb Code     8  stm32f4xx_rcc.o(.text)
    RCC_BackupResetCmd                       0x08008e0b   Thumb Code     8  stm32f4xx_rcc.o(.text)
    RCC_I2SCLKConfig                         0x08008e13   Thumb Code     6  stm32f4xx_rcc.o(.text)
    RCC_SAIPLLI2SClkDivConfig                0x08008e19   Thumb Code    26  stm32f4xx_rcc.o(.text)
    RCC_SAIPLLSAIClkDivConfig                0x08008e33   Thumb Code    28  stm32f4xx_rcc.o(.text)
    RCC_SAIBlockACLKConfig                   0x08008e4f   Thumb Code    20  stm32f4xx_rcc.o(.text)
    RCC_SAIBlockBCLKConfig                   0x08008e63   Thumb Code    20  stm32f4xx_rcc.o(.text)
    RCC_LTDCCLKDivConfig                     0x08008e77   Thumb Code    20  stm32f4xx_rcc.o(.text)
    RCC_TIMCLKPresConfig                     0x08008e8b   Thumb Code     6  stm32f4xx_rcc.o(.text)
    RCC_AHB1PeriphClockCmd                   0x08008e91   Thumb Code    34  stm32f4xx_rcc.o(.text)
    RCC_AHB2PeriphClockCmd                   0x08008eb3   Thumb Code    78  stm32f4xx_rcc.o(.text)
    RCC_AHB3PeriphClockCmd                   0x08008f01   Thumb Code    34  stm32f4xx_rcc.o(.text)
    RCC_APB1PeriphClockCmd                   0x08008f23   Thumb Code    34  stm32f4xx_rcc.o(.text)
    RCC_APB2PeriphClockCmd                   0x08008f45   Thumb Code    34  stm32f4xx_rcc.o(.text)
    RCC_AHB1PeriphResetCmd                   0x08008f67   Thumb Code    34  stm32f4xx_rcc.o(.text)
    RCC_AHB2PeriphResetCmd                   0x08008f89   Thumb Code    34  stm32f4xx_rcc.o(.text)
    RCC_AHB3PeriphResetCmd                   0x08008fab   Thumb Code    34  stm32f4xx_rcc.o(.text)
    RCC_APB1PeriphResetCmd                   0x08008fcd   Thumb Code    34  stm32f4xx_rcc.o(.text)
    RCC_APB2PeriphResetCmd                   0x08008fef   Thumb Code    34  stm32f4xx_rcc.o(.text)
    RCC_AHB1PeriphClockLPModeCmd             0x08009011   Thumb Code    34  stm32f4xx_rcc.o(.text)
    RCC_AHB2PeriphClockLPModeCmd             0x08009033   Thumb Code    34  stm32f4xx_rcc.o(.text)
    RCC_AHB3PeriphClockLPModeCmd             0x08009055   Thumb Code    34  stm32f4xx_rcc.o(.text)
    RCC_APB1PeriphClockLPModeCmd             0x08009077   Thumb Code    34  stm32f4xx_rcc.o(.text)
    RCC_APB2PeriphClockLPModeCmd             0x08009099   Thumb Code    34  stm32f4xx_rcc.o(.text)
    RCC_LSEModeConfig                        0x080090bb   Thumb Code    40  stm32f4xx_rcc.o(.text)
    RCC_ITConfig                             0x080090e3   Thumb Code    34  stm32f4xx_rcc.o(.text)
    RCC_ClearFlag                            0x08009105   Thumb Code    18  stm32f4xx_rcc.o(.text)
    RCC_GetITStatus                          0x08009117   Thumb Code    22  stm32f4xx_rcc.o(.text)
    RCC_ClearITPendingBit                    0x0800912d   Thumb Code     8  stm32f4xx_rcc.o(.text)
    USART_DeInit                             0x08009139   Thumb Code   206  stm32f4xx_usart.o(.text)
    USART_Init                               0x08009207   Thumb Code   204  stm32f4xx_usart.o(.text)
    USART_StructInit                         0x080092d3   Thumb Code    24  stm32f4xx_usart.o(.text)
    USART_ClockInit                          0x080092eb   Thumb Code    32  stm32f4xx_usart.o(.text)
    USART_ClockStructInit                    0x0800930b   Thumb Code    12  stm32f4xx_usart.o(.text)
    USART_Cmd                                0x08009317   Thumb Code    24  stm32f4xx_usart.o(.text)
    USART_SetPrescaler                       0x0800932f   Thumb Code    16  stm32f4xx_usart.o(.text)
    USART_OverSampling8Cmd                   0x0800933f   Thumb Code    22  stm32f4xx_usart.o(.text)
    USART_OneBitMethodCmd                    0x08009355   Thumb Code    24  stm32f4xx_usart.o(.text)
    USART_SendData                           0x0800936d   Thumb Code     8  stm32f4xx_usart.o(.text)
    USART_ReceiveData                        0x08009375   Thumb Code    10  stm32f4xx_usart.o(.text)
    USART_SetAddress                         0x0800937f   Thumb Code    18  stm32f4xx_usart.o(.text)
    USART_ReceiverWakeUpCmd                  0x08009391   Thumb Code    24  stm32f4xx_usart.o(.text)
    USART_WakeUpConfig                       0x080093a9   Thumb Code    18  stm32f4xx_usart.o(.text)
    USART_LINBreakDetectLengthConfig         0x080093bb   Thumb Code    18  stm32f4xx_usart.o(.text)
    USART_LINCmd                             0x080093cd   Thumb Code    24  stm32f4xx_usart.o(.text)
    USART_SendBreak                          0x080093e5   Thumb Code    10  stm32f4xx_usart.o(.text)
    USART_HalfDuplexCmd                      0x080093ef   Thumb Code    24  stm32f4xx_usart.o(.text)
    USART_SetGuardTime                       0x08009407   Thumb Code    16  stm32f4xx_usart.o(.text)
    USART_SmartCardCmd                       0x08009417   Thumb Code    24  stm32f4xx_usart.o(.text)
    USART_SmartCardNACKCmd                   0x0800942f   Thumb Code    24  stm32f4xx_usart.o(.text)
    USART_IrDAConfig                         0x08009447   Thumb Code    18  stm32f4xx_usart.o(.text)
    USART_IrDACmd                            0x08009459   Thumb Code    24  stm32f4xx_usart.o(.text)
    USART_DMACmd                             0x08009471   Thumb Code    18  stm32f4xx_usart.o(.text)
    USART_ITConfig                           0x08009483   Thumb Code    74  stm32f4xx_usart.o(.text)
    USART_GetFlagStatus                      0x080094cd   Thumb Code    26  stm32f4xx_usart.o(.text)
    USART_ClearFlag                          0x080094e7   Thumb Code    18  stm32f4xx_usart.o(.text)
    USART_GetITStatus                        0x080094f9   Thumb Code   118  stm32f4xx_usart.o(.text)
    USART_ClearITPendingBit                  0x0800956f   Thumb Code    30  stm32f4xx_usart.o(.text)
    TIM_DeInit                               0x0800958d   Thumb Code   346  stm32f4xx_tim.o(.text)
    TIM_TimeBaseInit                         0x080096e7   Thumb Code   104  stm32f4xx_tim.o(.text)
    TIM_TimeBaseStructInit                   0x0800974f   Thumb Code    18  stm32f4xx_tim.o(.text)
    TIM_PrescalerConfig                      0x08009761   Thumb Code     6  stm32f4xx_tim.o(.text)
    TIM_CounterModeConfig                    0x08009767   Thumb Code    18  stm32f4xx_tim.o(.text)
    TIM_SetCounter                           0x08009779   Thumb Code     4  stm32f4xx_tim.o(.text)
    TIM_SetAutoreload                        0x0800977d   Thumb Code     4  stm32f4xx_tim.o(.text)
    TIM_GetCounter                           0x08009781   Thumb Code     6  stm32f4xx_tim.o(.text)
    TIM_GetPrescaler                         0x08009787   Thumb Code     6  stm32f4xx_tim.o(.text)
    TIM_UpdateDisableConfig                  0x0800978d   Thumb Code    24  stm32f4xx_tim.o(.text)
    TIM_UpdateRequestConfig                  0x080097a5   Thumb Code    24  stm32f4xx_tim.o(.text)
    TIM_ARRPreloadConfig                     0x080097bd   Thumb Code    24  stm32f4xx_tim.o(.text)
    TIM_SelectOnePulseMode                   0x080097d5   Thumb Code    18  stm32f4xx_tim.o(.text)
    TIM_SetClockDivision                     0x080097e7   Thumb Code    18  stm32f4xx_tim.o(.text)
    TIM_Cmd                                  0x080097f9   Thumb Code    24  stm32f4xx_tim.o(.text)
    TIM_OC1Init                              0x08009811   Thumb Code   114  stm32f4xx_tim.o(.text)
    TIM_OC2Init                              0x08009883   Thumb Code   154  stm32f4xx_tim.o(.text)
    TIM_OC3Init                              0x0800991d   Thumb Code   204  stm32f4xx_tim.o(.text)
    TIM_OC4Init                              0x080099e9   Thumb Code   112  stm32f4xx_tim.o(.text)
    TIM_OCStructInit                         0x08009a59   Thumb Code    20  stm32f4xx_tim.o(.text)
    TIM_SelectOCxM                           0x08009a6d   Thumb Code    86  stm32f4xx_tim.o(.text)
    TIM_SetCompare1                          0x08009ac3   Thumb Code     4  stm32f4xx_tim.o(.text)
    TIM_SetCompare2                          0x08009ac7   Thumb Code     4  stm32f4xx_tim.o(.text)
    TIM_SetCompare3                          0x08009acb   Thumb Code     4  stm32f4xx_tim.o(.text)
    TIM_SetCompare4                          0x08009acf   Thumb Code     4  stm32f4xx_tim.o(.text)
    TIM_ForcedOC1Config                      0x08009ad3   Thumb Code    18  stm32f4xx_tim.o(.text)
    TIM_ForcedOC2Config                      0x08009ae5   Thumb Code    26  stm32f4xx_tim.o(.text)
    TIM_ForcedOC3Config                      0x08009aff   Thumb Code    18  stm32f4xx_tim.o(.text)
    TIM_ForcedOC4Config                      0x08009b11   Thumb Code    26  stm32f4xx_tim.o(.text)
    TIM_OC1PreloadConfig                     0x08009b2b   Thumb Code    18  stm32f4xx_tim.o(.text)
    TIM_OC2PreloadConfig                     0x08009b3d   Thumb Code    26  stm32f4xx_tim.o(.text)
    TIM_OC3PreloadConfig                     0x08009b57   Thumb Code    18  stm32f4xx_tim.o(.text)
    TIM_OC4PreloadConfig                     0x08009b69   Thumb Code    26  stm32f4xx_tim.o(.text)
    TIM_OC1FastConfig                        0x08009b83   Thumb Code    18  stm32f4xx_tim.o(.text)
    TIM_OC2FastConfig                        0x08009b95   Thumb Code    26  stm32f4xx_tim.o(.text)
    TIM_OC3FastConfig                        0x08009baf   Thumb Code    18  stm32f4xx_tim.o(.text)
    TIM_OC4FastConfig                        0x08009bc1   Thumb Code    26  stm32f4xx_tim.o(.text)
    TIM_ClearOC1Ref                          0x08009bdb   Thumb Code    18  stm32f4xx_tim.o(.text)
    TIM_ClearOC2Ref                          0x08009bed   Thumb Code    24  stm32f4xx_tim.o(.text)
    TIM_ClearOC3Ref                          0x08009c05   Thumb Code    18  stm32f4xx_tim.o(.text)
    TIM_ClearOC4Ref                          0x08009c17   Thumb Code    24  stm32f4xx_tim.o(.text)
    TIM_OC1PolarityConfig                    0x08009c2f   Thumb Code    18  stm32f4xx_tim.o(.text)
    TIM_OC1NPolarityConfig                   0x08009c41   Thumb Code    18  stm32f4xx_tim.o(.text)
    TIM_OC2PolarityConfig                    0x08009c53   Thumb Code    26  stm32f4xx_tim.o(.text)
    TIM_OC2NPolarityConfig                   0x08009c6d   Thumb Code    26  stm32f4xx_tim.o(.text)
    TIM_OC3PolarityConfig                    0x08009c87   Thumb Code    26  stm32f4xx_tim.o(.text)
    TIM_OC3NPolarityConfig                   0x08009ca1   Thumb Code    26  stm32f4xx_tim.o(.text)
    TIM_OC4PolarityConfig                    0x08009cbb   Thumb Code    26  stm32f4xx_tim.o(.text)
    TIM_CCxCmd                               0x08009cd5   Thumb Code    30  stm32f4xx_tim.o(.text)
    TIM_CCxNCmd                              0x08009cf3   Thumb Code    30  stm32f4xx_tim.o(.text)
    TIM_SetIC4Prescaler                      0x08009d11   Thumb Code    26  stm32f4xx_tim.o(.text)
    TIM_SetIC3Prescaler                      0x08009d7b   Thumb Code    18  stm32f4xx_tim.o(.text)
    TIM_SetIC2Prescaler                      0x08009dd5   Thumb Code    26  stm32f4xx_tim.o(.text)
    TIM_SetIC1Prescaler                      0x08009e49   Thumb Code    18  stm32f4xx_tim.o(.text)
    TIM_ICInit                               0x08009e95   Thumb Code   110  stm32f4xx_tim.o(.text)
    TIM_ICStructInit                         0x08009f03   Thumb Code    18  stm32f4xx_tim.o(.text)
    TIM_PWMIConfig                           0x08009f15   Thumb Code   124  stm32f4xx_tim.o(.text)
    TIM_GetCapture1                          0x08009f91   Thumb Code     6  stm32f4xx_tim.o(.text)
    TIM_GetCapture2                          0x08009f97   Thumb Code     6  stm32f4xx_tim.o(.text)
    TIM_GetCapture3                          0x08009f9d   Thumb Code     6  stm32f4xx_tim.o(.text)
    TIM_GetCapture4                          0x08009fa3   Thumb Code     6  stm32f4xx_tim.o(.text)
    TIM_BDTRConfig                           0x08009fa9   Thumb Code    32  stm32f4xx_tim.o(.text)
    TIM_BDTRStructInit                       0x08009fc9   Thumb Code    18  stm32f4xx_tim.o(.text)
    TIM_CtrlPWMOutputs                       0x08009fdb   Thumb Code    30  stm32f4xx_tim.o(.text)
    TIM_SelectCOM                            0x08009ff9   Thumb Code    24  stm32f4xx_tim.o(.text)
    TIM_CCPreloadControl                     0x0800a011   Thumb Code    24  stm32f4xx_tim.o(.text)
    TIM_ITConfig                             0x0800a029   Thumb Code    18  stm32f4xx_tim.o(.text)
    TIM_GenerateEvent                        0x0800a03b   Thumb Code     4  stm32f4xx_tim.o(.text)
    TIM_GetFlagStatus                        0x0800a03f   Thumb Code    18  stm32f4xx_tim.o(.text)
    TIM_ClearFlag                            0x0800a051   Thumb Code     6  stm32f4xx_tim.o(.text)
    TIM_GetITStatus                          0x0800a057   Thumb Code    34  stm32f4xx_tim.o(.text)
    TIM_ClearITPendingBit                    0x0800a079   Thumb Code     6  stm32f4xx_tim.o(.text)
    TIM_DMAConfig                            0x0800a07f   Thumb Code    10  stm32f4xx_tim.o(.text)
    TIM_DMACmd                               0x0800a089   Thumb Code    18  stm32f4xx_tim.o(.text)
    TIM_SelectCCDMA                          0x0800a09b   Thumb Code    24  stm32f4xx_tim.o(.text)
    TIM_InternalClockConfig                  0x0800a0b3   Thumb Code    12  stm32f4xx_tim.o(.text)
    TIM_SelectInputTrigger                   0x0800a0bf   Thumb Code    18  stm32f4xx_tim.o(.text)
    TIM_ITRxExternalClockConfig              0x0800a0d1   Thumb Code    24  stm32f4xx_tim.o(.text)
    TIM_TIxExternalClockConfig               0x0800a0e9   Thumb Code    62  stm32f4xx_tim.o(.text)
    TIM_ETRConfig                            0x0800a127   Thumb Code    28  stm32f4xx_tim.o(.text)
    TIM_ETRClockMode1Config                  0x0800a143   Thumb Code    54  stm32f4xx_tim.o(.text)
    TIM_ETRClockMode2Config                  0x0800a179   Thumb Code    32  stm32f4xx_tim.o(.text)
    TIM_SelectOutputTrigger                  0x0800a199   Thumb Code    18  stm32f4xx_tim.o(.text)
    TIM_SelectSlaveMode                      0x0800a1ab   Thumb Code    18  stm32f4xx_tim.o(.text)
    TIM_SelectMasterSlaveMode                0x0800a1bd   Thumb Code    18  stm32f4xx_tim.o(.text)
    TIM_EncoderInterfaceConfig               0x0800a1cf   Thumb Code    66  stm32f4xx_tim.o(.text)
    TIM_SelectHallSensor                     0x0800a211   Thumb Code    24  stm32f4xx_tim.o(.text)
    TIM_RemapConfig                          0x0800a229   Thumb Code     6  stm32f4xx_tim.o(.text)
    SPI_I2S_DeInit                           0x0800a231   Thumb Code   152  stm32f4xx_spi.o(.text)
    SPI_Init                                 0x0800a2c9   Thumb Code    60  stm32f4xx_spi.o(.text)
    I2S_Init                                 0x0800a305   Thumb Code   396  stm32f4xx_spi.o(.text)
    SPI_StructInit                           0x0800a491   Thumb Code    24  stm32f4xx_spi.o(.text)
    I2S_StructInit                           0x0800a4a9   Thumb Code    20  stm32f4xx_spi.o(.text)
    SPI_Cmd                                  0x0800a4bd   Thumb Code    24  stm32f4xx_spi.o(.text)
    I2S_Cmd                                  0x0800a4d5   Thumb Code    24  stm32f4xx_spi.o(.text)
    SPI_DataSizeConfig                       0x0800a4ed   Thumb Code    18  stm32f4xx_spi.o(.text)
    SPI_BiDirectionalLineConfig              0x0800a4ff   Thumb Code    28  stm32f4xx_spi.o(.text)
    SPI_NSSInternalSoftwareConfig            0x0800a51b   Thumb Code    30  stm32f4xx_spi.o(.text)
    SPI_SSOutputCmd                          0x0800a539   Thumb Code    24  stm32f4xx_spi.o(.text)
    SPI_TIModeCmd                            0x0800a551   Thumb Code    24  stm32f4xx_spi.o(.text)
    I2S_FullDuplexConfig                     0x0800a569   Thumb Code    80  stm32f4xx_spi.o(.text)
    SPI_I2S_ReceiveData                      0x0800a5b9   Thumb Code     6  stm32f4xx_spi.o(.text)
    SPI_I2S_SendData                         0x0800a5bf   Thumb Code     4  stm32f4xx_spi.o(.text)
    SPI_CalculateCRC                         0x0800a5c3   Thumb Code    24  stm32f4xx_spi.o(.text)
    SPI_TransmitCRC                          0x0800a5db   Thumb Code    10  stm32f4xx_spi.o(.text)
    SPI_GetCRC                               0x0800a5e5   Thumb Code    16  stm32f4xx_spi.o(.text)
    SPI_GetCRCPolynomial                     0x0800a5f5   Thumb Code     6  stm32f4xx_spi.o(.text)
    SPI_I2S_DMACmd                           0x0800a5fb   Thumb Code    18  stm32f4xx_spi.o(.text)
    SPI_I2S_ITConfig                         0x0800a60d   Thumb Code    68  stm32f4xx_spi.o(.text)
    SPI_I2S_GetFlagStatus                    0x0800a651   Thumb Code    18  stm32f4xx_spi.o(.text)
    SPI_I2S_ClearFlag                        0x0800a663   Thumb Code     6  stm32f4xx_spi.o(.text)
    SPI_I2S_GetITStatus                      0x0800a669   Thumb Code    52  stm32f4xx_spi.o(.text)
    SPI_I2S_ClearITPendingBit                0x0800a69d   Thumb Code    20  stm32f4xx_spi.o(.text)
    SDIO_DeInit                              0x0800a6b1   Thumb Code    22  stm32f4xx_sdio.o(.text)
    SDIO_Init                                0x0800a6c7   Thumb Code    42  stm32f4xx_sdio.o(.text)
    SDIO_StructInit                          0x0800a6f1   Thumb Code    16  stm32f4xx_sdio.o(.text)
    SDIO_ClockCmd                            0x0800a701   Thumb Code     6  stm32f4xx_sdio.o(.text)
    SDIO_SetPowerState                       0x0800a707   Thumb Code     8  stm32f4xx_sdio.o(.text)
    SDIO_GetPowerState                       0x0800a70f   Thumb Code    12  stm32f4xx_sdio.o(.text)
    SDIO_SendCommand                         0x0800a71b   Thumb Code    42  stm32f4xx_sdio.o(.text)
    SDIO_CmdStructInit                       0x0800a745   Thumb Code    14  stm32f4xx_sdio.o(.text)
    SDIO_GetCommandResponse                  0x0800a753   Thumb Code    10  stm32f4xx_sdio.o(.text)
    SDIO_GetResponse                         0x0800a75d   Thumb Code    22  stm32f4xx_sdio.o(.text)
    SDIO_DataConfig                          0x0800a773   Thumb Code    48  stm32f4xx_sdio.o(.text)
    SDIO_DataStructInit                      0x0800a7a3   Thumb Code    20  stm32f4xx_sdio.o(.text)
    SDIO_GetDataCounter                      0x0800a7b7   Thumb Code     8  stm32f4xx_sdio.o(.text)
    SDIO_ReadData                            0x0800a7bf   Thumb Code     8  stm32f4xx_sdio.o(.text)
    SDIO_WriteData                           0x0800a7c7   Thumb Code     8  stm32f4xx_sdio.o(.text)
    SDIO_GetFIFOCount                        0x0800a7cf   Thumb Code     8  stm32f4xx_sdio.o(.text)
    SDIO_StartSDIOReadWait                   0x0800a7d7   Thumb Code     6  stm32f4xx_sdio.o(.text)
    SDIO_StopSDIOReadWait                    0x0800a7dd   Thumb Code     8  stm32f4xx_sdio.o(.text)
    SDIO_SetSDIOReadWaitMode                 0x0800a7e5   Thumb Code     8  stm32f4xx_sdio.o(.text)
    SDIO_SetSDIOOperation                    0x0800a7ed   Thumb Code     8  stm32f4xx_sdio.o(.text)
    SDIO_SendSDIOSuspendCmd                  0x0800a7f5   Thumb Code     6  stm32f4xx_sdio.o(.text)
    SDIO_CommandCompletionCmd                0x0800a7fb   Thumb Code     8  stm32f4xx_sdio.o(.text)
    SDIO_CEATAITCmd                          0x0800a803   Thumb Code    12  stm32f4xx_sdio.o(.text)
    SDIO_SendCEATACmd                        0x0800a80f   Thumb Code     8  stm32f4xx_sdio.o(.text)
    SDIO_DMACmd                              0x0800a817   Thumb Code     8  stm32f4xx_sdio.o(.text)
    SDIO_ITConfig                            0x0800a81f   Thumb Code    34  stm32f4xx_sdio.o(.text)
    SDIO_GetFlagStatus                       0x0800a841   Thumb Code    22  stm32f4xx_sdio.o(.text)
    SDIO_ClearFlag                           0x0800a857   Thumb Code     8  stm32f4xx_sdio.o(.text)
    SDIO_GetITStatus                         0x0800a85f   Thumb Code    22  stm32f4xx_sdio.o(.text)
    SDIO_ClearITPendingBit                   0x0800a875   Thumb Code     8  stm32f4xx_sdio.o(.text)
    DMA_DeInit                               0x0800a88d   Thumb Code   324  stm32f4xx_dma.o(.text)
    DMA_Init                                 0x0800a9d1   Thumb Code    82  stm32f4xx_dma.o(.text)
    DMA_StructInit                           0x0800aa23   Thumb Code    34  stm32f4xx_dma.o(.text)
    DMA_Cmd                                  0x0800aa45   Thumb Code    22  stm32f4xx_dma.o(.text)
    DMA_PeriphIncOffsetSizeConfig            0x0800aa5b   Thumb Code    22  stm32f4xx_dma.o(.text)
    DMA_FlowControllerConfig                 0x0800aa71   Thumb Code    22  stm32f4xx_dma.o(.text)
    DMA_SetCurrDataCounter                   0x0800aa87   Thumb Code     4  stm32f4xx_dma.o(.text)
    DMA_GetCurrDataCounter                   0x0800aa8b   Thumb Code     8  stm32f4xx_dma.o(.text)
    DMA_DoubleBufferModeConfig               0x0800aa93   Thumb Code    24  stm32f4xx_dma.o(.text)
    DMA_DoubleBufferModeCmd                  0x0800aaab   Thumb Code    22  stm32f4xx_dma.o(.text)
    DMA_MemoryTargetConfig                   0x0800aac1   Thumb Code    10  stm32f4xx_dma.o(.text)
    DMA_GetCurrentMemoryTarget               0x0800aacb   Thumb Code    20  stm32f4xx_dma.o(.text)
    DMA_GetCmdStatus                         0x0800aadf   Thumb Code    20  stm32f4xx_dma.o(.text)
    DMA_GetFIFOStatus                        0x0800aaf3   Thumb Code    12  stm32f4xx_dma.o(.text)
    DMA_GetFlagStatus                        0x0800aaff   Thumb Code    56  stm32f4xx_dma.o(.text)
    DMA_ClearFlag                            0x0800ab37   Thumb Code    40  stm32f4xx_dma.o(.text)
    DMA_ITConfig                             0x0800ab5f   Thumb Code    58  stm32f4xx_dma.o(.text)
    DMA_GetITStatus                          0x0800ab99   Thumb Code    84  stm32f4xx_dma.o(.text)
    DMA_ClearITPendingBit                    0x0800abed   Thumb Code    40  stm32f4xx_dma.o(.text)
    mymemcpy                                 0x0800ac35   Thumb Code    26  malloc.o(.text)
    mymemset                                 0x0800ac4f   Thumb Code    20  malloc.o(.text)
    my_mem_init                              0x0800ac63   Thumb Code    54  malloc.o(.text)
    my_mem_perused                           0x0800ac99   Thumb Code    54  malloc.o(.text)
    my_mem_malloc                            0x0800accf   Thumb Code   154  malloc.o(.text)
    my_mem_free                              0x0800ad69   Thumb Code    94  malloc.o(.text)
    myfree                                   0x0800adc7   Thumb Code    32  malloc.o(.text)
    mymalloc                                 0x0800ade7   Thumb Code    36  malloc.o(.text)
    myrealloc                                0x0800ae0b   Thumb Code    68  malloc.o(.text)
    usmart_sys_cmd_exe                       0x0800ae61   Thumb Code  1554  usmart.o(.text)
    usmart_reset_runtime                     0x0800b473   Thumb Code    38  usmart.o(.text)
    usmart_get_runtime                       0x0800b499   Thumb Code    60  usmart.o(.text)
    TIM4_IRQHandler                          0x0800b4d5   Thumb Code    46  usmart.o(.text)
    Timer4_Init                              0x0800b503   Thumb Code    86  usmart.o(.text)
    usmart_init                              0x0800b559   Thumb Code    36  usmart.o(.text)
    usmart_cmd_rec                           0x0800b57d   Thumb Code   170  usmart.o(.text)
    usmart_exe                               0x0800b627   Thumb Code   868  usmart.o(.text)
    usmart_scan                              0x0800b98b   Thumb Code   120  usmart.o(.text)
    read_addr                                0x0800ba03   Thumb Code     6  usmart.o(.text)
    write_addr                               0x0800ba09   Thumb Code     4  usmart.o(.text)
    usmart_strcmp                            0x0800ba95   Thumb Code    34  usmart_str.o(.text)
    usmart_strcopy                           0x0800bab7   Thumb Code    22  usmart_str.o(.text)
    usmart_strlen                            0x0800bacd   Thumb Code    24  usmart_str.o(.text)
    usmart_pow                               0x0800bae5   Thumb Code    22  usmart_str.o(.text)
    usmart_str2num                           0x0800bafb   Thumb Code   202  usmart_str.o(.text)
    usmart_get_cmdname                       0x0800bbc5   Thumb Code    54  usmart_str.o(.text)
    usmart_search_nextc                      0x0800bbfb   Thumb Code    22  usmart_str.o(.text)
    usmart_get_fname                         0x0800bc11   Thumb Code   440  usmart_str.o(.text)
    usmart_get_aparm                         0x0800bdc9   Thumb Code   200  usmart_str.o(.text)
    usmart_get_parmpos                       0x0800be91   Thumb Code    26  usmart_str.o(.text)
    usmart_get_fparam                        0x0800beab   Thumb Code   262  usmart_str.o(.text)
    disk_initialize                          0x0800bfbd   Thumb Code    52  diskio.o(.text)
    disk_status                              0x0800bff1   Thumb Code     6  diskio.o(.text)
    disk_read                                0x0800bff7   Thumb Code   122  diskio.o(.text)
    disk_write                               0x0800c071   Thumb Code   122  diskio.o(.text)
    disk_ioctl                               0x0800c0eb   Thumb Code   170  diskio.o(.text)
    get_fattime                              0x0800c195   Thumb Code     4  diskio.o(.text)
    ff_memalloc                              0x0800c199   Thumb Code    14  diskio.o(.text)
    ff_memfree                               0x0800c1a7   Thumb Code    14  diskio.o(.text)
    clust2sect                               0x0800c36b   Thumb Code    26  ff.o(.text)
    get_fat                                  0x0800c385   Thumb Code   232  ff.o(.text)
    put_fat                                  0x0800c46d   Thumb Code   310  ff.o(.text)
    dir_sdi                                  0x0800c717   Thumb Code   158  ff.o(.text)
    f_mount                                  0x0800d789   Thumb Code    86  ff.o(.text)
    f_open                                   0x0800d7df   Thumb Code   384  ff.o(.text)
    f_read                                   0x0800d95f   Thumb Code   448  ff.o(.text)
    f_write                                  0x0800db1f   Thumb Code   490  ff.o(.text)
    f_sync                                   0x0800dd09   Thumb Code   176  ff.o(.text)
    f_close                                  0x0800ddb9   Thumb Code    36  ff.o(.text)
    f_lseek                                  0x0800dddd   Thumb Code   654  ff.o(.text)
    f_opendir                                0x0800e06b   Thumb Code   136  ff.o(.text)
    f_closedir                               0x0800e0f3   Thumb Code    22  ff.o(.text)
    f_readdir                                0x0800e109   Thumb Code   114  ff.o(.text)
    f_stat                                   0x0800e17b   Thumb Code    84  ff.o(.text)
    f_getfree                                0x0800e1cf   Thumb Code   258  ff.o(.text)
    f_truncate                               0x0800e2d1   Thumb Code   184  ff.o(.text)
    f_unlink                                 0x0800e389   Thumb Code   194  ff.o(.text)
    f_mkdir                                  0x0800e44b   Thumb Code   380  ff.o(.text)
    f_chmod                                  0x0800e5c7   Thumb Code   112  ff.o(.text)
    f_utime                                  0x0800e637   Thumb Code   110  ff.o(.text)
    f_rename                                 0x0800e6a5   Thumb Code   314  ff.o(.text)
    f_getlabel                               0x0800e7df   Thumb Code   190  ff.o(.text)
    f_setlabel                               0x0800e89d   Thumb Code   470  ff.o(.text)
    f_mkfs                                   0x0800ea73   Thumb Code  1570  ff.o(.text)
    f_gets                                   0x0800f095   Thumb Code    82  ff.o(.text)
    f_putc                                   0x0800f12b   Thumb Code    64  ff.o(.text)
    f_puts                                   0x0800f16b   Thumb Code    74  ff.o(.text)
    f_printf                                 0x0800f1b5   Thumb Code   674  ff.o(.text)
    exfuns_init                              0x0800f459   Thumb Code   114  exfuns.o(.text)
    char_upper                               0x0800f4cb   Thumb Code    26  exfuns.o(.text)
    f_typetell                               0x0800f4e5   Thumb Code   172  exfuns.o(.text)
    exf_getfree                              0x0800f591   Thumb Code    74  exfuns.o(.text)
    ff_convert                               0x0800f5f1   Thumb Code   146  mycc936.o(.text)
    ff_wtoupper                              0x0800f683   Thumb Code    46  mycc936.o(.text)
    fupd_prog                                0x0800f6bd   Thumb Code   148  fontupd.o(.text)
    updata_fontx                             0x0800f751   Thumb Code   346  fontupd.o(.text)
    update_font                              0x0800f8ab   Thumb Code   884  fontupd.o(.text)
    font_init                                0x0800fc1f   Thumb Code    64  fontupd.o(.text)
    Get_HzMat                                0x0800fc9d   Thumb Code   220  text.o(.text)
    Show_Font                                0x0800fd79   Thumb Code   190  text.o(.text)
    Show_Str                                 0x0800fe37   Thumb Code   192  text.o(.text)
    Show_Str_Mid                             0x0800fef7   Thumb Code   106  text.o(.text)
    wav_decode_init                          0x0800ff71   Thumb Code   314  wavplay.o(.text)
    wav_buffill                              0x080100ab   Thumb Code   156  wavplay.o(.text)
    wav_i2s_dma_tx_callback                  0x08010147   Thumb Code    96  wavplay.o(.text)
    wav_get_curtime                          0x080101a7   Thumb Code    74  wavplay.o(.text)
    wav_play_song                            0x080101f1   Thumb Code   790  wavplay.o(.text)
    audio_start                              0x08010511   Thumb Code    14  audioplay.o(.text)
    audio_stop                               0x0801051f   Thumb Code    14  audioplay.o(.text)
    audio_get_tnum                           0x0801052d   Thumb Code   116  audioplay.o(.text)
    audio_index_show                         0x080105a1   Thumb Code    64  audioplay.o(.text)
    audio_msg_show                           0x080105e1   Thumb Code   242  audioplay.o(.text)
    audio_play_song                          0x080106d3   Thumb Code    44  audioplay.o(.text)
    audio_play                               0x080106ff   Thumb Code   682  audioplay.o(.text)
    __use_no_semihosting                     0x080109a9   Thumb Code     2  use_no_semi_2.o(.text)
    __aeabi_ldivmod                          0x080109ab   Thumb Code     0  llsdiv.o(.text)
    _ll_sdiv                                 0x080109ab   Thumb Code    72  llsdiv.o(.text)
    __2printf                                0x080109f5   Thumb Code    20  noretval__2printf.o(.text)
    _printf_pre_padding                      0x08010a0d   Thumb Code    44  _printf_pad.o(.text)
    _printf_post_padding                     0x08010a39   Thumb Code    34  _printf_pad.o(.text)
    _printf_str                              0x08010a5b   Thumb Code    82  _printf_str.o(.text)
    _printf_int_dec                          0x08010aad   Thumb Code   104  _printf_dec.o(.text)
    _printf_int_hex                          0x08010b25   Thumb Code    84  _printf_hex_int.o(.text)
    _printf_longlong_hex                     0x08010b25   Thumb Code     0  _printf_hex_int.o(.text)
    __printf                                 0x08010b7d   Thumb Code   388  __printf_flags_ss_wp.o(.text)
    strcpy                                   0x08010d05   Thumb Code    72  strcpy.o(.text)
    strlen                                   0x08010d4d   Thumb Code    62  strlen.o(.text)
    strcat                                   0x08010d8b   Thumb Code    24  strcat.o(.text)
    __aeabi_memcpy                           0x08010da3   Thumb Code     0  rt_memcpy_v6.o(.text)
    __rt_memcpy                              0x08010da3   Thumb Code   138  rt_memcpy_v6.o(.text)
    _memcpy_lastbytes                        0x08010e09   Thumb Code     0  rt_memcpy_v6.o(.text)
    strcmp                                   0x08010e2d   Thumb Code   128  strcmpv7m.o(.text)
    __use_two_region_memory                  0x08010ead   Thumb Code     2  heapauxi.o(.text)
    __rt_heap_escrow$2region                 0x08010eaf   Thumb Code     2  heapauxi.o(.text)
    __rt_heap_expand$2region                 0x08010eb1   Thumb Code     2  heapauxi.o(.text)
    __I$use$semihosting                      0x08010eb3   Thumb Code     0  use_no_semi.o(.text)
    __use_no_semihosting_swi                 0x08010eb3   Thumb Code     2  use_no_semi.o(.text)
    __aeabi_uldivmod                         0x08010eb5   Thumb Code     0  lludivv7m.o(.text)
    _ll_udiv                                 0x08010eb5   Thumb Code   238  lludivv7m.o(.text)
    _printf_int_common                       0x08010fa3   Thumb Code   178  _printf_intcommon.o(.text)
    _printf_cs_common                        0x08011055   Thumb Code    20  _printf_char.o(.text)
    _printf_char                             0x08011069   Thumb Code    16  _printf_char.o(.text)
    _printf_string                           0x08011079   Thumb Code     8  _printf_char.o(.text)
    _printf_char_file                        0x08011081   Thumb Code    32  _printf_char_file.o(.text)
    __aeabi_memcpy4                          0x080110a5   Thumb Code     0  rt_memcpy_w.o(.text)
    __aeabi_memcpy8                          0x080110a5   Thumb Code     0  rt_memcpy_w.o(.text)
    __rt_memcpy_w                            0x080110a5   Thumb Code   100  rt_memcpy_w.o(.text)
    _memcpy_lastbytes_aligned                0x080110ed   Thumb Code     0  rt_memcpy_w.o(.text)
    _printf_char_common                      0x08011113   Thumb Code    32  _printf_char_common.o(.text)
    ferror                                   0x08011139   Thumb Code     8  ferror.o(.text)
    __user_setup_stackheap                   0x08011141   Thumb Code    74  sys_stackheap_outer.o(.text)
    exit                                     0x0801118b   Thumb Code    18  exit.o(.text)
    __user_libspace                          0x0801119d   Thumb Code     8  libspace.o(.text)
    __user_perproc_libspace                  0x0801119d   Thumb Code     0  libspace.o(.text)
    __user_perthread_libspace                0x0801119d   Thumb Code     0  libspace.o(.text)
    _is_digit                                0x080111a5   Thumb Code    14  __printf_wp.o(i._is_digit)
    __aeabi_d2uiz                            0x080111b5   Thumb Code     0  dfixu.o(x$fpl$dfixu)
    _dfixu                                   0x080111b5   Thumb Code    90  dfixu.o(x$fpl$dfixu)
    __aeabi_ui2d                             0x0801120f   Thumb Code     0  dflt_clz.o(x$fpl$dfltu)
    _dfltu                                   0x0801120f   Thumb Code    38  dflt_clz.o(x$fpl$dfltu)
    __aeabi_dmul                             0x08011235   Thumb Code     0  dmul.o(x$fpl$dmul)
    _dmul                                    0x08011235   Thumb Code   332  dmul.o(x$fpl$dmul)
    __fpl_dnaninf                            0x08011389   Thumb Code   156  dnaninf.o(x$fpl$dnaninf)
    __fpl_dretinf                            0x08011425   Thumb Code    12  dretinf.o(x$fpl$dretinf)
    _fp_init                                 0x08011431   Thumb Code    10  fpinit.o(x$fpl$fpinit)
    __fplib_config_fpu_vfp                   0x08011439   Thumb Code     0  fpinit.o(x$fpl$fpinit)
    __fplib_config_pureend_doubles           0x08011439   Thumb Code     0  fpinit.o(x$fpl$fpinit)
    __I$use$fp                               0x0801143a   Number         0  usenofp.o(x$fpl$usenofp)
    asc2_1206                                0x0801143a   Data        1140  lcd.o(.constdata)
    asc2_1608                                0x080118ae   Data        1520  lcd.o(.constdata)
    asc2_2412                                0x08011e9e   Data        3420  lcd.o(.constdata)
    I2S_PSC_TBL                              0x08012bfa   Data         110  i2s.o(.constdata)
    FSMC_DefaultTimingStruct                 0x08012c68   Data          28  stm32f4xx_fsmc.o(.constdata)
    memtblsize                               0x08012c84   Data          12  malloc.o(.constdata)
    memblksize                               0x08012c90   Data          12  malloc.o(.constdata)
    memsize                                  0x08012c9c   Data          12  malloc.o(.constdata)
    FILE_TYPE_TBL                            0x08012ce4   Data         112  exfuns.o(.constdata)
    GBK24_PATH                               0x08013114   Data           4  fontupd.o(.constdata)
    GBK16_PATH                               0x08013118   Data           4  fontupd.o(.constdata)
    GBK12_PATH                               0x0801311c   Data           4  fontupd.o(.constdata)
    UNIGBK_PATH                              0x08013120   Data           4  fontupd.o(.constdata)
    Region$$Table$$Base                      0x080133f8   Number         0  anon$$obj.o(Region$$Table)
    Region$$Table$$Limit                     0x08013418   Number         0  anon$$obj.o(Region$$Table)
    mem3base                                 0x10000000   Data       61440  malloc.o(.ARM.__AT_0x10000000)
    mem3mapbase                              0x1000f000   Data        3840  malloc.o(.ARM.__AT_0x1000F000)
    SystemCoreClock                          0x20000008   Data           4  system_stm32f4xx.o(.data)
    AHBPrescTable                            0x2000000c   Data          16  system_stm32f4xx.o(.data)
    POINT_COLOR                              0x2000001c   Data           2  lcd.o(.data)
    BACK_COLOR                               0x2000001e   Data           2  lcd.o(.data)
    W25QXX_TYPE                              0x20000022   Data           2  w25qxx.o(.data)
    TransferError                            0x2000002e   Data           1  sdio_sdcard.o(.data)
    TransferEnd                              0x2000002f   Data           1  sdio_sdcard.o(.data)
    tempbuff                                 0x20000030   Data           4  sdio_sdcard.o(.data)
    i2s_tx_callback                          0x20000034   Data           4  i2s.o(.data)
    __stdout                                 0x200000b0   Data           4  usart.o(.data)
    USART_RX_STA                             0x200000b4   Data           2  usart.o(.data)
    mallco_dev                               0x200000c8   Data          36  malloc.o(.data)
    sys_cmd_tab                              0x200000ec   Data          28  usmart.o(.data)
    usmart_nametab                           0x20000108   Data         104  usmart_config.o(.data)
    usmart_dev                               0x20000170   Data         244  usmart_config.o(.data)
    FLASH_SECTOR_COUNT                       0x20000264   Data           2  diskio.o(.data)
    file                                     0x20000268   Data           4  exfuns.o(.data)
    ftemp                                    0x2000026c   Data           4  exfuns.o(.data)
    br                                       0x20000270   Data           4  exfuns.o(.data)
    bw                                       0x20000274   Data           4  exfuns.o(.data)
    fatbuf                                   0x20000278   Data           4  exfuns.o(.data)
    wavtransferend                           0x2000027c   Data           1  wavplay.o(.data)
    wavwitchbuf                              0x2000027d   Data           1  wavplay.o(.data)
    lcddev                                   0x20000280   Data          14  lcd.o(.bss)
    W25QXX_BUFFER                            0x2000028e   Data        4096  w25qxx.o(.bss)
    SDIO_InitStructure                       0x20001290   Data          24  sdio_sdcard.o(.bss)
    SDIO_CmdInitStructure                    0x200012a8   Data          20  sdio_sdcard.o(.bss)
    SDIO_DataInitStructure                   0x200012bc   Data          24  sdio_sdcard.o(.bss)
    SDCardInfo                               0x200012f8   Data          88  sdio_sdcard.o(.bss)
    SDIO_DATA_BUFFER                         0x20001350   Data         512  sdio_sdcard.o(.bss)
    USART_RX_BUF                             0x20001550   Data         200  usart.o(.bss)
    mem1base                                 0x20001620   Data       102400  malloc.o(.bss)
    mem1mapbase                              0x2001a620   Data        6400  malloc.o(.bss)
    fs                                       0x2001bf2c   Data          12  exfuns.o(.bss)
    fileinfo                                 0x2001bf38   Data          32  exfuns.o(.bss)
    dir                                      0x2001bf58   Data          36  exfuns.o(.bss)
    ftinfo                                   0x2001bf7c   Data          33  fontupd.o(.bss)
    wavctrl                                  0x2001bf9d   Data          32  wavplay.o(.bss)
    audiodev                                 0x2001bfbd   Data          17  audioplay.o(.bss)
    __libspace_start                         0x2001bfd0   Data          96  libspace.o(.bss)
    __temporary_stack_top$libspace           0x2001c030   Data           0  libspace.o(.bss)
    mem2base                                 0x68000000   Data       983040  malloc.o(.ARM.__AT_0x68000000)
    mem2mapbase                              0x680f0000   Data       61440  malloc.o(.ARM.__AT_0x680F0000)



==============================================================================

Memory Map of the image

  Image Entry point : 0x08000189

  Load Region LR_IROM1 (Base: 0x08000000, Size: 0x00013698, Max: 0x00100000, ABSOLUTE, COMPRESSED[0x00013510])

    Execution Region ER_IROM1 (Exec base: 0x08000000, Load base: 0x08000000, Size: 0x00013418, Max: 0x00100000, ABSOLUTE)

    Exec Addr    Load Addr    Size         Type   Attr      Idx    E Section Name        Object

    0x08000000   0x08000000   0x00000188   Data   RO          711    RESET               startup_stm32f40_41xxx.o
    0x08000188   0x08000188   0x00000008   Code   RO         1383  * !!!main             c_w.l(__main.o)
    0x08000190   0x08000190   0x00000034   Code   RO         1586    !!!scatter          c_w.l(__scatter.o)
    0x080001c4   0x080001c4   0x0000005a   Code   RO         1584    !!dczerorl2         c_w.l(__dczerorl2.o)
    0x0800021e   0x0800021e   0x00000002   PAD
    0x08000220   0x08000220   0x0000001c   Code   RO         1588    !!handler_zi        c_w.l(__scatter_zi.o)
    0x0800023c   0x0800023c   0x00000000   Code   RO         1370    .ARM.Collect$$_printf_percent$$00000000  c_w.l(_printf_percent.o)
    0x0800023c   0x0800023c   0x00000006   Code   RO         1368    .ARM.Collect$$_printf_percent$$00000009  c_w.l(_printf_d.o)
    0x08000242   0x08000242   0x00000006   Code   RO         1369    .ARM.Collect$$_printf_percent$$0000000A  c_w.l(_printf_u.o)
    0x08000248   0x08000248   0x00000006   Code   RO         1367    .ARM.Collect$$_printf_percent$$0000000C  c_w.l(_printf_x.o)
    0x0800024e   0x0800024e   0x00000006   Code   RO         1365    .ARM.Collect$$_printf_percent$$00000013  c_w.l(_printf_c.o)
    0x08000254   0x08000254   0x00000006   Code   RO         1366    .ARM.Collect$$_printf_percent$$00000014  c_w.l(_printf_s.o)
    0x0800025a   0x0800025a   0x00000004   Code   RO         1408    .ARM.Collect$$_printf_percent$$00000017  c_w.l(_printf_percent_end.o)
    0x0800025e   0x0800025e   0x00000002   Code   RO         1454    .ARM.Collect$$libinit$$00000000  c_w.l(libinit.o)
    0x08000260   0x08000260   0x00000004   Code   RO         1464    .ARM.Collect$$libinit$$00000001  c_w.l(libinit2.o)
    0x08000264   0x08000264   0x00000000   Code   RO         1467    .ARM.Collect$$libinit$$00000004  c_w.l(libinit2.o)
    0x08000264   0x08000264   0x00000000   Code   RO         1470    .ARM.Collect$$libinit$$0000000A  c_w.l(libinit2.o)
    0x08000264   0x08000264   0x00000000   Code   RO         1472    .ARM.Collect$$libinit$$0000000C  c_w.l(libinit2.o)
    0x08000264   0x08000264   0x00000000   Code   RO         1474    .ARM.Collect$$libinit$$0000000E  c_w.l(libinit2.o)
    0x08000264   0x08000264   0x00000000   Code   RO         1477    .ARM.Collect$$libinit$$00000011  c_w.l(libinit2.o)
    0x08000264   0x08000264   0x00000000   Code   RO         1479    .ARM.Collect$$libinit$$00000013  c_w.l(libinit2.o)
    0x08000264   0x08000264   0x00000000   Code   RO         1481    .ARM.Collect$$libinit$$00000015  c_w.l(libinit2.o)
    0x08000264   0x08000264   0x00000000   Code   RO         1483    .ARM.Collect$$libinit$$00000017  c_w.l(libinit2.o)
    0x08000264   0x08000264   0x00000000   Code   RO         1485    .ARM.Collect$$libinit$$00000019  c_w.l(libinit2.o)
    0x08000264   0x08000264   0x00000000   Code   RO         1487    .ARM.Collect$$libinit$$0000001B  c_w.l(libinit2.o)
    0x08000264   0x08000264   0x00000000   Code   RO         1489    .ARM.Collect$$libinit$$0000001D  c_w.l(libinit2.o)
    0x08000264   0x08000264   0x00000000   Code   RO         1491    .ARM.Collect$$libinit$$0000001F  c_w.l(libinit2.o)
    0x08000264   0x08000264   0x00000000   Code   RO         1493    .ARM.Collect$$libinit$$00000021  c_w.l(libinit2.o)
    0x08000264   0x08000264   0x00000000   Code   RO         1495    .ARM.Collect$$libinit$$00000023  c_w.l(libinit2.o)
    0x08000264   0x08000264   0x00000000   Code   RO         1497    .ARM.Collect$$libinit$$00000025  c_w.l(libinit2.o)
    0x08000264   0x08000264   0x00000000   Code   RO         1501    .ARM.Collect$$libinit$$0000002C  c_w.l(libinit2.o)
    0x08000264   0x08000264   0x00000000   Code   RO         1503    .ARM.Collect$$libinit$$0000002E  c_w.l(libinit2.o)
    0x08000264   0x08000264   0x00000000   Code   RO         1505    .ARM.Collect$$libinit$$00000030  c_w.l(libinit2.o)
    0x08000264   0x08000264   0x00000000   Code   RO         1507    .ARM.Collect$$libinit$$00000032  c_w.l(libinit2.o)
    0x08000264   0x08000264   0x00000002   Code   RO         1508    .ARM.Collect$$libinit$$00000033  c_w.l(libinit2.o)
    0x08000266   0x08000266   0x00000002   Code   RO         1536    .ARM.Collect$$libshutdown$$00000000  c_w.l(libshutdown.o)
    0x08000268   0x08000268   0x00000000   Code   RO         1550    .ARM.Collect$$libshutdown$$00000002  c_w.l(libshutdown2.o)
    0x08000268   0x08000268   0x00000000   Code   RO         1552    .ARM.Collect$$libshutdown$$00000004  c_w.l(libshutdown2.o)
    0x08000268   0x08000268   0x00000000   Code   RO         1555    .ARM.Collect$$libshutdown$$00000007  c_w.l(libshutdown2.o)
    0x08000268   0x08000268   0x00000000   Code   RO         1558    .ARM.Collect$$libshutdown$$0000000A  c_w.l(libshutdown2.o)
    0x08000268   0x08000268   0x00000000   Code   RO         1560    .ARM.Collect$$libshutdown$$0000000C  c_w.l(libshutdown2.o)
    0x08000268   0x08000268   0x00000000   Code   RO         1563    .ARM.Collect$$libshutdown$$0000000F  c_w.l(libshutdown2.o)
    0x08000268   0x08000268   0x00000002   Code   RO         1564    .ARM.Collect$$libshutdown$$00000010  c_w.l(libshutdown2.o)
    0x0800026a   0x0800026a   0x00000000   Code   RO         1399    .ARM.Collect$$rtentry$$00000000  c_w.l(__rtentry.o)
    0x0800026a   0x0800026a   0x00000000   Code   RO         1417    .ARM.Collect$$rtentry$$00000002  c_w.l(__rtentry2.o)
    0x0800026a   0x0800026a   0x00000006   Code   RO         1429    .ARM.Collect$$rtentry$$00000004  c_w.l(__rtentry4.o)
    0x08000270   0x08000270   0x00000000   Code   RO         1419    .ARM.Collect$$rtentry$$00000009  c_w.l(__rtentry2.o)
    0x08000270   0x08000270   0x00000004   Code   RO         1420    .ARM.Collect$$rtentry$$0000000A  c_w.l(__rtentry2.o)
    0x08000274   0x08000274   0x00000000   Code   RO         1422    .ARM.Collect$$rtentry$$0000000C  c_w.l(__rtentry2.o)
    0x08000274   0x08000274   0x00000008   Code   RO         1423    .ARM.Collect$$rtentry$$0000000D  c_w.l(__rtentry2.o)
    0x0800027c   0x0800027c   0x00000002   Code   RO         1458    .ARM.Collect$$rtexit$$00000000  c_w.l(rtexit.o)
    0x0800027e   0x0800027e   0x00000000   Code   RO         1510    .ARM.Collect$$rtexit$$00000002  c_w.l(rtexit2.o)
    0x0800027e   0x0800027e   0x00000004   Code   RO         1511    .ARM.Collect$$rtexit$$00000003  c_w.l(rtexit2.o)
    0x08000282   0x08000282   0x00000006   Code   RO         1512    .ARM.Collect$$rtexit$$00000004  c_w.l(rtexit2.o)
    0x08000288   0x08000288   0x00000010   Code   RO          662    .emb_text           sys.o
    0x08000298   0x08000298   0x00000208   Code   RO            3    .text               main.o
    0x080004a0   0x080004a0   0x0000003c   Code   RO          208    .text               stm32f4xx_it.o
    0x080004dc   0x080004dc   0x00000210   Code   RO          259    .text               system_stm32f4xx.o
    0x080006ec   0x080006ec   0x00000040   Code   RO          382    .text               led.o
    0x0800072c   0x0800072c   0x00004c80   Code   RO          402    .text               lcd.o
    0x080053ac   0x080053ac   0x00000104   Code   RO          440    .text               key.o
    0x080054b0   0x080054b0   0x00000118   Code   RO          461    .text               spi.o
    0x080055c8   0x080055c8   0x00000388   Code   RO          484    .text               w25qxx.o
    0x08005950   0x08005950   0x00001d60   Code   RO          511    .text               sdio_sdcard.o
    0x080076b0   0x080076b0   0x0000025c   Code   RO          545    .text               myiic.o
    0x0800790c   0x0800790c   0x000001e0   Code   RO          591    .text               i2s.o
    0x08007aec   0x08007aec   0x00000424   Code   RO          618    .text               wm8978.o
    0x08007f10   0x08007f10   0x00000104   Code   RO          640    .text               delay.o
    0x08008014   0x08008014   0x0000014c   Code   RO          680    .text               usart.o
    0x08008160   0x08008160   0x00000040   Code   RO          712    .text               startup_stm32f40_41xxx.o
    0x080081a0   0x080081a0   0x000000e0   Code   RO          718    .text               misc.o
    0x08008280   0x08008280   0x00000294   Code   RO          764    .text               stm32f4xx_gpio.o
    0x08008514   0x08008514   0x000005c8   Code   RO          784    .text               stm32f4xx_fsmc.o
    0x08008adc   0x08008adc   0x0000065c   Code   RO          807    .text               stm32f4xx_rcc.o
    0x08009138   0x08009138   0x00000454   Code   RO          829    .text               stm32f4xx_usart.o
    0x0800958c   0x0800958c   0x00000ca2   Code   RO          849    .text               stm32f4xx_tim.o
    0x0800a22e   0x0800a22e   0x00000002   PAD
    0x0800a230   0x0800a230   0x00000480   Code   RO          889    .text               stm32f4xx_spi.o
    0x0800a6b0   0x0800a6b0   0x000001dc   Code   RO          909    .text               stm32f4xx_sdio.o
    0x0800a88c   0x0800a88c   0x000003a8   Code   RO          929    .text               stm32f4xx_dma.o
    0x0800ac34   0x0800ac34   0x0000022c   Code   RO          949    .text               malloc.o
    0x0800ae60   0x0800ae60   0x00000c34   Code   RO          981    .text               usmart.o
    0x0800ba94   0x0800ba94   0x00000528   Code   RO         1026    .text               usmart_str.o
    0x0800bfbc   0x0800bfbc   0x00000200   Code   RO         1053    .text               diskio.o
    0x0800c1bc   0x0800c1bc   0x0000329a   Code   RO         1077    .text               ff.o
    0x0800f456   0x0800f456   0x00000002   PAD
    0x0800f458   0x0800f458   0x00000198   Code   RO         1110    .text               exfuns.o
    0x0800f5f0   0x0800f5f0   0x000000cc   Code   RO         1172    .text               mycc936.o
    0x0800f6bc   0x0800f6bc   0x000005e0   Code   RO         1193    .text               fontupd.o
    0x0800fc9c   0x0800fc9c   0x000002d4   Code   RO         1225    .text               text.o
    0x0800ff70   0x0800ff70   0x000005a0   Code   RO         1245    .text               wavplay.o
    0x08010510   0x08010510   0x00000498   Code   RO         1277    .text               audioplay.o
    0x080109a8   0x080109a8   0x00000002   Code   RO         1308    .text               c_w.l(use_no_semi_2.o)
    0x080109aa   0x080109aa   0x00000048   Code   RO         1310    .text               c_w.l(llsdiv.o)
    0x080109f2   0x080109f2   0x00000002   PAD
    0x080109f4   0x080109f4   0x00000018   Code   RO         1314    .text               c_w.l(noretval__2printf.o)
    0x08010a0c   0x08010a0c   0x0000004e   Code   RO         1318    .text               c_w.l(_printf_pad.o)
    0x08010a5a   0x08010a5a   0x00000052   Code   RO         1320    .text               c_w.l(_printf_str.o)
    0x08010aac   0x08010aac   0x00000078   Code   RO         1322    .text               c_w.l(_printf_dec.o)
    0x08010b24   0x08010b24   0x00000058   Code   RO         1327    .text               c_w.l(_printf_hex_int.o)
    0x08010b7c   0x08010b7c   0x00000188   Code   RO         1362    .text               c_w.l(__printf_flags_ss_wp.o)
    0x08010d04   0x08010d04   0x00000048   Code   RO         1371    .text               c_w.l(strcpy.o)
    0x08010d4c   0x08010d4c   0x0000003e   Code   RO         1373    .text               c_w.l(strlen.o)
    0x08010d8a   0x08010d8a   0x00000018   Code   RO         1375    .text               c_w.l(strcat.o)
    0x08010da2   0x08010da2   0x0000008a   Code   RO         1377    .text               c_w.l(rt_memcpy_v6.o)
    0x08010e2c   0x08010e2c   0x00000080   Code   RO         1379    .text               c_w.l(strcmpv7m.o)
    0x08010eac   0x08010eac   0x00000006   Code   RO         1381    .text               c_w.l(heapauxi.o)
    0x08010eb2   0x08010eb2   0x00000002   Code   RO         1397    .text               c_w.l(use_no_semi.o)
    0x08010eb4   0x08010eb4   0x000000ee   Code   RO         1400    .text               c_w.l(lludivv7m.o)
    0x08010fa2   0x08010fa2   0x000000b2   Code   RO         1402    .text               c_w.l(_printf_intcommon.o)
    0x08011054   0x08011054   0x0000002c   Code   RO         1404    .text               c_w.l(_printf_char.o)
    0x08011080   0x08011080   0x00000024   Code   RO         1406    .text               c_w.l(_printf_char_file.o)
    0x080110a4   0x080110a4   0x00000064   Code   RO         1409    .text               c_w.l(rt_memcpy_w.o)
    0x08011108   0x08011108   0x00000030   Code   RO         1435    .text               c_w.l(_printf_char_common.o)
    0x08011138   0x08011138   0x00000008   Code   RO         1437    .text               c_w.l(ferror.o)
    0x08011140   0x08011140   0x0000004a   Code   RO         1441    .text               c_w.l(sys_stackheap_outer.o)
    0x0801118a   0x0801118a   0x00000012   Code   RO         1447    .text               c_w.l(exit.o)
    0x0801119c   0x0801119c   0x00000008   Code   RO         1455    .text               c_w.l(libspace.o)
    0x080111a4   0x080111a4   0x0000000e   Code   RO         1355    i._is_digit         c_w.l(__printf_wp.o)
    0x080111b2   0x080111b2   0x00000002   PAD
    0x080111b4   0x080111b4   0x0000005a   Code   RO         1385    x$fpl$dfixu         fz_wm.l(dfixu.o)
    0x0801120e   0x0801120e   0x00000026   Code   RO         1389    x$fpl$dfltu         fz_wm.l(dflt_clz.o)
    0x08011234   0x08011234   0x00000154   Code   RO         1395    x$fpl$dmul          fz_wm.l(dmul.o)
    0x08011388   0x08011388   0x0000009c   Code   RO         1411    x$fpl$dnaninf       fz_wm.l(dnaninf.o)
    0x08011424   0x08011424   0x0000000c   Code   RO         1413    x$fpl$dretinf       fz_wm.l(dretinf.o)
    0x08011430   0x08011430   0x0000000a   Code   RO         1524    x$fpl$fpinit        fz_wm.l(fpinit.o)
    0x0801143a   0x0801143a   0x00000000   Code   RO         1415    x$fpl$usenofp       fz_wm.l(usenofp.o)
    0x0801143a   0x0801143a   0x000017c0   Data   RO          404    .constdata          lcd.o
    0x08012bfa   0x08012bfa   0x0000006e   Data   RO          592    .constdata          i2s.o
    0x08012c68   0x08012c68   0x0000001c   Data   RO          785    .constdata          stm32f4xx_fsmc.o
    0x08012c84   0x08012c84   0x00000024   Data   RO          955    .constdata          malloc.o
    0x08012ca8   0x08012ca8   0x0000003a   Data   RO         1079    .constdata          ff.o
    0x08012ce2   0x08012ce2   0x00000002   PAD
    0x08012ce4   0x08012ce4   0x00000070   Data   RO         1112    .constdata          exfuns.o
    0x08012d54   0x08012d54   0x000003c0   Data   RO         1173    .constdata          mycc936.o
    0x08013114   0x08013114   0x00000010   Data   RO         1195    .constdata          fontupd.o
    0x08013124   0x08013124   0x00000028   Data   RO         1328    .constdata          c_w.l(_printf_hex_int.o)
    0x0801314c   0x0801314c   0x00000011   Data   RO         1363    .constdata          c_w.l(__printf_flags_ss_wp.o)
    0x0801315d   0x0801315d   0x00000003   PAD
    0x08013160   0x08013160   0x00000028   Data   RO          982    .conststring        usmart.o
    0x08013188   0x08013188   0x000001d0   Data   RO         1005    .conststring        usmart_config.o
    0x08013358   0x08013358   0x00000040   Data   RO         1113    .conststring        exfuns.o
    0x08013398   0x08013398   0x0000005f   Data   RO         1196    .conststring        fontupd.o
    0x080133f7   0x080133f7   0x00000001   PAD
    0x080133f8   0x080133f8   0x00000020   Data   RO         1582    Region$$Table       anon$$obj.o


    Execution Region RW_IRAM1 (Exec base: 0x20000000, Load base: 0x08013418, Size: 0x0001c630, Max: 0x00020000, ABSOLUTE, COMPRESSED[0x000000f8])

    Exec Addr    Load Addr    Size         Type   Attr      Idx    E Section Name        Object

    0x20000000   COMPRESSED   0x00000004   Data   RW            4    .data               main.o
    0x20000004   COMPRESSED   0x00000004   Data   RW          209    .data               stm32f4xx_it.o
    0x20000008   COMPRESSED   0x00000014   Data   RW          260    .data               system_stm32f4xx.o
    0x2000001c   COMPRESSED   0x00000004   Data   RW          405    .data               lcd.o
    0x20000020   COMPRESSED   0x00000001   Data   RW          441    .data               key.o
    0x20000021   COMPRESSED   0x00000001   PAD
    0x20000022   COMPRESSED   0x00000002   Data   RW          486    .data               w25qxx.o
    0x20000024   COMPRESSED   0x00000010   Data   RW          513    .data               sdio_sdcard.o
    0x20000034   COMPRESSED   0x00000004   Data   RW          593    .data               i2s.o
    0x20000038   COMPRESSED   0x00000074   Data   RW          619    .data               wm8978.o
    0x200000ac   COMPRESSED   0x00000004   Data   RW          641    .data               delay.o
    0x200000b0   COMPRESSED   0x00000006   Data   RW          682    .data               usart.o
    0x200000b6   COMPRESSED   0x00000010   Data   RW          808    .data               stm32f4xx_rcc.o
    0x200000c6   COMPRESSED   0x00000002   PAD
    0x200000c8   COMPRESSED   0x00000024   Data   RW          956    .data               malloc.o
    0x200000ec   COMPRESSED   0x0000001c   Data   RW          983    .data               usmart.o
    0x20000108   COMPRESSED   0x0000015c   Data   RW         1006    .data               usmart_config.o
    0x20000264   COMPRESSED   0x00000002   Data   RW         1054    .data               diskio.o
    0x20000266   COMPRESSED   0x00000002   Data   RW         1080    .data               ff.o
    0x20000268   COMPRESSED   0x00000014   Data   RW         1114    .data               exfuns.o
    0x2000027c   COMPRESSED   0x00000002   Data   RW         1247    .data               wavplay.o
    0x2000027e   COMPRESSED   0x00000002   Data   RW         1279    .data               audioplay.o
    0x20000280        -       0x0000000e   Zero   RW          403    .bss                lcd.o
    0x2000028e        -       0x00001000   Zero   RW          485    .bss                w25qxx.o
    0x2000128e   COMPRESSED   0x00000002   PAD
    0x20001290        -       0x000002c0   Zero   RW          512    .bss                sdio_sdcard.o
    0x20001550        -       0x000000c8   Zero   RW          681    .bss                usart.o
    0x20001618   COMPRESSED   0x00000008   PAD
    0x20001620        -       0x0001a900   Zero   RW          954    .bss                malloc.o
    0x2001bf20        -       0x0000000c   Zero   RW         1078    .bss                ff.o
    0x2001bf2c        -       0x00000050   Zero   RW         1111    .bss                exfuns.o
    0x2001bf7c        -       0x00000021   Zero   RW         1194    .bss                fontupd.o
    0x2001bf9d        -       0x00000020   Zero   RW         1246    .bss                wavplay.o
    0x2001bfbd        -       0x00000011   Zero   RW         1278    .bss                audioplay.o
    0x2001bfce   COMPRESSED   0x00000002   PAD
    0x2001bfd0        -       0x00000060   Zero   RW         1456    .bss                c_w.l(libspace.o)
    0x2001c030        -       0x00000200   Zero   RW          710    HEAP                startup_stm32f40_41xxx.o
    0x2001c230        -       0x00000400   Zero   RW          709    STACK               startup_stm32f40_41xxx.o



  Load Region LR$$.ARM.__AT_0x10000000 (Base: 0x10000000, Size: 0x00000000, Max: 0x0000f000, ABSOLUTE)

    Execution Region ER$$.ARM.__AT_0x10000000 (Exec base: 0x10000000, Load base: 0x10000000, Size: 0x0000f000, Max: 0x0000f000, ABSOLUTE, UNINIT)

    Exec Addr    Load Addr    Size         Type   Attr      Idx    E Section Name        Object

    0x10000000        -       0x0000f000   Zero   RW          950    .ARM.__AT_0x10000000  malloc.o



  Load Region LR$$.ARM.__AT_0x1000F000 (Base: 0x1000f000, Size: 0x00000000, Max: 0x00000f00, ABSOLUTE)

    Execution Region ER$$.ARM.__AT_0x1000F000 (Exec base: 0x1000f000, Load base: 0x1000f000, Size: 0x00000f00, Max: 0x00000f00, ABSOLUTE, UNINIT)

    Exec Addr    Load Addr    Size         Type   Attr      Idx    E Section Name        Object

    0x1000f000        -       0x00000f00   Zero   RW          951    .ARM.__AT_0x1000F000  malloc.o



  Load Region LR$$.ARM.__AT_0x68000000 (Base: 0x68000000, Size: 0x00000000, Max: 0x000f0000, ABSOLUTE)

    Execution Region ER$$.ARM.__AT_0x68000000 (Exec base: 0x68000000, Load base: 0x68000000, Size: 0x000f0000, Max: 0x000f0000, ABSOLUTE, UNINIT)

    Exec Addr    Load Addr    Size         Type   Attr      Idx    E Section Name        Object

    0x68000000        -       0x000f0000   Zero   RW          952    .ARM.__AT_0x68000000  malloc.o



  Load Region LR$$.ARM.__AT_0x680F0000 (Base: 0x680f0000, Size: 0x00000000, Max: 0x0000f000, ABSOLUTE)

    Execution Region ER$$.ARM.__AT_0x680F0000 (Exec base: 0x680f0000, Load base: 0x680f0000, Size: 0x0000f000, Max: 0x0000f000, ABSOLUTE, UNINIT)

    Exec Addr    Load Addr    Size         Type   Attr      Idx    E Section Name        Object

    0x680f0000        -       0x0000f000   Zero   RW          953    .ARM.__AT_0x680F0000  malloc.o


==============================================================================

Image component sizes


      Code (inc. data)   RO Data    RW Data    ZI Data      Debug   Object Name

      1176        108          0          2         17       4058   audioplay.o
       260          8          0          4          0       1541   delay.o
       512          8          0          2          0       4530   diskio.o
       408         22        176         20         80       5452   exfuns.o
     12954        136         58          2         12      40026   ff.o
      1504        158        111          0         33       4404   fontupd.o
       480         26        110          4          0       2700   i2s.o
       260         12          0          1          0        908   key.o
     19584        174       6080          4         14      23026   lcd.o
        64          4          0          0          0        555   led.o
       520        158          0          4          0     306739   main.o
       556         18         36         36    1218560       5341   malloc.o
       224         20          0          0          0     231313   misc.o
       204         12        960          0          0       1737   mycc936.o
       604         14          0          0          0       1952   myiic.o
      7520        282          0         16        704      25381   sdio_sdcard.o
       280          8          0          0          0       1109   spi.o
        64         26        392          0       1536        896   startup_stm32f40_41xxx.o
       936         32          0          0          0       6573   stm32f4xx_dma.o
      1480         18         28          0          0       5910   stm32f4xx_fsmc.o
       660         44          0          0          0       4337   stm32f4xx_gpio.o
        60          6          0          4          0       1818   stm32f4xx_it.o
      1628         52          0         16          0      13296   stm32f4xx_rcc.o
       476         16          0          0          0       7596   stm32f4xx_sdio.o
      1152         36          0          0          0       7085   stm32f4xx_spi.o
      3234         60          0          0          0      23192   stm32f4xx_tim.o
      1108         34          0          0          0       8060   stm32f4xx_usart.o
        16          0          0          0          0        520   sys.o
       528         46          0         20          0      88415   system_stm32f4xx.o
       724         16          0          0          0       3196   text.o
       332         18          0          6        200       3430   usart.o
      3124       1286         40         28          0       4510   usmart.o
         0          0        464        348          0       1592   usmart_config.o
      1320         12          0          0          0       5517   usmart_str.o
       904         34          0          2       4096       4585   w25qxx.o
      1440        230          0          2         32       3601   wavplay.o
      1060         12          0        116          0       5917   wm8978.o

    ----------------------------------------------------------------------
     67360       3146       8490        640    1225296     860818   Object Totals
         0          0         32          0          0          0   (incl. Generated)
         4          0          3          3         12          0   (incl. Padding)

    ----------------------------------------------------------------------

      Code (inc. data)   RO Data    RW Data    ZI Data      Debug   Library Member Name

        90          0          0          0          0          0   __dczerorl2.o
         8          0          0          0          0         68   __main.o
       392          4         17          0          0         92   __printf_flags_ss_wp.o
        14          0          0          0          0         68   __printf_wp.o
         0          0          0          0          0          0   __rtentry.o
        12          0          0          0          0          0   __rtentry2.o
         6          0          0          0          0          0   __rtentry4.o
        52          8          0          0          0          0   __scatter.o
        28          0          0          0          0          0   __scatter_zi.o
         6          0          0          0          0          0   _printf_c.o
        44          0          0          0          0        108   _printf_char.o
        48          6          0          0          0         96   _printf_char_common.o
        36          4          0          0          0         80   _printf_char_file.o
         6          0          0          0          0          0   _printf_d.o
       120         16          0          0          0         92   _printf_dec.o
        88          4         40          0          0         88   _printf_hex_int.o
       178          0          0          0          0         88   _printf_intcommon.o
        78          0          0          0          0        108   _printf_pad.o
         0          0          0          0          0          0   _printf_percent.o
         4          0          0          0          0          0   _printf_percent_end.o
         6          0          0          0          0          0   _printf_s.o
        82          0          0          0          0         80   _printf_str.o
         6          0          0          0          0          0   _printf_u.o
         6          0          0          0          0          0   _printf_x.o
        18          0          0          0          0         80   exit.o
         8          0          0          0          0         68   ferror.o
         6          0          0          0          0        152   heapauxi.o
         2          0          0          0          0          0   libinit.o
         6          0          0          0          0          0   libinit2.o
         2          0          0          0          0          0   libshutdown.o
         2          0          0          0          0          0   libshutdown2.o
         8          4          0          0         96         68   libspace.o
        72          0          0          0          0         76   llsdiv.o
       238          0          0          0          0        100   lludivv7m.o
        24          4          0          0          0         84   noretval__2printf.o
       138          0          0          0          0         68   rt_memcpy_v6.o
       100          0          0          0          0         80   rt_memcpy_w.o
         2          0          0          0          0          0   rtexit.o
        10          0          0          0          0          0   rtexit2.o
        24          0          0          0          0         68   strcat.o
       128          0          0          0          0         68   strcmpv7m.o
        72          0          0          0          0         80   strcpy.o
        62          0          0          0          0         76   strlen.o
        74          0          0          0          0         80   sys_stackheap_outer.o
         2          0          0          0          0         68   use_no_semi.o
         2          0          0          0          0         68   use_no_semi_2.o
        90          4          0          0          0        140   dfixu.o
        38          0          0          0          0        116   dflt_clz.o
       340         12          0          0          0        152   dmul.o
       156          4          0          0          0        140   dnaninf.o
        12          0          0          0          0        116   dretinf.o
        10          0          0          0          0        116   fpinit.o
         0          0          0          0          0          0   usenofp.o

    ----------------------------------------------------------------------
      2962         70         60          0         96       3032   Library Totals
         6          0          3          0          0          0   (incl. Padding)

    ----------------------------------------------------------------------

      Code (inc. data)   RO Data    RW Data    ZI Data      Debug   Library Name

      2310         50         57          0         96       2252   c_w.l
       646         20          0          0          0        780   fz_wm.l

    ----------------------------------------------------------------------
      2962         70         60          0         96       3032   Library Totals

    ----------------------------------------------------------------------

==============================================================================


      Code (inc. data)   RO Data    RW Data    ZI Data      Debug   

     70322       3216       8550        640    1225392     854554   Grand Totals
     70322       3216       8550        248    1225392     854554   ELF Image Totals (compressed)
     70322       3216       8550        248          0          0   ROM Totals

==============================================================================

    Total RO  Size (Code + RO Data)                78872 (  77.02kB)
    Total RW  Size (RW Data + ZI Data)           1226032 (1197.30kB)
    Total ROM Size (Code + RO Data + RW Data)      79120 (  77.27kB)

==============================================================================

