Component: ARM Compiler 5.06 update 6 (build 750) Tool: armlink [4d35ed]

==============================================================================

Section Cross References

    main.o(.text) refers to text.o(.text) for Show_Str
    main.o(.text) refers to exfuns.o(.text) for exf_getfree
    main.o(.text) refers to lcd.o(.text) for LCD_ShowString
    main.o(.text) refers to delay.o(.text) for delay_ms
    main.o(.text) refers to usb_hcd.o(.text) for HCD_IsDeviceConnected
    main.o(.text) refers to misc.o(.text) for NVIC_PriorityGroupConfig
    main.o(.text) refers to usart.o(.text) for uart_init
    main.o(.text) refers to led.o(.text) for LED_Init
    main.o(.text) refers to key.o(.text) for KEY_Init
    main.o(.text) refers to w25qxx.o(.text) for W25QXX_Init
    main.o(.text) refers to wm8978.o(.text) for WM8978_Init
    main.o(.text) refers to malloc.o(.text) for my_mem_init
    main.o(.text) refers to ff.o(.text) for f_mount
    main.o(.text) refers to fontupd.o(.text) for font_init
    main.o(.text) refers to usbh_core.o(.text) for USBH_Init
    main.o(.text) refers to lcd.o(.data) for POINT_COLOR
    main.o(.text) refers to main.o(.bss) for USB_OTG_Core
    main.o(.text) refers to usmart_config.o(.data) for usmart_dev
    main.o(.text) refers to exfuns.o(.bss) for fs
    main.o(.text) refers to usbh_usr.o(.data) for USR_Callbacks
    main.o(.text) refers to usbh_msc_core.o(.data) for USBH_MSC_cb
    system_stm32f4xx.o(.text) refers to system_stm32f4xx.o(.data) for SystemCoreClock
    led.o(.text) refers to stm32f4xx_rcc.o(.text) for RCC_AHB1PeriphClockCmd
    led.o(.text) refers to stm32f4xx_gpio.o(.text) for GPIO_Init
    lcd.o(.text) refers to _printf_percent.o(.ARM.Collect$$_printf_percent$$00000000) for _printf_percent
    lcd.o(.text) refers to _printf_x.o(.ARM.Collect$$_printf_percent$$0000000C) for _printf_x
    lcd.o(.text) refers to _printf_hex_int.o(.text) for _printf_longlong_hex
    lcd.o(.text) refers to delay.o(.text) for delay_us
    lcd.o(.text) refers to lcd.o(.bss) for lcddev
    lcd.o(.text) refers to lcd.o(.data) for POINT_COLOR
    lcd.o(.text) refers to dflt_clz.o(x$fpl$dfltu) for __aeabi_ui2d
    lcd.o(.text) refers to dmul.o(x$fpl$dmul) for __aeabi_dmul
    lcd.o(.text) refers to dfixu.o(x$fpl$dfixu) for __aeabi_d2uiz
    lcd.o(.text) refers to stm32f4xx_rcc.o(.text) for RCC_AHB1PeriphClockCmd
    lcd.o(.text) refers to stm32f4xx_gpio.o(.text) for GPIO_Init
    lcd.o(.text) refers to stm32f4xx_fsmc.o(.text) for FSMC_NORSRAMInit
    lcd.o(.text) refers to noretval__2printf.o(.text) for __2printf
    lcd.o(.text) refers to lcd.o(.constdata) for asc2_1206
    key.o(.text) refers to stm32f4xx_rcc.o(.text) for RCC_AHB1PeriphClockCmd
    key.o(.text) refers to stm32f4xx_gpio.o(.text) for GPIO_Init
    key.o(.text) refers to delay.o(.text) for delay_ms
    key.o(.text) refers to key.o(.data) for key_up
    spi.o(.text) refers to stm32f4xx_spi.o(.text) for SPI_I2S_GetFlagStatus
    spi.o(.text) refers to stm32f4xx_rcc.o(.text) for RCC_AHB1PeriphClockCmd
    spi.o(.text) refers to stm32f4xx_gpio.o(.text) for GPIO_Init
    w25qxx.o(.text) refers to _printf_percent.o(.ARM.Collect$$_printf_percent$$00000000) for _printf_percent
    w25qxx.o(.text) refers to _printf_x.o(.ARM.Collect$$_printf_percent$$0000000C) for _printf_x
    w25qxx.o(.text) refers to _printf_hex_int.o(.text) for _printf_longlong_hex
    w25qxx.o(.text) refers to spi.o(.text) for SPI1_ReadWriteByte
    w25qxx.o(.text) refers to stm32f4xx_rcc.o(.text) for RCC_AHB1PeriphClockCmd
    w25qxx.o(.text) refers to stm32f4xx_gpio.o(.text) for GPIO_Init
    w25qxx.o(.text) refers to noretval__2printf.o(.text) for __2printf
    w25qxx.o(.text) refers to delay.o(.text) for delay_us
    w25qxx.o(.text) refers to w25qxx.o(.data) for W25QXX_TYPE
    w25qxx.o(.text) refers to w25qxx.o(.bss) for W25QXX_BUFFER
    sdio_sdcard.o(.text) refers to stm32f4xx_sdio.o(.text) for SDIO_GetFlagStatus
    sdio_sdcard.o(.text) refers to sdio_sdcard.o(.data) for DeviceMode
    sdio_sdcard.o(.text) refers to sdio_sdcard.o(.bss) for SDIO_CmdInitStructure
    sdio_sdcard.o(.text) refers to stm32f4xx_rcc.o(.text) for RCC_AHB1PeriphClockCmd
    sdio_sdcard.o(.text) refers to stm32f4xx_gpio.o(.text) for GPIO_Init
    sdio_sdcard.o(.text) refers to misc.o(.text) for NVIC_Init
    sdio_sdcard.o(.text) refers to stm32f4xx_dma.o(.text) for DMA_GetCmdStatus
    sdio_sdcard.o(.text) refers to sys.o(.emb_text) for INTX_DISABLE
    sdio_sdcard.o(.text) refers to rt_memcpy_v6.o(.text) for __aeabi_memcpy
    myiic.o(.text) refers to stm32f4xx_rcc.o(.text) for RCC_AHB1PeriphClockCmd
    myiic.o(.text) refers to stm32f4xx_gpio.o(.text) for GPIO_Init
    myiic.o(.text) refers to delay.o(.text) for delay_us
    24cxx.o(.text) refers to myiic.o(.text) for IIC_Init
    24cxx.o(.text) refers to delay.o(.text) for delay_ms
    i2s.o(.text) refers to stm32f4xx_rcc.o(.text) for RCC_APB1PeriphClockCmd
    i2s.o(.text) refers to stm32f4xx_spi.o(.text) for I2S_Init
[...]
    TIM8_UP_TIM13_IRQHandler                 0x0800837b   Thumb Code     0  startup_stm32f40_41xxx.o(.text)
    UART4_IRQHandler                         0x0800837b   Thumb Code     0  startup_stm32f40_41xxx.o(.text)
    UART5_IRQHandler                         0x0800837b   Thumb Code     0  startup_stm32f40_41xxx.o(.text)
    USART2_IRQHandler                        0x0800837b   Thumb Code     0  startup_stm32f40_41xxx.o(.text)
    USART3_IRQHandler                        0x0800837b   Thumb Code     0  startup_stm32f40_41xxx.o(.text)
    USART6_IRQHandler                        0x0800837b   Thumb Code     0  startup_stm32f40_41xxx.o(.text)
    WWDG_IRQHandler                          0x0800837b   Thumb Code     0  startup_stm32f40_41xxx.o(.text)
    __user_initial_stackheap                 0x0800837d   Thumb Code     0  startup_stm32f40_41xxx.o(.text)
    NVIC_PriorityGroupConfig                 0x080083a1   Thumb Code    10  misc.o(.text)
    NVIC_Init                                0x080083ab   Thumb Code   106  misc.o(.text)
    NVIC_SetVectorTable                      0x08008415   Thumb Code    14  misc.o(.text)
    NVIC_SystemLPConfig                      0x08008423   Thumb Code    34  misc.o(.text)
    SysTick_CLKSourceConfig                  0x08008445   Thumb Code    40  misc.o(.text)
    GPIO_DeInit                              0x08008481   Thumb Code   268  stm32f4xx_gpio.o(.text)
    GPIO_Init                                0x0800858d   Thumb Code   144  stm32f4xx_gpio.o(.text)
    GPIO_StructInit                          0x0800861d   Thumb Code    18  stm32f4xx_gpio.o(.text)
    GPIO_PinLockConfig                       0x0800862f   Thumb Code    34  stm32f4xx_gpio.o(.text)
    GPIO_ReadInputDataBit                    0x08008651   Thumb Code    18  stm32f4xx_gpio.o(.text)
    GPIO_ReadInputData                       0x08008663   Thumb Code     8  stm32f4xx_gpio.o(.text)
    GPIO_ReadOutputDataBit                   0x0800866b   Thumb Code    18  stm32f4xx_gpio.o(.text)
    GPIO_ReadOutputData                      0x0800867d   Thumb Code     8  stm32f4xx_gpio.o(.text)
    GPIO_SetBits                             0x08008685   Thumb Code     4  stm32f4xx_gpio.o(.text)
    GPIO_ResetBits                           0x08008689   Thumb Code     4  stm32f4xx_gpio.o(.text)
    GPIO_WriteBit                            0x0800868d   Thumb Code    10  stm32f4xx_gpio.o(.text)
    GPIO_Write                               0x08008697   Thumb Code     4  stm32f4xx_gpio.o(.text)
    GPIO_ToggleBits                          0x0800869b   Thumb Code     8  stm32f4xx_gpio.o(.text)
    GPIO_PinAFConfig                         0x080086a3   Thumb Code    70  stm32f4xx_gpio.o(.text)
    FSMC_NORSRAMDeInit                       0x08008715   Thumb Code    54  stm32f4xx_fsmc.o(.text)
    FSMC_NORSRAMInit                         0x0800874b   Thumb Code   230  stm32f4xx_fsmc.o(.text)
    FSMC_NORSRAMStructInit                   0x08008831   Thumb Code    48  stm32f4xx_fsmc.o(.text)
    FSMC_NORSRAMCmd                          0x08008861   Thumb Code    46  stm32f4xx_fsmc.o(.text)
    FSMC_NANDDeInit                          0x0800888f   Thumb Code    62  stm32f4xx_fsmc.o(.text)
    FSMC_NANDInit                            0x080088cd   Thumb Code   132  stm32f4xx_fsmc.o(.text)
    FSMC_NANDStructInit                      0x08008951   Thumb Code    54  stm32f4xx_fsmc.o(.text)
    FSMC_NANDCmd                             0x08008987   Thumb Code    86  stm32f4xx_fsmc.o(.text)
    FSMC_NANDECCCmd                          0x080089dd   Thumb Code    86  stm32f4xx_fsmc.o(.text)
    FSMC_GetECC                              0x08008a33   Thumb Code    24  stm32f4xx_fsmc.o(.text)
    FSMC_PCCARDDeInit                        0x08008a4b   Thumb Code    36  stm32f4xx_fsmc.o(.text)
    FSMC_PCCARDInit                          0x08008a6f   Thumb Code   130  stm32f4xx_fsmc.o(.text)
    FSMC_PCCARDStructInit                    0x08008af1   Thumb Code    60  stm32f4xx_fsmc.o(.text)
    FSMC_PCCARDCmd                           0x08008b2d   Thumb Code    44  stm32f4xx_fsmc.o(.text)
    FSMC_ITConfig                            0x08008b59   Thumb Code   128  stm32f4xx_fsmc.o(.text)
    FSMC_GetFlagStatus                       0x08008bd9   Thumb Code    54  stm32f4xx_fsmc.o(.text)
    FSMC_ClearFlag                           0x08008c0f   Thumb Code    74  stm32f4xx_fsmc.o(.text)
    FSMC_GetITStatus                         0x08008c59   Thumb Code    62  stm32f4xx_fsmc.o(.text)
    FSMC_ClearITPendingBit                   0x08008c97   Thumb Code    66  stm32f4xx_fsmc.o(.text)
    RCC_DeInit                               0x08008cdd   Thumb Code    82  stm32f4xx_rcc.o(.text)
    RCC_HSEConfig                            0x08008d2f   Thumb Code    14  stm32f4xx_rcc.o(.text)
    RCC_GetFlagStatus                        0x08008d3d   Thumb Code    60  stm32f4xx_rcc.o(.text)
    RCC_WaitForHSEStartUp                    0x08008d79   Thumb Code    56  stm32f4xx_rcc.o(.text)
    RCC_AdjustHSICalibrationValue            0x08008db1   Thumb Code    20  stm32f4xx_rcc.o(.text)
    RCC_HSICmd                               0x08008dc5   Thumb Code     6  stm32f4xx_rcc.o(.text)
    RCC_LSEConfig                            0x08008dcb   Thumb Code    46  stm32f4xx_rcc.o(.text)
    RCC_LSICmd                               0x08008df9   Thumb Code     6  stm32f4xx_rcc.o(.text)
    RCC_PLLConfig                            0x08008dff   Thumb Code    32  stm32f4xx_rcc.o(.text)
    RCC_PLLCmd                               0x08008e1f   Thumb Code     6  stm32f4xx_rcc.o(.text)
    RCC_PLLI2SConfig                         0x08008e25   Thumb Code    14  stm32f4xx_rcc.o(.text)
    RCC_PLLI2SCmd                            0x08008e33   Thumb Code     6  stm32f4xx_rcc.o(.text)
    RCC_PLLSAIConfig                         0x08008e39   Thumb Code    20  stm32f4xx_rcc.o(.text)
    RCC_PLLSAICmd                            0x08008e4d   Thumb Code     6  stm32f4xx_rcc.o(.text)
    RCC_ClockSecuritySystemCmd               0x08008e53   Thumb Code     6  stm32f4xx_rcc.o(.text)
    RCC_MCO1Config                           0x08008e59   Thumb Code    28  stm32f4xx_rcc.o(.text)
    RCC_MCO2Config                           0x08008e75   Thumb Code    28  stm32f4xx_rcc.o(.text)
    RCC_SYSCLKConfig                         0x08008e91   Thumb Code    20  stm32f4xx_rcc.o(.text)
    RCC_GetSYSCLKSource                      0x08008ea5   Thumb Code    12  stm32f4xx_rcc.o(.text)
    RCC_HCLKConfig                           0x08008eb1   Thumb Code    20  stm32f4xx_rcc.o(.text)
    RCC_PCLK1Config                          0x08008ec5   Thumb Code    20  stm32f4xx_rcc.o(.text)
    RCC_PCLK2Config                          0x08008ed9   Thumb Code    22  stm32f4xx_rcc.o(.text)
    RCC_GetClocksFreq                        0x08008eef   Thumb Code   222  stm32f4xx_rcc.o(.text)
    RCC_RTCCLKConfig                         0x08008fcd   Thumb Code    54  stm32f4xx_rcc.o(.text)
    RCC_RTCCLKCmd                            0x08009003   Thumb Code     8  stm32f4xx_rcc.o(.text)
    RCC_BackupResetCmd                       0x0800900b   Thumb Code     8  stm32f4xx_rcc.o(.text)
    RCC_I2SCLKConfig                         0x08009013   Thumb Code     6  stm32f4xx_rcc.o(.text)
    RCC_SAIPLLI2SClkDivConfig                0x08009019   Thumb Code    26  stm32f4xx_rcc.o(.text)
    RCC_SAIPLLSAIClkDivConfig                0x08009033   Thumb Code    28  stm32f4xx_rcc.o(.text)
    RCC_SAIBlockACLKConfig                   0x0800904f   Thumb Code    20  stm32f4xx_rcc.o(.text)
    RCC_SAIBlockBCLKConfig                   0x08009063   Thumb Code    20  stm32f4xx_rcc.o(.text)
    RCC_LTDCCLKDivConfig                     0x08009077   Thumb Code    20  stm32f4xx_rcc.o(.text)
    RCC_TIMCLKPresConfig                     0x0800908b   Thumb Code     6  stm32f4xx_rcc.o(.text)
    RCC_AHB1PeriphClockCmd                   0x08009091   Thumb Code    34  stm32f4xx_rcc.o(.text)
    RCC_AHB2PeriphClockCmd                   0x080090b3   Thumb Code    78  stm32f4xx_rcc.o(.text)
    RCC_AHB3PeriphClockCmd                   0x08009101   Thumb Code    34  stm32f4xx_rcc.o(.text)
    RCC_APB1PeriphClockCmd                   0x08009123   Thumb Code    34  stm32f4xx_rcc.o(.text)
    RCC_APB2PeriphClockCmd                   0x08009145   Thumb Code    34  stm32f4xx_rcc.o(.text)
    RCC_AHB1PeriphResetCmd                   0x08009167   Thumb Code    34  stm32f4xx_rcc.o(.text)
    RCC_AHB2PeriphResetCmd                   0x08009189   Thumb Code    34  stm32f4xx_rcc.o(.text)
    RCC_AHB3PeriphResetCmd                   0x080091ab   Thumb Code    34  stm32f4xx_rcc.o(.text)
    RCC_APB1PeriphResetCmd                   0x080091cd   Thumb Code    34  stm32f4xx_rcc.o(.text)
    RCC_APB2PeriphResetCmd                   0x080091ef   Thumb Code    34  stm32f4xx_rcc.o(.text)
    RCC_AHB1PeriphClockLPModeCmd             0x08009211   Thumb Code    34  stm32f4xx_rcc.o(.text)
    RCC_AHB2PeriphClockLPModeCmd             0x08009233   Thumb Code    34  stm32f4xx_rcc.o(.text)
    RCC_AHB3PeriphClockLPModeCmd             0x08009255   Thumb Code    34  stm32f4xx_rcc.o(.text)
    RCC_APB1PeriphClockLPModeCmd             0x08009277   Thumb Code    34  stm32f4xx_rcc.o(.text)
    RCC_APB2PeriphClockLPModeCmd             0x08009299   Thumb Code    34  stm32f4xx_rcc.o(.text)
    RCC_LSEModeConfig                        0x080092bb   Thumb Code    40  stm32f4xx_rcc.o(.text)
    RCC_ITConfig                             0x080092e3   Thumb Code    34  stm32f4xx_rcc.o(.text)
    RCC_ClearFlag                            0x08009305   Thumb Code    18  stm32f4xx_rcc.o(.text)
    RCC_GetITStatus                          0x08009317   Thumb Code    22  stm32f4xx_rcc.o(.text)
    RCC_ClearITPendingBit                    0x0800932d   Thumb Code     8  stm32f4xx_rcc.o(.text)
    USART_DeInit                             0x08009339   Thumb Code   206  stm32f4xx_usart.o(.text)
    USART_Init                               0x08009407   Thumb Code   204  stm32f4xx_usart.o(.text)
    USART_StructInit                         0x080094d3   Thumb Code    24  stm32f4xx_usart.o(.text)
    USART_ClockInit                          0x080094eb   Thumb Code    32  stm32f4xx_usart.o(.text)
    USART_ClockStructInit                    0x0800950b   Thumb Code    12  stm32f4xx_usart.o(.text)
    USART_Cmd                                0x08009517   Thumb Code    24  stm32f4xx_usart.o(.text)
    USART_SetPrescaler                       0x0800952f   Thumb Code    16  stm32f4xx_usart.o(.text)
    USART_OverSampling8Cmd                   0x0800953f   Thumb Code    22  stm32f4xx_usart.o(.text)
    USART_OneBitMethodCmd                    0x08009555   Thumb Code    24  stm32f4xx_usart.o(.text)
    USART_SendData                           0x0800956d   Thumb Code     8  stm32f4xx_usart.o(.text)
    USART_ReceiveData                        0x08009575   Thumb Code    10  stm32f4xx_usart.o(.text)
    USART_SetAddress                         0x0800957f   Thumb Code    18  stm32f4xx_usart.o(.text)
    USART_ReceiverWakeUpCmd                  0x08009591   Thumb Code    24  stm32f4xx_usart.o(.text)
    USART_WakeUpConfig                       0x080095a9   Thumb Code    18  stm32f4xx_usart.o(.text)
    USART_LINBreakDetectLengthConfig         0x080095bb   Thumb Code    18  stm32f4xx_usart.o(.text)
    USART_LINCmd                             0x080095cd   Thumb Code    24  stm32f4xx_usart.o(.text)
    USART_SendBreak                          0x080095e5   Thumb Code    10  stm32f4xx_usart.o(.text)
    USART_HalfDuplexCmd                      0x080095ef   Thumb Code    24  stm32f4xx_usart.o(.text)
    USART_SetGuardTime                       0x08009607   Thumb Code    16  stm32f4xx_usart.o(.text)
    USART_SmartCardCmd                       0x08009617   Thumb Code    24  stm32f4xx_usart.o(.text)
    USART_SmartCardNACKCmd                   0x0800962f   Thumb Code    24  stm32f4xx_usart.o(.text)
    USART_IrDAConfig                         0x08009647   Thumb Code    18  stm32f4xx_usart.o(.text)
    USART_IrDACmd                            0x08009659   Thumb Code    24  stm32f4xx_usart.o(.text)
    USART_DMACmd                             0x08009671   Thumb Code    18  stm32f4xx_usart.o(.text)
    USART_ITConfig                           0x08009683   Thumb Code    74  stm32f4xx_usart.o(.text)
    USART_GetFlagStatus                      0x080096cd   Thumb Code    26  stm32f4xx_usart.o(.text)
    USART_ClearFlag                          0x080096e7   Thumb Code    18  stm32f4xx_usart.o(.text)
    USART_GetITStatus                        0x080096f9   Thumb Code   118  stm32f4xx_usart.o(.text)
    USART_ClearITPendingBit                  0x0800976f   Thumb Code    30  stm32f4xx_usart.o(.text)
    TIM_DeInit                               0x0800978d   Thumb Code   346  stm32f4xx_tim.o(.text)
    TIM_TimeBaseInit                         0x080098e7   Thumb Code   104  stm32f4xx_tim.o(.text)
    TIM_TimeBaseStructInit                   0x0800994f   Thumb Code    18  stm32f4xx_tim.o(.text)
    TIM_PrescalerConfig                      0x08009961   Thumb Code     6  stm32f4xx_tim.o(.text)
    TIM_CounterModeConfig                    0x08009967   Thumb Code    18  stm32f4xx_tim.o(.text)
    TIM_SetCounter                           0x08009979   Thumb Code     4  stm32f4xx_tim.o(.text)
    TIM_SetAutoreload                        0x0800997d   Thumb Code     4  stm32f4xx_tim.o(.text)
    TIM_GetCounter                           0x08009981   Thumb Code     6  stm32f4xx_tim.o(.text)
    TIM_GetPrescaler                         0x08009987   Thumb Code     6  stm32f4xx_tim.o(.text)
    TIM_UpdateDisableConfig                  0x0800998d   Thumb Code    24  stm32f4xx_tim.o(.text)
    TIM_UpdateRequestConfig                  0x080099a5   Thumb Code    24  stm32f4xx_tim.o(.text)
    TIM_ARRPreloadConfig                     0x080099bd   Thumb Code    24  stm32f4xx_tim.o(.text)
    TIM_SelectOnePulseMode                   0x080099d5   Thumb Code    18  stm32f4xx_tim.o(.text)
    TIM_SetClockDivision                     0x080099e7   Thumb Code    18  stm32f4xx_tim.o(.text)
    TIM_Cmd                                  0x080099f9   Thumb Code    24  stm32f4xx_tim.o(.text)
    TIM_OC1Init                              0x08009a11   Thumb Code   114  stm32f4xx_tim.o(.text)
    TIM_OC2Init                              0x08009a83   Thumb Code   154  stm32f4xx_tim.o(.text)
    TIM_OC3Init                              0x08009b1d   Thumb Code   204  stm32f4xx_tim.o(.text)
    TIM_OC4Init                              0x08009be9   Thumb Code   112  stm32f4xx_tim.o(.text)
    TIM_OCStructInit                         0x08009c59   Thumb Code    20  stm32f4xx_tim.o(.text)
    TIM_SelectOCxM                           0x08009c6d   Thumb Code    86  stm32f4xx_tim.o(.text)
    TIM_SetCompare1                          0x08009cc3   Thumb Code     4  stm32f4xx_tim.o(.text)
    TIM_SetCompare2                          0x08009cc7   Thumb Code     4  stm32f4xx_tim.o(.text)
    TIM_SetCompare3                          0x08009ccb   Thumb Code     4  stm32f4xx_tim.o(.text)
    TIM_SetCompare4                          0x08009ccf   Thumb Code     4  stm32f4xx_tim.o(.text)
    TIM_ForcedOC1Config                      0x08009cd3   Thumb Code    18  stm32f4xx_tim.o(.text)
    TIM_ForcedOC2Config                      0x08009ce5   Thumb Code    26  stm32f4xx_tim.o(.text)
    TIM_ForcedOC3Config                      0x08009cff   Thumb Code    18  stm32f4xx_tim.o(.text)
    TIM_ForcedOC4Config                      0x08009d11   Thumb Code    26  stm32f4xx_tim.o(.text)
    TIM_OC1PreloadConfig                     0x08009d2b   Thumb Code    18  stm32f4xx_tim.o(.text)
    TIM_OC2PreloadConfig                     0x08009d3d   Thumb Code    26  stm32f4xx_tim.o(.text)
    TIM_OC3PreloadConfig                     0x08009d57   Thumb Code    18  stm32f4xx_tim.o(.text)
    TIM_OC4PreloadConfig                     0x08009d69   Thumb Code    26  stm32f4xx_tim.o(.text)
    TIM_OC1FastConfig                        0x08009d83   Thumb Code    18  stm32f4xx_tim.o(.text)
    TIM_OC2FastConfig                        0x08009d95   Thumb Code    26  stm32f4xx_tim.o(.text)
    TIM_OC3FastConfig                        0x08009daf   Thumb Code    18  stm32f4xx_tim.o(.text)
    TIM_OC4FastConfig                        0x08009dc1   Thumb Code    26  stm32f4xx_tim.o(.text)
    TIM_ClearOC1Ref                          0x08009ddb   Thumb Code    18  stm32f4xx_tim.o(.text)
    TIM_ClearOC2Ref                          0x08009ded   Thumb Code    24  stm32f4xx_tim.o(.text)
    TIM_ClearOC3Ref                          0x08009e05   Thumb Code    18  stm32f4xx_tim.o(.text)
    TIM_ClearOC4Ref                          0x08009e17   Thumb Code    24  stm32f4xx_tim.o(.text)
    TIM_OC1PolarityConfig                    0x08009e2f   Thumb Code    18  stm32f4xx_tim.o(.text)
    TIM_OC1NPolarityConfig                   0x08009e41   Thumb Code    18  stm32f4xx_tim.o(.text)
    TIM_OC2PolarityConfig                    0x08009e53   Thumb Code    26  stm32f4xx_tim.o(.text)
    TIM_OC2NPolarityConfig                   0x08009e6d   Thumb Code    26  stm32f4xx_tim.o(.text)
    TIM_OC3PolarityConfig                    0x08009e87   Thumb Code    26  stm32f4xx_tim.o(.text)
    TIM_OC3NPolarityConfig                   0x08009ea1   Thumb Code    26  stm32f4xx_tim.o(.text)
    TIM_OC4PolarityConfig                    0x08009ebb   Thumb Code    26  stm32f4xx_tim.o(.text)
    TIM_CCxCmd                               0x08009ed5   Thumb Code    30  stm32f4xx_tim.o(.text)
    TIM_CCxNCmd                              0x08009ef3   Thumb Code    30  stm32f4xx_tim.o(.text)
    TIM_SetIC4Prescaler                      0x08009f11   Thumb Code    26  stm32f4xx_tim.o(.text)
    TIM_SetIC3Prescaler                      0x08009f7b   Thumb Code    18  stm32f4xx_tim.o(.text)
    TIM_SetIC2Prescaler                      0x08009fd5   Thumb Code    26  stm32f4xx_tim.o(.text)
    TIM_SetIC1Prescaler                      0x0800a049   Thumb Code    18  stm32f4xx_tim.o(.text)
    TIM_ICInit                               0x0800a095   Thumb Code   110  stm32f4xx_tim.o(.text)
    TIM_ICStructInit                         0x0800a103   Thumb Code    18  stm32f4xx_tim.o(.text)
    TIM_PWMIConfig                           0x0800a115   Thumb Code   124  stm32f4xx_tim.o(.text)
    TIM_GetCapture1                          0x0800a191   Thumb Code     6  stm32f4xx_tim.o(.text)
    TIM_GetCapture2                          0x0800a197   Thumb Code     6  stm32f4xx_tim.o(.text)
    TIM_GetCapture3                          0x0800a19d   Thumb Code     6  stm32f4xx_tim.o(.text)
    TIM_GetCapture4                          0x0800a1a3   Thumb Code     6  stm32f4xx_tim.o(.text)
    TIM_BDTRConfig                           0x0800a1a9   Thumb Code    32  stm32f4xx_tim.o(.text)
    TIM_BDTRStructInit                       0x0800a1c9   Thumb Code    18  stm32f4xx_tim.o(.text)
    TIM_CtrlPWMOutputs                       0x0800a1db   Thumb Code    30  stm32f4xx_tim.o(.text)
    TIM_SelectCOM                            0x0800a1f9   Thumb Code    24  stm32f4xx_tim.o(.text)
    TIM_CCPreloadControl                     0x0800a211   Thumb Code    24  stm32f4xx_tim.o(.text)
    TIM_ITConfig                             0x0800a229   Thumb Code    18  stm32f4xx_tim.o(.text)
    TIM_GenerateEvent                        0x0800a23b   Thumb Code     4  stm32f4xx_tim.o(.text)
    TIM_GetFlagStatus                        0x0800a23f   Thumb Code    18  stm32f4xx_tim.o(.text)
    TIM_ClearFlag                            0x0800a251   Thumb Code     6  stm32f4xx_tim.o(.text)
    TIM_GetITStatus                          0x0800a257   Thumb Code    34  stm32f4xx_tim.o(.text)
    TIM_ClearITPendingBit                    0x0800a279   Thumb Code     6  stm32f4xx_tim.o(.text)
    TIM_DMAConfig                            0x0800a27f   Thumb Code    10  stm32f4xx_tim.o(.text)
    TIM_DMACmd                               0x0800a289   Thumb Code    18  stm32f4xx_tim.o(.text)
    TIM_SelectCCDMA                          0x0800a29b   Thumb Code    24  stm32f4xx_tim.o(.text)
    TIM_InternalClockConfig                  0x0800a2b3   Thumb Code    12  stm32f4xx_tim.o(.text)
    TIM_SelectInputTrigger                   0x0800a2bf   Thumb Code    18  stm32f4xx_tim.o(.text)
    TIM_ITRxExternalClockConfig              0x0800a2d1   Thumb Code    24  stm32f4xx_tim.o(.text)
    TIM_TIxExternalClockConfig               0x0800a2e9   Thumb Code    62  stm32f4xx_tim.o(.text)
    TIM_ETRConfig                            0x0800a327   Thumb Code    28  stm32f4xx_tim.o(.text)
    TIM_ETRClockMode1Config                  0x0800a343   Thumb Code    54  stm32f4xx_tim.o(.text)
    TIM_ETRClockMode2Config                  0x0800a379   Thumb Code    32  stm32f4xx_tim.o(.text)
    TIM_SelectOutputTrigger                  0x0800a399   Thumb Code    18  stm32f4xx_tim.o(.text)
    TIM_SelectSlaveMode                      0x0800a3ab   Thumb Code    18  stm32f4xx_tim.o(.text)
    TIM_SelectMasterSlaveMode                0x0800a3bd   Thumb Code    18  stm32f4xx_tim.o(.text)
    TIM_EncoderInterfaceConfig               0x0800a3cf   Thumb Code    66  stm32f4xx_tim.o(.text)
    TIM_SelectHallSensor                     0x0800a411   Thumb Code    24  stm32f4xx_tim.o(.text)
    TIM_RemapConfig                          0x0800a429   Thumb Code     6  stm32f4xx_tim.o(.text)
    SPI_I2S_DeInit                           0x0800a431   Thumb Code   152  stm32f4xx_spi.o(.text)
    SPI_Init                                 0x0800a4c9   Thumb Code    60  stm32f4xx_spi.o(.text)
    I2S_Init                                 0x0800a505   Thumb Code   396  stm32f4xx_spi.o(.text)
    SPI_StructInit                           0x0800a691   Thumb Code    24  stm32f4xx_spi.o(.text)
    I2S_StructInit                           0x0800a6a9   Thumb Code    20  stm32f4xx_spi.o(.text)
    SPI_Cmd                                  0x0800a6bd   Thumb Code    24  stm32f4xx_spi.o(.text)
    I2S_Cmd                                  0x0800a6d5   Thumb Code    24  stm32f4xx_spi.o(.text)
    SPI_DataSizeConfig                       0x0800a6ed   Thumb Code    18  stm32f4xx_spi.o(.text)
    SPI_BiDirectionalLineConfig              0x0800a6ff   Thumb Code    28  stm32f4xx_spi.o(.text)
    SPI_NSSInternalSoftwareConfig            0x0800a71b   Thumb Code    30  stm32f4xx_spi.o(.text)
    SPI_SSOutputCmd                          0x0800a739   Thumb Code    24  stm32f4xx_spi.o(.text)
    SPI_TIModeCmd                            0x0800a751   Thumb Code    24  stm32f4xx_spi.o(.text)
    I2S_FullDuplexConfig                     0x0800a769   Thumb Code    80  stm32f4xx_spi.o(.text)
    SPI_I2S_ReceiveData                      0x0800a7b9   Thumb Code     6  stm32f4xx_spi.o(.text)
    SPI_I2S_SendData                         0x0800a7bf   Thumb Code     4  stm32f4xx_spi.o(.text)
    SPI_CalculateCRC                         0x0800a7c3   Thumb Code    24  stm32f4xx_spi.o(.text)
    SPI_TransmitCRC                          0x0800a7db   Thumb Code    10  stm32f4xx_spi.o(.text)
    SPI_GetCRC                               0x0800a7e5   Thumb Code    16  stm32f4xx_spi.o(.text)
    SPI_GetCRCPolynomial                     0x0800a7f5   Thumb Code     6  stm32f4xx_spi.o(.text)
    SPI_I2S_DMACmd                           0x0800a7fb   Thumb Code    18  stm32f4xx_spi.o(.text)
    SPI_I2S_ITConfig                         0x0800a80d   Thumb Code    68  stm32f4xx_spi.o(.text)
    SPI_I2S_GetFlagStatus                    0x0800a851   Thumb Code    18  stm32f4xx_spi.o(.text)
    SPI_I2S_ClearFlag                        0x0800a863   Thumb Code     6  stm32f4xx_spi.o(.text)
    SPI_I2S_GetITStatus                      0x0800a869   Thumb Code    52  stm32f4xx_spi.o(.text)
    SPI_I2S_ClearITPendingBit                0x0800a89d   Thumb Code    20  stm32f4xx_spi.o(.text)
    SDIO_DeInit                              0x0800a8b1   Thumb Code    22  stm32f4xx_sdio.o(.text)
    SDIO_Init                                0x0800a8c7   Thumb Code    42  stm32f4xx_sdio.o(.text)
    SDIO_StructInit                          0x0800a8f1   Thumb Code    16  stm32f4xx_sdio.o(.text)
    SDIO_ClockCmd                            0x0800a901   Thumb Code     6  stm32f4xx_sdio.o(.text)
    SDIO_SetPowerState                       0x0800a907   Thumb Code     8  stm32f4xx_sdio.o(.text)
    SDIO_GetPowerState                       0x0800a90f   Thumb Code    12  stm32f4xx_sdio.o(.text)
    SDIO_SendCommand                         0x0800a91b   Thumb Code    42  stm32f4xx_sdio.o(.text)
    SDIO_CmdStructInit                       0x0800a945   Thumb Code    14  stm32f4xx_sdio.o(.text)
    SDIO_GetCommandResponse                  0x0800a953   Thumb Code    10  stm32f4xx_sdio.o(.text)
    SDIO_GetResponse                         0x0800a95d   Thumb Code    22  stm32f4xx_sdio.o(.text)
    SDIO_DataConfig                          0x0800a973   Thumb Code    48  stm32f4xx_sdio.o(.text)
    SDIO_DataStructInit                      0x0800a9a3   Thumb Code    20  stm32f4xx_sdio.o(.text)
    SDIO_GetDataCounter                      0x0800a9b7   Thumb Code     8  stm32f4xx_sdio.o(.text)
    SDIO_ReadData                            0x0800a9bf   Thumb Code     8  stm32f4xx_sdio.o(.text)
    SDIO_WriteData                           0x0800a9c7   Thumb Code     8  stm32f4xx_sdio.o(.text)
    SDIO_GetFIFOCount                        0x0800a9cf   Thumb Code     8  stm32f4xx_sdio.o(.text)
    SDIO_StartSDIOReadWait                   0x0800a9d7   Thumb Code     6  stm32f4xx_sdio.o(.text)
    SDIO_StopSDIOReadWait                    0x0800a9dd   Thumb Code     8  stm32f4xx_sdio.o(.text)
    SDIO_SetSDIOReadWaitMode                 0x0800a9e5   Thumb Code     8  stm32f4xx_sdio.o(.text)
    SDIO_SetSDIOOperation                    0x0800a9ed   Thumb Code     8  stm32f4xx_sdio.o(.text)
    SDIO_SendSDIOSuspendCmd                  0x0800a9f5   Thumb Code     6  stm32f4xx_sdio.o(.text)
    SDIO_CommandCompletionCmd                0x0800a9fb   Thumb Code     8  stm32f4xx_sdio.o(.text)
    SDIO_CEATAITCmd                          0x0800aa03   Thumb Code    12  stm32f4xx_sdio.o(.text)
    SDIO_SendCEATACmd                        0x0800aa0f   Thumb Code     8  stm32f4xx_sdio.o(.text)
    SDIO_DMACmd                              0x0800aa17   Thumb Code     8  stm32f4xx_sdio.o(.text)
    SDIO_ITConfig                            0x0800aa1f   Thumb Code    34  stm32f4xx_sdio.o(.text)
    SDIO_GetFlagStatus                       0x0800aa41   Thumb Code    22  stm32f4xx_sdio.o(.text)
    SDIO_ClearFlag                           0x0800aa57   Thumb Code     8  stm32f4xx_sdio.o(.text)
    SDIO_GetITStatus                         0x0800aa5f   Thumb Code    22  stm32f4xx_sdio.o(.text)
    SDIO_ClearITPendingBit                   0x0800aa75   Thumb Code     8  stm32f4xx_sdio.o(.text)
    DMA_DeInit                               0x0800aa8d   Thumb Code   324  stm32f4xx_dma.o(.text)
    DMA_Init                                 0x0800abd1   Thumb Code    82  stm32f4xx_dma.o(.text)
    DMA_StructInit                           0x0800ac23   Thumb Code    34  stm32f4xx_dma.o(.text)
    DMA_Cmd                                  0x0800ac45   Thumb Code    22  stm32f4xx_dma.o(.text)
    DMA_PeriphIncOffsetSizeConfig            0x0800ac5b   Thumb Code    22  stm32f4xx_dma.o(.text)
    DMA_FlowControllerConfig                 0x0800ac71   Thumb Code    22  stm32f4xx_dma.o(.text)
    DMA_SetCurrDataCounter                   0x0800ac87   Thumb Code     4  stm32f4xx_dma.o(.text)
    DMA_GetCurrDataCounter                   0x0800ac8b   Thumb Code     8  stm32f4xx_dma.o(.text)
    DMA_DoubleBufferModeConfig               0x0800ac93   Thumb Code    24  stm32f4xx_dma.o(.text)
    DMA_DoubleBufferModeCmd                  0x0800acab   Thumb Code    22  stm32f4xx_dma.o(.text)
    DMA_MemoryTargetConfig                   0x0800acc1   Thumb Code    10  stm32f4xx_dma.o(.text)
    DMA_GetCurrentMemoryTarget               0x0800accb   Thumb Code    20  stm32f4xx_dma.o(.text)
    DMA_GetCmdStatus                         0x0800acdf   Thumb Code    20  stm32f4xx_dma.o(.text)
    DMA_GetFIFOStatus                        0x0800acf3   Thumb Code    12  stm32f4xx_dma.o(.text)
    DMA_GetFlagStatus                        0x0800acff   Thumb Code    56  stm32f4xx_dma.o(.text)
    DMA_ClearFlag                            0x0800ad37   Thumb Code    40  stm32f4xx_dma.o(.text)
    DMA_ITConfig                             0x0800ad5f   Thumb Code    58  stm32f4xx_dma.o(.text)
    DMA_GetITStatus                          0x0800ad99   Thumb Code    84  stm32f4xx_dma.o(.text)
    DMA_ClearITPendingBit                    0x0800aded   Thumb Code    40  stm32f4xx_dma.o(.text)
    mymemcpy                                 0x0800ae35   Thumb Code    26  malloc.o(.text)
    mymemset                                 0x0800ae4f   Thumb Code    20  malloc.o(.text)
    my_mem_init                              0x0800ae63   Thumb Code    54  malloc.o(.text)
    my_mem_perused                           0x0800ae99   Thumb Code    54  malloc.o(.text)
    my_mem_malloc                            0x0800aecf   Thumb Code   154  malloc.o(.text)
    my_mem_free                              0x0800af69   Thumb Code    94  malloc.o(.text)
    myfree                                   0x0800afc7   Thumb Code    32  malloc.o(.text)
    mymalloc                                 0x0800afe7   Thumb Code    36  malloc.o(.text)
    myrealloc                                0x0800b00b   Thumb Code    68  malloc.o(.text)
    usmart_sys_cmd_exe                       0x0800b061   Thumb Code  1554  usmart.o(.text)
    usmart_reset_runtime                     0x0800b673   Thumb Code    38  usmart.o(.text)
    usmart_get_runtime                       0x0800b699   Thumb Code    60  usmart.o(.text)
    TIM4_IRQHandler                          0x0800b6d5   Thumb Code    46  usmart.o(.text)
    Timer4_Init                              0x0800b703   Thumb Code    86  usmart.o(.text)
    usmart_init                              0x0800b759   Thumb Code    36  usmart.o(.text)
    usmart_cmd_rec                           0x0800b77d   Thumb Code   170  usmart.o(.text)
    usmart_exe                               0x0800b827   Thumb Code   868  usmart.o(.text)
    usmart_scan                              0x0800bb8b   Thumb Code   120  usmart.o(.text)
    read_addr                                0x0800bc03   Thumb Code     6  usmart.o(.text)
    write_addr                               0x0800bc09   Thumb Code     4  usmart.o(.text)
    usmart_strcmp                            0x0800bc95   Thumb Code    34  usmart_str.o(.text)
    usmart_strcopy                           0x0800bcb7   Thumb Code    22  usmart_str.o(.text)
    usmart_strlen                            0x0800bccd   Thumb Code    24  usmart_str.o(.text)
    usmart_pow                               0x0800bce5   Thumb Code    22  usmart_str.o(.text)
    usmart_str2num                           0x0800bcfb   Thumb Code   202  usmart_str.o(.text)
    usmart_get_cmdname                       0x0800bdc5   Thumb Code    54  usmart_str.o(.text)
    usmart_search_nextc                      0x0800bdfb   Thumb Code    22  usmart_str.o(.text)
    usmart_get_fname                         0x0800be11   Thumb Code   440  usmart_str.o(.text)
    usmart_get_aparm                         0x0800bfc9   Thumb Code   200  usmart_str.o(.text)
    usmart_get_parmpos                       0x0800c091   Thumb Code    26  usmart_str.o(.text)
    usmart_get_fparam                        0x0800c0ab   Thumb Code   262  usmart_str.o(.text)
    disk_initialize                          0x0800c1bd   Thumb Code    70  diskio.o(.text)
    disk_status                              0x0800c203   Thumb Code     6  diskio.o(.text)
    disk_read                                0x0800c209   Thumb Code   140  diskio.o(.text)
    disk_write                               0x0800c295   Thumb Code   140  diskio.o(.text)
    disk_ioctl                               0x0800c321   Thumb Code   240  diskio.o(.text)
    get_fattime                              0x0800c411   Thumb Code     4  diskio.o(.text)
    ff_memalloc                              0x0800c415   Thumb Code    14  diskio.o(.text)
    ff_memfree                               0x0800c423   Thumb Code    14  diskio.o(.text)
    clust2sect                               0x0800c5eb   Thumb Code    26  ff.o(.text)
    get_fat                                  0x0800c605   Thumb Code   232  ff.o(.text)
    put_fat                                  0x0800c6ed   Thumb Code   310  ff.o(.text)
    dir_sdi                                  0x0800c997   Thumb Code   158  ff.o(.text)
    f_mount                                  0x0800da09   Thumb Code    86  ff.o(.text)
    f_open                                   0x0800da5f   Thumb Code   384  ff.o(.text)
    f_read                                   0x0800dbdf   Thumb Code   448  ff.o(.text)
    f_write                                  0x0800dd9f   Thumb Code   490  ff.o(.text)
    f_sync                                   0x0800df89   Thumb Code   176  ff.o(.text)
    f_close                                  0x0800e039   Thumb Code    36  ff.o(.text)
    f_lseek                                  0x0800e05d   Thumb Code   654  ff.o(.text)
    f_opendir                                0x0800e2eb   Thumb Code   136  ff.o(.text)
    f_closedir                               0x0800e373   Thumb Code    22  ff.o(.text)
    f_readdir                                0x0800e389   Thumb Code   114  ff.o(.text)
    f_stat                                   0x0800e3fb   Thumb Code    84  ff.o(.text)
    f_getfree                                0x0800e44f   Thumb Code   258  ff.o(.text)
    f_truncate                               0x0800e551   Thumb Code   184  ff.o(.text)
    f_unlink                                 0x0800e609   Thumb Code   194  ff.o(.text)
    f_mkdir                                  0x0800e6cb   Thumb Code   380  ff.o(.text)
    f_chmod                                  0x0800e847   Thumb Code   112  ff.o(.text)
    f_utime                                  0x0800e8b7   Thumb Code   110  ff.o(.text)
    f_rename                                 0x0800e925   Thumb Code   314  ff.o(.text)
    f_getlabel                               0x0800ea5f   Thumb Code   190  ff.o(.text)
    f_setlabel                               0x0800eb1d   Thumb Code   470  ff.o(.text)
    f_mkfs                                   0x0800ecf3   Thumb Code  1570  ff.o(.text)
    f_gets                                   0x0800f315   Thumb Code    82  ff.o(.text)
    f_putc                                   0x0800f3ab   Thumb Code    64  ff.o(.text)
    f_puts                                   0x0800f3eb   Thumb Code    74  ff.o(.text)
    f_printf                                 0x0800f435   Thumb Code   674  ff.o(.text)
    exfuns_init                              0x0800f6d9   Thumb Code   114  exfuns.o(.text)
    char_upper                               0x0800f74b   Thumb Code    26  exfuns.o(.text)
    f_typetell                               0x0800f765   Thumb Code   172  exfuns.o(.text)
    exf_getfree                              0x0800f811   Thumb Code    74  exfuns.o(.text)
    mf_mount                                 0x0800f871   Thumb Code    20  fattester.o(.text)
    mf_open                                  0x0800f885   Thumb Code    24  fattester.o(.text)
    mf_close                                 0x0800f89d   Thumb Code    14  fattester.o(.text)
    mf_read                                  0x0800f8ab   Thumb Code   224  fattester.o(.text)
    mf_write                                 0x0800f98b   Thumb Code    68  fattester.o(.text)
    mf_opendir                               0x0800f9cf   Thumb Code    14  fattester.o(.text)
    mf_closedir                              0x0800f9dd   Thumb Code    10  fattester.o(.text)
    mf_readdir                               0x0800f9e7   Thumb Code   204  fattester.o(.text)
    mf_scan_files                            0x0800fab3   Thumb Code   120  fattester.o(.text)
    mf_showfree                              0x0800fb2b   Thumb Code    88  fattester.o(.text)
    mf_lseek                                 0x0800fb83   Thumb Code    16  fattester.o(.text)
    mf_tell                                  0x0800fb93   Thumb Code     8  fattester.o(.text)
    mf_size                                  0x0800fb9b   Thumb Code     8  fattester.o(.text)
    mf_mkdir                                 0x0800fba3   Thumb Code    12  fattester.o(.text)
    mf_fmkfs                                 0x0800fbaf   Thumb Code    20  fattester.o(.text)
    mf_unlink                                0x0800fbc3   Thumb Code    12  fattester.o(.text)
    mf_rename                                0x0800fbcf   Thumb Code    16  fattester.o(.text)
    mf_getlabel                              0x0800fbdf   Thumb Code    58  fattester.o(.text)
    mf_setlabel                              0x0800fc19   Thumb Code    34  fattester.o(.text)
    mf_gets                                  0x0800fc3b   Thumb Code   698  fattester.o(.text)
    mf_putc                                  0x0800fef5   Thumb Code    18  fattester.o(.text)
    mf_puts                                  0x0800ff07   Thumb Code    18  fattester.o(.text)
    ff_convert                               0x0800ff39   Thumb Code   146  mycc936.o(.text)
    ff_wtoupper                              0x0800ffcb   Thumb Code    46  mycc936.o(.text)
    fupd_prog                                0x08010005   Thumb Code   148  fontupd.o(.text)
    updata_fontx                             0x08010099   Thumb Code   346  fontupd.o(.text)
    update_font                              0x080101f3   Thumb Code   884  fontupd.o(.text)
    font_init                                0x08010567   Thumb Code    64  fontupd.o(.text)
    Get_HzMat                                0x080105e5   Thumb Code   220  text.o(.text)
    Show_Font                                0x080106c1   Thumb Code   190  text.o(.text)
    Show_Str                                 0x0801077f   Thumb Code   192  text.o(.text)
    Show_Str_Mid                             0x0801083f   Thumb Code   106  text.o(.text)
    USB_OTG_WritePacket                      0x08010959   Thumb Code    64  usb_core.o(.text)
    USB_OTG_ReadPacket                       0x08010999   Thumb Code    40  usb_core.o(.text)
    USB_OTG_SelectCore                       0x080109c1   Thumb Code   204  usb_core.o(.text)
    USB_OTG_CoreInit                         0x08010a8d   Thumb Code   294  usb_core.o(.text)
    USB_OTG_EnableGlobalInt                  0x08010bb3   Thumb Code    34  usb_core.o(.text)
    USB_OTG_DisableGlobalInt                 0x08010bd5   Thumb Code    34  usb_core.o(.text)
    USB_OTG_FlushTxFifo                      0x08010bf7   Thumb Code    80  usb_core.o(.text)
    USB_OTG_FlushRxFifo                      0x08010c47   Thumb Code    70  usb_core.o(.text)
    USB_OTG_SetCurrentMode                   0x08010c8d   Thumb Code    78  usb_core.o(.text)
    USB_OTG_GetMode                          0x08010cdb   Thumb Code    22  usb_core.o(.text)
    USB_OTG_IsDeviceMode                     0x08010cf1   Thumb Code    22  usb_core.o(.text)
    USB_OTG_IsHostMode                       0x08010d07   Thumb Code    20  usb_core.o(.text)
    USB_OTG_ReadCoreItr                      0x08010d1b   Thumb Code    16  usb_core.o(.text)
    USB_OTG_ReadOtgItr                       0x08010d2b   Thumb Code     8  usb_core.o(.text)
    USB_OTG_EnableHostInt                    0x08010d33   Thumb Code   116  usb_core.o(.text)
    USB_OTG_ReadHPRT0                        0x08010da7   Thumb Code    48  usb_core.o(.text)
    USB_OTG_DriveVbus                        0x08010dd7   Thumb Code    92  usb_core.o(.text)
    USB_OTG_ResetPort                        0x08010e33   Thumb Code    64  usb_core.o(.text)
    USB_OTG_InitFSLSPClkSel                  0x08010e73   Thumb Code    24  usb_core.o(.text)
    USB_OTG_CoreInitHost                     0x08010e8b   Thumb Code   214  usb_core.o(.text)
    USB_OTG_IsEvenFrame                      0x08010f61   Thumb Code    16  usb_core.o(.text)
    USB_OTG_ReadHostAllChannels_intr         0x08010f71   Thumb Code     8  usb_core.o(.text)
    USB_OTG_HC_Init                          0x08010f79   Thumb Code   568  usb_core.o(.text)
    USB_OTG_HC_StartXfer                     0x080111b1   Thumb Code   502  usb_core.o(.text)
    USB_OTG_HC_Halt                          0x080113a7   Thumb Code   130  usb_core.o(.text)
    USB_OTG_HC_DoPing                        0x08011429   Thumb Code    90  usb_core.o(.text)
    USB_OTG_StopHost                         0x08011483   Thumb Code    96  usb_core.o(.text)
    HCD_Init                                 0x080114e3   Thumb Code    96  usb_hcd.o(.text)
    HCD_GetCurrentSpeed                      0x08011543   Thumb Code    20  usb_hcd.o(.text)
    HCD_ResetPort                            0x08011557   Thumb Code    14  usb_hcd.o(.text)
    HCD_IsDeviceConnected                    0x08011565   Thumb Code     8  usb_hcd.o(.text)
    HCD_GetCurrentFrame                      0x0801156d   Thumb Code    10  usb_hcd.o(.text)
    HCD_GetURB_State                         0x08011577   Thumb Code    10  usb_hcd.o(.text)
    HCD_GetXferCnt                           0x08011581   Thumb Code    12  usb_hcd.o(.text)
    HCD_GetHCState                           0x0801158d   Thumb Code    10  usb_hcd.o(.text)
    HCD_HC_Init                              0x08011597   Thumb Code    16  usb_hcd.o(.text)
    HCD_SubmitRequest                        0x080115a7   Thumb Code    32  usb_hcd.o(.text)
    USBH_OTG_ISR_Handler                     0x0801238f   Thumb Code   168  usb_hcd_int.o(.text)
    USBH_Connected                           0x0801243d   Thumb Code    12  usbh_core.o(.text)
    USBH_Disconnected                        0x08012449   Thumb Code    12  usbh_core.o(.text)
    USBH_SOF                                 0x08012455   Thumb Code     6  usbh_core.o(.text)
    USBH_DeInit                              0x0801245b   Thumb Code    58  usbh_core.o(.text)
    USBH_Init                                0x08012495   Thumb Code    70  usbh_core.o(.text)
    USBH_HandleControl                       0x080124db   Thumb Code   544  usbh_core.o(.text)
    USBH_ErrorHandle                         0x080126fb   Thumb Code    46  usbh_core.o(.text)
    USBH_Process                             0x08012901   Thumb Code   428  usbh_core.o(.text)
    USBH_Open_Channel                        0x08012aad   Thumb Code   154  usbh_hcs.o(.text)
    USBH_Modify_Channel                      0x08012b47   Thumb Code   100  usbh_hcs.o(.text)
    USBH_Alloc_Channel                       0x08012bd3   Thumb Code    38  usbh_hcs.o(.text)
    USBH_Free_Channel                        0x08012bf9   Thumb Code    30  usbh_hcs.o(.text)
    USBH_DeAllocate_AllChannel               0x08012c17   Thumb Code    28  usbh_hcs.o(.text)
    USBH_CtlReq                              0x08012c4b   Thumb Code   100  usbh_ioreq.o(.text)
    USBH_CtlSendSetup                        0x08012caf   Thumb Code    66  usbh_ioreq.o(.text)
    USBH_CtlSendData                         0x08012cf1   Thumb Code   110  usbh_ioreq.o(.text)
    USBH_CtlReceiveData                      0x08012d5f   Thumb Code    70  usbh_ioreq.o(.text)
    USBH_BulkSendData                        0x08012da5   Thumb Code    94  usbh_ioreq.o(.text)
    USBH_BulkReceiveData                     0x08012e03   Thumb Code    96  usbh_ioreq.o(.text)
    USBH_InterruptReceiveData                0x08012e63   Thumb Code   120  usbh_ioreq.o(.text)
    USBH_InterruptSendData                   0x08012edb   Thumb Code   118  usbh_ioreq.o(.text)
    USBH_IsocReceiveData                     0x08012f51   Thumb Code    70  usbh_ioreq.o(.text)
    USBH_IsocSendData                        0x08012f97   Thumb Code    68  usbh_ioreq.o(.text)
    USBH_GetDescriptor                       0x08013035   Thumb Code    68  usbh_stdreq.o(.text)
    USBH_Get_DevDesc                         0x08013079   Thumb Code    56  usbh_stdreq.o(.text)
    USBH_GetNextDesc                         0x080130f7   Thumb Code    18  usbh_stdreq.o(.text)
    USBH_Get_CfgDesc                         0x0801321f   Thumb Code    88  usbh_stdreq.o(.text)
    USBH_Get_StringDesc                      0x080132ad   Thumb Code    60  usbh_stdreq.o(.text)
    USBH_SetAddress                          0x080132e9   Thumb Code    38  usbh_stdreq.o(.text)
    USBH_SetCfg                              0x0801330f   Thumb Code    38  usbh_stdreq.o(.text)
    USBH_SetInterface                        0x08013335   Thumb Code    44  usbh_stdreq.o(.text)
    USBH_ClrFeature                          0x08013361   Thumb Code    76  usbh_stdreq.o(.text)
    USBH_MSC_Init                            0x080133b9   Thumb Code    44  usbh_msc_bot.o(.text)
    USBH_MSC_BOT_Abort                       0x080133e5   Thumb Code    86  usbh_msc_bot.o(.text)
    USBH_MSC_DecodeCSW                       0x0801343b   Thumb Code   108  usbh_msc_bot.o(.text)
    USBH_MSC_HandleBOTXfer                   0x080134a7   Thumb Code   866  usbh_msc_bot.o(.text)
    USBH_MSC_ErrorHandle                     0x0801392d   Thumb Code    58  usbh_msc_core.o(.text)
    USBH_MSC_TestUnitReady                   0x08013b59   Thumb Code   162  usbh_msc_scsi.o(.text)
    USBH_MSC_ReadCapacity10                  0x08013bfb   Thumb Code   202  usbh_msc_scsi.o(.text)
    USBH_MSC_ModeSense6                      0x08013cc5   Thumb Code   192  usbh_msc_scsi.o(.text)
    USBH_MSC_RequestSense                    0x08013d85   Thumb Code   208  usbh_msc_scsi.o(.text)
    USBH_MSC_Write10                         0x08013e55   Thumb Code   218  usbh_msc_scsi.o(.text)
    USBH_MSC_Read10                          0x08013f2f   Thumb Code   272  usbh_msc_scsi.o(.text)
    USB_OTG_BSP_Init                         0x0801404d   Thumb Code   112  usb_bsp.o(.text)
    USB_OTG_BSP_EnableInterrupt              0x080140bd   Thumb Code    36  usb_bsp.o(.text)
    USB_OTG_BSP_DisableInterrupt             0x080140e1   Thumb Code     2  usb_bsp.o(.text)
    USB_OTG_BSP_DriveVBUS                    0x080140e3   Thumb Code     2  usb_bsp.o(.text)
    USB_OTG_BSP_ConfigVBUS                   0x080140e5   Thumb Code     2  usb_bsp.o(.text)
    USB_OTG_BSP_uDelay                       0x080140e7   Thumb Code    12  usb_bsp.o(.text)
    USB_OTG_BSP_mDelay                       0x080140f3   Thumb Code    12  usb_bsp.o(.text)
    OTG_FS_IRQHandler                        0x08014109   Thumb Code    10  usbh_usr.o(.text)
    USBH_USR_Init                            0x08014113   Thumb Code    22  usbh_usr.o(.text)
    USBH_USR_DeviceAttached                  0x08014129   Thumb Code    16  usbh_usr.o(.text)
    USBH_USR_DeviceDisconnected              0x08014139   Thumb Code    16  usbh_usr.o(.text)
    USBH_USR_ResetDevice                     0x08014149   Thumb Code    10  usbh_usr.o(.text)
    USBH_USR_DeviceSpeedDetected             0x08014153   Thumb Code    46  usbh_usr.o(.text)
    USBH_USR_Device_DescAvailable            0x08014181   Thumb Code    24  usbh_usr.o(.text)
    USBH_USR_DeviceAddressAssigned           0x08014199   Thumb Code    10  usbh_usr.o(.text)
    USBH_USR_Configuration_DescAvailable     0x080141a3   Thumb Code    42  usbh_usr.o(.text)
    USBH_USR_Manufacturer_String             0x080141cd   Thumb Code    14  usbh_usr.o(.text)
    USBH_USR_Product_String                  0x080141db   Thumb Code    14  usbh_usr.o(.text)
    USBH_USR_SerialNum_String                0x080141e9   Thumb Code    14  usbh_usr.o(.text)
    USBH_USR_EnumerationDone                 0x080141f7   Thumb Code    10  usbh_usr.o(.text)
    USBH_USR_DeviceNotSupported              0x08014201   Thumb Code    10  usbh_usr.o(.text)
    USBH_USR_UserInput                       0x0801420b   Thumb Code    12  usbh_usr.o(.text)
    USBH_USR_OverCurrentDetected             0x08014217   Thumb Code    10  usbh_usr.o(.text)
    USBH_USR_MSC_Application                 0x08014221   Thumb Code    56  usbh_usr.o(.text)
    USBH_USR_DeInit                          0x08014259   Thumb Code     8  usbh_usr.o(.text)
    USBH_USR_UnrecoveredError                0x08014261   Thumb Code    10  usbh_usr.o(.text)
    USBH_UDISK_Status                        0x0801426b   Thumb Code    12  usbh_usr.o(.text)
    USBH_UDISK_Read                          0x08014277   Thumb Code    82  usbh_usr.o(.text)
    USBH_UDISK_Write                         0x080142c9   Thumb Code    82  usbh_usr.o(.text)
    __use_no_semihosting                     0x08014515   Thumb Code     2  use_no_semi_2.o(.text)
    __aeabi_ldivmod                          0x08014517   Thumb Code     0  llsdiv.o(.text)
    _ll_sdiv                                 0x08014517   Thumb Code    72  llsdiv.o(.text)
    __2printf                                0x08014561   Thumb Code    20  noretval__2printf.o(.text)
    _printf_pre_padding                      0x08014579   Thumb Code    44  _printf_pad.o(.text)
    _printf_post_padding                     0x080145a5   Thumb Code    34  _printf_pad.o(.text)
    _printf_str                              0x080145c7   Thumb Code    82  _printf_str.o(.text)
    _printf_int_dec                          0x08014619   Thumb Code   104  _printf_dec.o(.text)
    _printf_int_hex                          0x08014691   Thumb Code    84  _printf_hex_int.o(.text)
    _printf_longlong_hex                     0x08014691   Thumb Code     0  _printf_hex_int.o(.text)
    __printf                                 0x080146e9   Thumb Code   388  __printf_flags_ss_wp.o(.text)
    strcpy                                   0x08014871   Thumb Code    72  strcpy.o(.text)
    strlen                                   0x080148b9   Thumb Code    62  strlen.o(.text)
    strcat                                   0x080148f7   Thumb Code    24  strcat.o(.text)
    __aeabi_memcpy                           0x0801490f   Thumb Code     0  rt_memcpy_v6.o(.text)
    __rt_memcpy                              0x0801490f   Thumb Code   138  rt_memcpy_v6.o(.text)
    _memcpy_lastbytes                        0x08014975   Thumb Code     0  rt_memcpy_v6.o(.text)
    strcmp                                   0x08014999   Thumb Code   128  strcmpv7m.o(.text)
    __use_two_region_memory                  0x08014a19   Thumb Code     2  heapauxi.o(.text)
    __rt_heap_escrow$2region                 0x08014a1b   Thumb Code     2  heapauxi.o(.text)
    __rt_heap_expand$2region                 0x08014a1d   Thumb Code     2  heapauxi.o(.text)
    __I$use$semihosting                      0x08014a1f   Thumb Code     0  use_no_semi.o(.text)
    __use_no_semihosting_swi                 0x08014a1f   Thumb Code     2  use_no_semi.o(.text)
    __aeabi_uldivmod                         0x08014a21   Thumb Code     0  lludivv7m.o(.text)
    _ll_udiv                                 0x08014a21   Thumb Code   238  lludivv7m.o(.text)
    _printf_int_common                       0x08014b0f   Thumb Code   178  _printf_intcommon.o(.text)
    _printf_cs_common                        0x08014bc1   Thumb Code    20  _printf_char.o(.text)
    _printf_char                             0x08014bd5   Thumb Code    16  _printf_char.o(.text)
    _printf_string                           0x08014be5   Thumb Code     8  _printf_char.o(.text)
    _printf_char_file                        0x08014bed   Thumb Code    32  _printf_char_file.o(.text)
    __aeabi_memcpy4                          0x08014c11   Thumb Code     0  rt_memcpy_w.o(.text)
    __aeabi_memcpy8                          0x08014c11   Thumb Code     0  rt_memcpy_w.o(.text)
    __rt_memcpy_w                            0x08014c11   Thumb Code   100  rt_memcpy_w.o(.text)
    _memcpy_lastbytes_aligned                0x08014c59   Thumb Code     0  rt_memcpy_w.o(.text)
    _printf_char_common                      0x08014c7f   Thumb Code    32  _printf_char_common.o(.text)
    ferror                                   0x08014ca5   Thumb Code     8  ferror.o(.text)
    __user_setup_stackheap                   0x08014cad   Thumb Code    74  sys_stackheap_outer.o(.text)
    exit                                     0x08014cf7   Thumb Code    18  exit.o(.text)
    __user_libspace                          0x08014d09   Thumb Code     8  libspace.o(.text)
    __user_perproc_libspace                  0x08014d09   Thumb Code     0  libspace.o(.text)
    __user_perthread_libspace                0x08014d09   Thumb Code     0  libspace.o(.text)
    _is_digit                                0x08014d11   Thumb Code    14  __printf_wp.o(i._is_digit)
    __aeabi_d2uiz                            0x08014d21   Thumb Code     0  dfixu.o(x$fpl$dfixu)
    _dfixu                                   0x08014d21   Thumb Code    90  dfixu.o(x$fpl$dfixu)
    __aeabi_ui2d                             0x08014d7b   Thumb Code     0  dflt_clz.o(x$fpl$dfltu)
    _dfltu                                   0x08014d7b   Thumb Code    38  dflt_clz.o(x$fpl$dfltu)
    __aeabi_dmul                             0x08014da1   Thumb Code     0  dmul.o(x$fpl$dmul)
    _dmul                                    0x08014da1   Thumb Code   332  dmul.o(x$fpl$dmul)
    __fpl_dnaninf                            0x08014ef5   Thumb Code   156  dnaninf.o(x$fpl$dnaninf)
    __fpl_dretinf                            0x08014f91   Thumb Code    12  dretinf.o(x$fpl$dretinf)
    _fp_init                                 0x08014f9d   Thumb Code    10  fpinit.o(x$fpl$fpinit)
    __fplib_config_fpu_vfp                   0x08014fa5   Thumb Code     0  fpinit.o(x$fpl$fpinit)
    __fplib_config_pureend_doubles           0x08014fa5   Thumb Code     0  fpinit.o(x$fpl$fpinit)
    __I$use$fp                               0x08014fa6   Number         0  usenofp.o(x$fpl$usenofp)
    asc2_1206                                0x08014fa6   Data        1140  lcd.o(.constdata)
    asc2_1608                                0x0801541a   Data        1520  lcd.o(.constdata)
    asc2_2412                                0x08015a0a   Data        3420  lcd.o(.constdata)
    I2S_PSC_TBL                              0x08016766   Data         110  i2s.o(.constdata)
    FSMC_DefaultTimingStruct                 0x080167d4   Data          28  stm32f4xx_fsmc.o(.constdata)
    memtblsize                               0x080167f0   Data          12  malloc.o(.constdata)
    memblksize                               0x080167fc   Data          12  malloc.o(.constdata)
    memsize                                  0x08016808   Data          12  malloc.o(.constdata)
    FILE_TYPE_TBL                            0x08016850   Data         112  exfuns.o(.constdata)
    GBK24_PATH                               0x08016c80   Data           4  fontupd.o(.constdata)
    GBK16_PATH                               0x08016c84   Data           4  fontupd.o(.constdata)
    GBK12_PATH                               0x08016c88   Data           4  fontupd.o(.constdata)
    UNIGBK_PATH                              0x08016c8c   Data           4  fontupd.o(.constdata)
    Region$$Table$$Base                      0x08017194   Number         0  anon$$obj.o(Region$$Table)
    Region$$Table$$Limit                     0x080171b4   Number         0  anon$$obj.o(Region$$Table)
    mem3base                                 0x10000000   Data       61440  malloc.o(.ARM.__AT_0x10000000)
    mem3mapbase                              0x1000f000   Data        3840  malloc.o(.ARM.__AT_0x1000F000)
    SystemCoreClock                          0x20000000   Data           4  system_stm32f4xx.o(.data)
    AHBPrescTable                            0x20000004   Data          16  system_stm32f4xx.o(.data)
    POINT_COLOR                              0x20000014   Data           2  lcd.o(.data)
    BACK_COLOR                               0x20000016   Data           2  lcd.o(.data)
    W25QXX_TYPE                              0x2000001a   Data           2  w25qxx.o(.data)
    TransferError                            0x20000026   Data           1  sdio_sdcard.o(.data)
    TransferEnd                              0x20000027   Data           1  sdio_sdcard.o(.data)
    tempbuff                                 0x20000028   Data           4  sdio_sdcard.o(.data)
    i2s_tx_callback                          0x2000002c   Data           4  i2s.o(.data)
    __stdout                                 0x200000a8   Data           4  usart.o(.data)
    USART_RX_STA                             0x200000ac   Data           2  usart.o(.data)
    mallco_dev                               0x200000c0   Data          36  malloc.o(.data)
    sys_cmd_tab                              0x200000e4   Data          28  usmart.o(.data)
    usmart_nametab                           0x20000100   Data         288  usmart_config.o(.data)
    usmart_dev                               0x20000220   Data         244  usmart_config.o(.data)
    FLASH_SECTOR_COUNT                       0x20000314   Data           2  diskio.o(.data)
    file                                     0x20000318   Data           4  exfuns.o(.data)
    ftemp                                    0x2000031c   Data           4  exfuns.o(.data)
    br                                       0x20000320   Data           4  exfuns.o(.data)
    bw                                       0x20000324   Data           4  exfuns.o(.data)
    fatbuf                                   0x20000328   Data           4  exfuns.o(.data)
    USBH_HCD_INT_cb                          0x2000032c   Data          12  usbh_core.o(.data)
    USBH_HCD_INT_fops                        0x20000338   Data           4  usbh_core.o(.data)
    MSC_Setup                                0x20000358   Data           8  usbh_msc_core.o(.data)
    MSCErrorCount                            0x20000360   Data           1  usbh_msc_core.o(.data)
    USBH_MSC_cb                              0x20000364   Data          16  usbh_msc_core.o(.data)
    USR_Callbacks                            0x2000037c   Data          72  usbh_usr.o(.data)
    USB_Host                                 0x200003c4   Data         148  main.o(.bss)
    USB_OTG_Core                             0x20000458   Data        1452  main.o(.bss)
    lcddev                                   0x20000a04   Data          14  lcd.o(.bss)
    W25QXX_BUFFER                            0x20000a12   Data        4096  w25qxx.o(.bss)
    SDIO_InitStructure                       0x20001a18   Data          24  sdio_sdcard.o(.bss)
    SDIO_CmdInitStructure                    0x20001a30   Data          20  sdio_sdcard.o(.bss)
    SDIO_DataInitStructure                   0x20001a44   Data          24  sdio_sdcard.o(.bss)
    SDCardInfo                               0x20001a80   Data          88  sdio_sdcard.o(.bss)
    SDIO_DATA_BUFFER                         0x20001ad8   Data         512  sdio_sdcard.o(.bss)
    USART_RX_BUF                             0x20001cd8   Data         200  usart.o(.bss)
    mem1base                                 0x20001da0   Data       102400  malloc.o(.bss)
    mem1mapbase                              0x2001ada0   Data        6400  malloc.o(.bss)
    fs                                       0x2001c6ac   Data          12  exfuns.o(.bss)
    fileinfo                                 0x2001c6b8   Data          32  exfuns.o(.bss)
    dir                                      0x2001c6d8   Data          36  exfuns.o(.bss)
    ftinfo                                   0x2001c6fc   Data          33  fontupd.o(.bss)
    USBH_CfgDesc                             0x2001c71d   Data         512  usbh_stdreq.o(.bss)
    USBH_MSC_CBWData                         0x2001c920   Data          32  usbh_msc_bot.o(.bss)
    USBH_MSC_CSWData                         0x2001c940   Data          16  usbh_msc_bot.o(.bss)
    USBH_MSC_BOTXferParam                    0x2001c950   Data          16  usbh_msc_bot.o(.bss)
    MSC_Machine                              0x2001c960   Data          74  usbh_msc_core.o(.bss)
    USBH_MSC_Param                           0x2001c9ac   Data          16  usbh_msc_scsi.o(.bss)
    USBH_DataInBuffer                        0x2001c9bc   Data         512  usbh_msc_scsi.o(.bss)
    USBH_DataOutBuffer                       0x2001cbbc   Data         512  usbh_msc_scsi.o(.bss)
    __libspace_start                         0x2001cdbc   Data          96  libspace.o(.bss)
    __temporary_stack_top$libspace           0x2001ce1c   Data           0  libspace.o(.bss)
    mem2base                                 0x68000000   Data       983040  malloc.o(.ARM.__AT_0x68000000)
    mem2mapbase                              0x680f0000   Data       61440  malloc.o(.ARM.__AT_0x680F0000)



==============================================================================

Memory Map of the image

  Image Entry point : 0x08000189

  Load Region LR_IROM1 (Base: 0x08000000, Size: 0x00017578, Max: 0x00100000, ABSOLUTE, COMPRESSED[0x00017390])

    Execution Region ER_IROM1 (Exec base: 0x08000000, Load base: 0x08000000, Size: 0x000171b4, Max: 0x00100000, ABSOLUTE)

    Exec Addr    Load Addr    Size         Type   Attr      Idx    E Section Name        Object

    0x08000000   0x08000000   0x00000188   Data   RO          670    RESET               startup_stm32f40_41xxx.o
    0x08000188   0x08000188   0x00000008   Code   RO         1579  * !!!main             c_w.l(__main.o)
    0x08000190   0x08000190   0x00000034   Code   RO         1782    !!!scatter          c_w.l(__scatter.o)
    0x080001c4   0x080001c4   0x0000005a   Code   RO         1780    !!dczerorl2         c_w.l(__dczerorl2.o)
    0x0800021e   0x0800021e   0x00000002   PAD
    0x08000220   0x08000220   0x0000001c   Code   RO         1784    !!handler_zi        c_w.l(__scatter_zi.o)
    0x0800023c   0x0800023c   0x00000000   Code   RO         1566    .ARM.Collect$$_printf_percent$$00000000  c_w.l(_printf_percent.o)
    0x0800023c   0x0800023c   0x00000006   Code   RO         1564    .ARM.Collect$$_printf_percent$$00000009  c_w.l(_printf_d.o)
    0x08000242   0x08000242   0x00000006   Code   RO         1565    .ARM.Collect$$_printf_percent$$0000000A  c_w.l(_printf_u.o)
    0x08000248   0x08000248   0x00000006   Code   RO         1563    .ARM.Collect$$_printf_percent$$0000000C  c_w.l(_printf_x.o)
    0x0800024e   0x0800024e   0x00000006   Code   RO         1561    .ARM.Collect$$_printf_percent$$00000013  c_w.l(_printf_c.o)
    0x08000254   0x08000254   0x00000006   Code   RO         1562    .ARM.Collect$$_printf_percent$$00000014  c_w.l(_printf_s.o)
    0x0800025a   0x0800025a   0x00000004   Code   RO         1604    .ARM.Collect$$_printf_percent$$00000017  c_w.l(_printf_percent_end.o)
    0x0800025e   0x0800025e   0x00000002   Code   RO         1650    .ARM.Collect$$libinit$$00000000  c_w.l(libinit.o)
    0x08000260   0x08000260   0x00000004   Code   RO         1660    .ARM.Collect$$libinit$$00000001  c_w.l(libinit2.o)
    0x08000264   0x08000264   0x00000000   Code   RO         1663    .ARM.Collect$$libinit$$00000004  c_w.l(libinit2.o)
    0x08000264   0x08000264   0x00000000   Code   RO         1666    .ARM.Collect$$libinit$$0000000A  c_w.l(libinit2.o)
    0x08000264   0x08000264   0x00000000   Code   RO         1668    .ARM.Collect$$libinit$$0000000C  c_w.l(libinit2.o)
    0x08000264   0x08000264   0x00000000   Code   RO         1670    .ARM.Collect$$libinit$$0000000E  c_w.l(libinit2.o)
    0x08000264   0x08000264   0x00000000   Code   RO         1673    .ARM.Collect$$libinit$$00000011  c_w.l(libinit2.o)
    0x08000264   0x08000264   0x00000000   Code   RO         1675    .ARM.Collect$$libinit$$00000013  c_w.l(libinit2.o)
    0x08000264   0x08000264   0x00000000   Code   RO         1677    .ARM.Collect$$libinit$$00000015  c_w.l(libinit2.o)
    0x08000264   0x08000264   0x00000000   Code   RO         1679    .ARM.Collect$$libinit$$00000017  c_w.l(libinit2.o)
    0x08000264   0x08000264   0x00000000   Code   RO         1681    .ARM.Collect$$libinit$$00000019  c_w.l(libinit2.o)
    0x08000264   0x08000264   0x00000000   Code   RO         1683    .ARM.Collect$$libinit$$0000001B  c_w.l(libinit2.o)
    0x08000264   0x08000264   0x00000000   Code   RO         1685    .ARM.Collect$$libinit$$0000001D  c_w.l(libinit2.o)
    0x08000264   0x08000264   0x00000000   Code   RO         1687    .ARM.Collect$$libinit$$0000001F  c_w.l(libinit2.o)
    0x08000264   0x08000264   0x00000000   Code   RO         1689    .ARM.Collect$$libinit$$00000021  c_w.l(libinit2.o)
    0x08000264   0x08000264   0x00000000   Code   RO         1691    .ARM.Collect$$libinit$$00000023  c_w.l(libinit2.o)
    0x08000264   0x08000264   0x00000000   Code   RO         1693    .ARM.Collect$$libinit$$00000025  c_w.l(libinit2.o)
    0x08000264   0x08000264   0x00000000   Code   RO         1697    .ARM.Collect$$libinit$$0000002C  c_w.l(libinit2.o)
    0x08000264   0x08000264   0x00000000   Code   RO         1699    .ARM.Collect$$libinit$$0000002E  c_w.l(libinit2.o)
    0x08000264   0x08000264   0x00000000   Code   RO         1701    .ARM.Collect$$libinit$$00000030  c_w.l(libinit2.o)
    0x08000264   0x08000264   0x00000000   Code   RO         1703    .ARM.Collect$$libinit$$00000032  c_w.l(libinit2.o)
    0x08000264   0x08000264   0x00000002   Code   RO         1704    .ARM.Collect$$libinit$$00000033  c_w.l(libinit2.o)
    0x08000266   0x08000266   0x00000002   Code   RO         1732    .ARM.Collect$$libshutdown$$00000000  c_w.l(libshutdown.o)
    0x08000268   0x08000268   0x00000000   Code   RO         1746    .ARM.Collect$$libshutdown$$00000002  c_w.l(libshutdown2.o)
    0x08000268   0x08000268   0x00000000   Code   RO         1748    .ARM.Collect$$libshutdown$$00000004  c_w.l(libshutdown2.o)
    0x08000268   0x08000268   0x00000000   Code   RO         1751    .ARM.Collect$$libshutdown$$00000007  c_w.l(libshutdown2.o)
    0x08000268   0x08000268   0x00000000   Code   RO         1754    .ARM.Collect$$libshutdown$$0000000A  c_w.l(libshutdown2.o)
    0x08000268   0x08000268   0x00000000   Code   RO         1756    .ARM.Collect$$libshutdown$$0000000C  c_w.l(libshutdown2.o)
    0x08000268   0x08000268   0x00000000   Code   RO         1759    .ARM.Collect$$libshutdown$$0000000F  c_w.l(libshutdown2.o)
    0x08000268   0x08000268   0x00000002   Code   RO         1760    .ARM.Collect$$libshutdown$$00000010  c_w.l(libshutdown2.o)
    0x0800026a   0x0800026a   0x00000000   Code   RO         1595    .ARM.Collect$$rtentry$$00000000  c_w.l(__rtentry.o)
    0x0800026a   0x0800026a   0x00000000   Code   RO         1613    .ARM.Collect$$rtentry$$00000002  c_w.l(__rtentry2.o)
    0x0800026a   0x0800026a   0x00000006   Code   RO         1625    .ARM.Collect$$rtentry$$00000004  c_w.l(__rtentry4.o)
    0x08000270   0x08000270   0x00000000   Code   RO         1615    .ARM.Collect$$rtentry$$00000009  c_w.l(__rtentry2.o)
    0x08000270   0x08000270   0x00000004   Code   RO         1616    .ARM.Collect$$rtentry$$0000000A  c_w.l(__rtentry2.o)
    0x08000274   0x08000274   0x00000000   Code   RO         1618    .ARM.Collect$$rtentry$$0000000C  c_w.l(__rtentry2.o)
    0x08000274   0x08000274   0x00000008   Code   RO         1619    .ARM.Collect$$rtentry$$0000000D  c_w.l(__rtentry2.o)
    0x0800027c   0x0800027c   0x00000002   Code   RO         1654    .ARM.Collect$$rtexit$$00000000  c_w.l(rtexit.o)
    0x0800027e   0x0800027e   0x00000000   Code   RO         1706    .ARM.Collect$$rtexit$$00000002  c_w.l(rtexit2.o)
    0x0800027e   0x0800027e   0x00000004   Code   RO         1707    .ARM.Collect$$rtexit$$00000003  c_w.l(rtexit2.o)
    0x08000282   0x08000282   0x00000006   Code   RO         1708    .ARM.Collect$$rtexit$$00000004  c_w.l(rtexit2.o)
    0x08000288   0x08000288   0x00000010   Code   RO          621    .emb_text           sys.o
    0x08000298   0x08000298   0x00000428   Code   RO            3    .text               main.o
    0x080006c0   0x080006c0   0x0000001a   Code   RO          266    .text               stm32f4xx_it.o
    0x080006da   0x080006da   0x00000002   PAD
    0x080006dc   0x080006dc   0x00000210   Code   RO          315    .text               system_stm32f4xx.o
    0x080008ec   0x080008ec   0x00000040   Code   RO          341    .text               led.o
    0x0800092c   0x0800092c   0x00004c80   Code   RO          361    .text               lcd.o
    0x080055ac   0x080055ac   0x00000104   Code   RO          399    .text               key.o
    0x080056b0   0x080056b0   0x00000118   Code   RO          420    .text               spi.o
    0x080057c8   0x080057c8   0x00000388   Code   RO          443    .text               w25qxx.o
    0x08005b50   0x08005b50   0x00001d60   Code   RO          470    .text               sdio_sdcard.o
    0x080078b0   0x080078b0   0x0000025c   Code   RO          504    .text               myiic.o
    0x08007b0c   0x08007b0c   0x000001e0   Code   RO          550    .text               i2s.o
    0x08007cec   0x08007cec   0x00000424   Code   RO          577    .text               wm8978.o
    0x08008110   0x08008110   0x00000104   Code   RO          599    .text               delay.o
    0x08008214   0x08008214   0x0000014c   Code   RO          639    .text               usart.o
    0x08008360   0x08008360   0x00000040   Code   RO          671    .text               startup_stm32f40_41xxx.o
    0x080083a0   0x080083a0   0x000000e0   Code   RO          677    .text               misc.o
    0x08008480   0x08008480   0x00000294   Code   RO          697    .text               stm32f4xx_gpio.o
    0x08008714   0x08008714   0x000005c8   Code   RO          717    .text               stm32f4xx_fsmc.o
    0x08008cdc   0x08008cdc   0x0000065c   Code   RO          740    .text               stm32f4xx_rcc.o
    0x08009338   0x08009338   0x00000454   Code   RO          762    .text               stm32f4xx_usart.o
    0x0800978c   0x0800978c   0x00000ca2   Code   RO          782    .text               stm32f4xx_tim.o
    0x0800a42e   0x0800a42e   0x00000002   PAD
    0x0800a430   0x0800a430   0x00000480   Code   RO          822    .text               stm32f4xx_spi.o
    0x0800a8b0   0x0800a8b0   0x000001dc   Code   RO          842    .text               stm32f4xx_sdio.o
    0x0800aa8c   0x0800aa8c   0x000003a8   Code   RO          862    .text               stm32f4xx_dma.o
    0x0800ae34   0x0800ae34   0x0000022c   Code   RO          882    .text               malloc.o
    0x0800b060   0x0800b060   0x00000c34   Code   RO          914    .text               usmart.o
    0x0800bc94   0x0800bc94   0x00000528   Code   RO          965    .text               usmart_str.o
    0x0800c1bc   0x0800c1bc   0x00000280   Code   RO          985    .text               diskio.o
    0x0800c43c   0x0800c43c   0x0000329a   Code   RO         1009    .text               ff.o
    0x0800f6d6   0x0800f6d6   0x00000002   PAD
    0x0800f6d8   0x0800f6d8   0x00000198   Code   RO         1030    .text               exfuns.o
    0x0800f870   0x0800f870   0x000006c8   Code   RO         1059    .text               fattester.o
    0x0800ff38   0x0800ff38   0x000000cc   Code   RO         1086    .text               mycc936.o
    0x08010004   0x08010004   0x000005e0   Code   RO         1107    .text               fontupd.o
    0x080105e4   0x080105e4   0x000002d4   Code   RO         1139    .text               text.o
    0x080108b8   0x080108b8   0x00000c2a   Code   RO         1222    .text               usb_core.o
    0x080114e2   0x080114e2   0x000000e4   Code   RO         1242    .text               usb_hcd.o
    0x080115c6   0x080115c6   0x00000002   PAD
    0x080115c8   0x080115c8   0x00000e74   Code   RO         1262    .text               usb_hcd_int.o
    0x0801243c   0x0801243c   0x00000670   Code   RO         1282    .text               usbh_core.o
    0x08012aac   0x08012aac   0x00000186   Code   RO         1308    .text               usbh_hcs.o
    0x08012c32   0x08012c32   0x000003a8   Code   RO         1328    .text               usbh_ioreq.o
    0x08012fda   0x08012fda   0x00000002   PAD
    0x08012fdc   0x08012fdc   0x000003dc   Code   RO         1348    .text               usbh_stdreq.o
    0x080133b8   0x080133b8   0x00000454   Code   RO         1375    .text               usbh_msc_bot.o
    0x0801380c   0x0801380c   0x0000034c   Code   RO         1402    .text               usbh_msc_core.o
    0x08013b58   0x08013b58   0x000004f4   Code   RO         1429    .text               usbh_msc_scsi.o
    0x0801404c   0x0801404c   0x000000bc   Code   RO         1456    .text               usb_bsp.o
    0x08014108   0x08014108   0x0000040c   Code   RO         1476    .text               usbh_usr.o
    0x08014514   0x08014514   0x00000002   Code   RO         1504    .text               c_w.l(use_no_semi_2.o)
    0x08014516   0x08014516   0x00000048   Code   RO         1506    .text               c_w.l(llsdiv.o)
    0x0801455e   0x0801455e   0x00000002   PAD
    0x08014560   0x08014560   0x00000018   Code   RO         1510    .text               c_w.l(noretval__2printf.o)
    0x08014578   0x08014578   0x0000004e   Code   RO         1514    .text               c_w.l(_printf_pad.o)
    0x080145c6   0x080145c6   0x00000052   Code   RO         1516    .text               c_w.l(_printf_str.o)
    0x08014618   0x08014618   0x00000078   Code   RO         1518    .text               c_w.l(_printf_dec.o)
    0x08014690   0x08014690   0x00000058   Code   RO         1523    .text               c_w.l(_printf_hex_int.o)
    0x080146e8   0x080146e8   0x00000188   Code   RO         1558    .text               c_w.l(__printf_flags_ss_wp.o)
    0x08014870   0x08014870   0x00000048   Code   RO         1567    .text               c_w.l(strcpy.o)
    0x080148b8   0x080148b8   0x0000003e   Code   RO         1569    .text               c_w.l(strlen.o)
    0x080148f6   0x080148f6   0x00000018   Code   RO         1571    .text               c_w.l(strcat.o)
    0x0801490e   0x0801490e   0x0000008a   Code   RO         1573    .text               c_w.l(rt_memcpy_v6.o)
    0x08014998   0x08014998   0x00000080   Code   RO         1575    .text               c_w.l(strcmpv7m.o)
    0x08014a18   0x08014a18   0x00000006   Code   RO         1577    .text               c_w.l(heapauxi.o)
    0x08014a1e   0x08014a1e   0x00000002   Code   RO         1593    .text               c_w.l(use_no_semi.o)
    0x08014a20   0x08014a20   0x000000ee   Code   RO         1596    .text               c_w.l(lludivv7m.o)
    0x08014b0e   0x08014b0e   0x000000b2   Code   RO         1598    .text               c_w.l(_printf_intcommon.o)
    0x08014bc0   0x08014bc0   0x0000002c   Code   RO         1600    .text               c_w.l(_printf_char.o)
    0x08014bec   0x08014bec   0x00000024   Code   RO         1602    .text               c_w.l(_printf_char_file.o)
    0x08014c10   0x08014c10   0x00000064   Code   RO         1605    .text               c_w.l(rt_memcpy_w.o)
    0x08014c74   0x08014c74   0x00000030   Code   RO         1631    .text               c_w.l(_printf_char_common.o)
    0x08014ca4   0x08014ca4   0x00000008   Code   RO         1633    .text               c_w.l(ferror.o)
    0x08014cac   0x08014cac   0x0000004a   Code   RO         1637    .text               c_w.l(sys_stackheap_outer.o)
    0x08014cf6   0x08014cf6   0x00000012   Code   RO         1643    .text               c_w.l(exit.o)
    0x08014d08   0x08014d08   0x00000008   Code   RO         1651    .text               c_w.l(libspace.o)
    0x08014d10   0x08014d10   0x0000000e   Code   RO         1551    i._is_digit         c_w.l(__printf_wp.o)
    0x08014d1e   0x08014d1e   0x00000002   PAD
    0x08014d20   0x08014d20   0x0000005a   Code   RO         1581    x$fpl$dfixu         fz_wm.l(dfixu.o)
    0x08014d7a   0x08014d7a   0x00000026   Code   RO         1585    x$fpl$dfltu         fz_wm.l(dflt_clz.o)
    0x08014da0   0x08014da0   0x00000154   Code   RO         1591    x$fpl$dmul          fz_wm.l(dmul.o)
    0x08014ef4   0x08014ef4   0x0000009c   Code   RO         1607    x$fpl$dnaninf       fz_wm.l(dnaninf.o)
    0x08014f90   0x08014f90   0x0000000c   Code   RO         1609    x$fpl$dretinf       fz_wm.l(dretinf.o)
    0x08014f9c   0x08014f9c   0x0000000a   Code   RO         1720    x$fpl$fpinit        fz_wm.l(fpinit.o)
    0x08014fa6   0x08014fa6   0x00000000   Code   RO         1611    x$fpl$usenofp       fz_wm.l(usenofp.o)
    0x08014fa6   0x08014fa6   0x000017c0   Data   RO          363    .constdata          lcd.o
    0x08016766   0x08016766   0x0000006e   Data   RO          551    .constdata          i2s.o
    0x080167d4   0x080167d4   0x0000001c   Data   RO          718    .constdata          stm32f4xx_fsmc.o
    0x080167f0   0x080167f0   0x00000024   Data   RO          888    .constdata          malloc.o
    0x08016814   0x08016814   0x0000003a   Data   RO         1011    .constdata          ff.o
    0x0801684e   0x0801684e   0x00000002   PAD
    0x08016850   0x08016850   0x00000070   Data   RO         1032    .constdata          exfuns.o
    0x080168c0   0x080168c0   0x000003c0   Data   RO         1087    .constdata          mycc936.o
    0x08016c80   0x08016c80   0x00000010   Data   RO         1109    .constdata          fontupd.o
    0x08016c90   0x08016c90   0x00000028   Data   RO         1524    .constdata          c_w.l(_printf_hex_int.o)
    0x08016cb8   0x08016cb8   0x00000011   Data   RO         1559    .constdata          c_w.l(__printf_flags_ss_wp.o)
    0x08016cc9   0x08016cc9   0x00000003   PAD
    0x08016ccc   0x08016ccc   0x00000028   Data   RO          915    .conststring        usmart.o
    0x08016cf4   0x08016cf4   0x00000400   Data   RO          938    .conststring        usmart_config.o
    0x080170f4   0x080170f4   0x00000040   Data   RO         1033    .conststring        exfuns.o
    0x08017134   0x08017134   0x0000005f   Data   RO         1110    .conststring        fontupd.o
    0x08017193   0x08017193   0x00000001   PAD
    0x08017194   0x08017194   0x00000020   Data   RO         1778    Region$$Table       anon$$obj.o


    Execution Region RW_IRAM1 (Exec base: 0x20000000, Load base: 0x080171b4, Size: 0x0001d420, Max: 0x00020000, ABSOLUTE, COMPRESSED[0x000001dc])

    Exec Addr    Load Addr    Size         Type   Attr      Idx    E Section Name        Object

    0x20000000   COMPRESSED   0x00000014   Data   RW          316    .data               system_stm32f4xx.o
    0x20000014   COMPRESSED   0x00000004   Data   RW          364    .data               lcd.o
    0x20000018   COMPRESSED   0x00000001   Data   RW          400    .data               key.o
    0x20000019   COMPRESSED   0x00000001   PAD
    0x2000001a   COMPRESSED   0x00000002   Data   RW          445    .data               w25qxx.o
    0x2000001c   COMPRESSED   0x00000010   Data   RW          472    .data               sdio_sdcard.o
    0x2000002c   COMPRESSED   0x00000004   Data   RW          552    .data               i2s.o
    0x20000030   COMPRESSED   0x00000074   Data   RW          578    .data               wm8978.o
    0x200000a4   COMPRESSED   0x00000004   Data   RW          600    .data               delay.o
    0x200000a8   COMPRESSED   0x00000006   Data   RW          641    .data               usart.o
    0x200000ae   COMPRESSED   0x00000010   Data   RW          741    .data               stm32f4xx_rcc.o
    0x200000be   COMPRESSED   0x00000002   PAD
    0x200000c0   COMPRESSED   0x00000024   Data   RW          889    .data               malloc.o
    0x200000e4   COMPRESSED   0x0000001c   Data   RW          916    .data               usmart.o
    0x20000100   COMPRESSED   0x00000214   Data   RW          939    .data               usmart_config.o
    0x20000314   COMPRESSED   0x00000002   Data   RW          986    .data               diskio.o
    0x20000316   COMPRESSED   0x00000002   Data   RW         1012    .data               ff.o
    0x20000318   COMPRESSED   0x00000014   Data   RW         1034    .data               exfuns.o
    0x2000032c   COMPRESSED   0x00000012   Data   RW         1283    .data               usbh_core.o
    0x2000033e   COMPRESSED   0x00000003   Data   RW         1350    .data               usbh_stdreq.o
    0x20000341   COMPRESSED   0x00000003   PAD
    0x20000344   COMPRESSED   0x00000011   Data   RW         1377    .data               usbh_msc_bot.o
    0x20000355   COMPRESSED   0x00000003   PAD
    0x20000358   COMPRESSED   0x0000001d   Data   RW         1404    .data               usbh_msc_core.o
    0x20000375   COMPRESSED   0x00000001   Data   RW         1431    .data               usbh_msc_scsi.o
    0x20000376   COMPRESSED   0x00000002   PAD
    0x20000378   COMPRESSED   0x0000004c   Data   RW         1477    .data               usbh_usr.o
    0x200003c4        -       0x00000640   Zero   RW            4    .bss                main.o
    0x20000a04        -       0x0000000e   Zero   RW          362    .bss                lcd.o
    0x20000a12        -       0x00001000   Zero   RW          444    .bss                w25qxx.o
    0x20001a12   COMPRESSED   0x00000006   PAD
    0x20001a18        -       0x000002c0   Zero   RW          471    .bss                sdio_sdcard.o
    0x20001cd8        -       0x000000c8   Zero   RW          640    .bss                usart.o
    0x20001da0        -       0x0001a900   Zero   RW          887    .bss                malloc.o
    0x2001c6a0        -       0x0000000c   Zero   RW         1010    .bss                ff.o
    0x2001c6ac        -       0x00000050   Zero   RW         1031    .bss                exfuns.o
    0x2001c6fc        -       0x00000021   Zero   RW         1108    .bss                fontupd.o
    0x2001c71d        -       0x00000200   Zero   RW         1349    .bss                usbh_stdreq.o
    0x2001c91d   COMPRESSED   0x00000003   PAD
    0x2001c920        -       0x00000040   Zero   RW         1376    .bss                usbh_msc_bot.o
    0x2001c960        -       0x0000004a   Zero   RW         1403    .bss                usbh_msc_core.o
    0x2001c9aa   COMPRESSED   0x00000002   PAD
    0x2001c9ac        -       0x00000410   Zero   RW         1430    .bss                usbh_msc_scsi.o
    0x2001cdbc        -       0x00000060   Zero   RW         1652    .bss                c_w.l(libspace.o)
    0x2001ce1c   COMPRESSED   0x00000004   PAD
    0x2001ce20        -       0x00000200   Zero   RW          669    HEAP                startup_stm32f40_41xxx.o
    0x2001d020        -       0x00000400   Zero   RW          668    STACK               startup_stm32f40_41xxx.o



  Load Region LR$$.ARM.__AT_0x10000000 (Base: 0x10000000, Size: 0x00000000, Max: 0x0000f000, ABSOLUTE)

    Execution Region ER$$.ARM.__AT_0x10000000 (Exec base: 0x10000000, Load base: 0x10000000, Size: 0x0000f000, Max: 0x0000f000, ABSOLUTE, UNINIT)

    Exec Addr    Load Addr    Size         Type   Attr      Idx    E Section Name        Object

    0x10000000        -       0x0000f000   Zero   RW          883    .ARM.__AT_0x10000000  malloc.o



  Load Region LR$$.ARM.__AT_0x1000F000 (Base: 0x1000f000, Size: 0x00000000, Max: 0x00000f00, ABSOLUTE)

    Execution Region ER$$.ARM.__AT_0x1000F000 (Exec base: 0x1000f000, Load base: 0x1000f000, Size: 0x00000f00, Max: 0x00000f00, ABSOLUTE, UNINIT)

    Exec Addr    Load Addr    Size         Type   Attr      Idx    E Section Name        Object

    0x1000f000        -       0x00000f00   Zero   RW          884    .ARM.__AT_0x1000F000  malloc.o



  Load Region LR$$.ARM.__AT_0x68000000 (Base: 0x68000000, Size: 0x00000000, Max: 0x000f0000, ABSOLUTE)

    Execution Region ER$$.ARM.__AT_0x68000000 (Exec base: 0x68000000, Load base: 0x68000000, Size: 0x000f0000, Max: 0x000f0000, ABSOLUTE, UNINIT)

    Exec Addr    Load Addr    Size         Type   Attr      Idx    E Section Name        Object

    0x68000000        -       0x000f0000   Zero   RW          885    .ARM.__AT_0x68000000  malloc.o



  Load Region LR$$.ARM.__AT_0x680F0000 (Base: 0x680f0000, Size: 0x00000000, Max: 0x0000f000, ABSOLUTE)

    Execution Region ER$$.ARM.__AT_0x680F0000 (Exec base: 0x680f0000, Load base: 0x680f0000, Size: 0x0000f000, Max: 0x0000f000, ABSOLUTE, UNINIT)

    Exec Addr    Load Addr    Size         Type   Attr      Idx    E Section Name        Object

    0x680f0000        -       0x0000f000   Zero   RW          886    .ARM.__AT_0x680F0000  malloc.o


==============================================================================

Image component sizes


      Code (inc. data)   RO Data    RW Data    ZI Data      Debug   Object Name

       260          8          0          4          0       1549   delay.o
       640         12          0          2          0       4718   diskio.o
       408         22        176         20         80       2904   exfuns.o
      1736        690          0          0          0       6024   fattester.o
     12954        136         58          2         12      35878   ff.o
      1504        158        111          0         33       4420   fontupd.o
       480         26        110          4          0       2724   i2s.o
       260         12          0          1          0        912   key.o
     19584        174       6080          4         14      23054   lcd.o
        64          4          0          0          0        559   led.o
      1064        328          0          0       1600     348624   main.o
       556         18         36         36    1218560       5129   malloc.o
       224         20          0          0          0       1889   misc.o
       204         12        960          0          0       1745   mycc936.o
       604         14          0          0          0       1956   myiic.o
      7520        282          0         16        704      25405   sdio_sdcard.o
       280          8          0          0          0       1113   spi.o
        64         26        392          0       1536        872   startup_stm32f40_41xxx.o
       936         32          0          0          0       6461   stm32f4xx_dma.o
      1480         18         28          0          0       5754   stm32f4xx_fsmc.o
       660         44          0          0          0       4229   stm32f4xx_gpio.o
        26          0          0          0          0       1258   stm32f4xx_it.o
      1628         52          0         16          0      13140   stm32f4xx_rcc.o
       476         16          0          0          0       7492   stm32f4xx_sdio.o
      1152         36          0          0          0       6977   stm32f4xx_spi.o
      3234         60          0          0          0      23084   stm32f4xx_tim.o
      1108         34          0          0          0       7952   stm32f4xx_usart.o
        16          0          0          0          0        524   sys.o
       528         46          0         20          0       1883   system_stm32f4xx.o
       724         16          0          0          0       3204   text.o
       332         18          0          6        200       3442   usart.o
       188         10          0          0          0       2451   usb_bsp.o
      3114         10          0          0          0      10510   usb_core.o
       228          0          0          0          0       3412   usb_hcd.o
      3700         10          0          0          0       6883   usb_hcd_int.o
      1648         42          0         18          0       6363   usbh_core.o
       390          0          0          0          0       2872   usbh_hcs.o
       936          0          0          0          0       4908   usbh_ioreq.o
      1108         68          0         17         64       5779   usbh_msc_bot.o
       844         28          0         29         74       4509   usbh_msc_core.o
      1268         40          0          1       1040       5458   usbh_msc_scsi.o
       988         12          0          3        512       6357   usbh_stdreq.o
      1036        506          0         76          0       5544   usbh_usr.o
      3124       1286         40         28          0       4530   usmart.o
         0          0       1024        532          0       4212   usmart_config.o
      1320         12          0          0          0       5409   usmart_str.o
       904         34          0          2       4096       4601   w25qxx.o
      1060         12          0        116          0       5929   wm8978.o

    ----------------------------------------------------------------------
     82572       4392       9050        964    1228536     644602   Object Totals
         0          0         32          0          0          0   (incl. Generated)
        10          0          3         11         11          0   (incl. Padding)

    ----------------------------------------------------------------------

      Code (inc. data)   RO Data    RW Data    ZI Data      Debug   Library Member Name

        90          0          0          0          0          0   __dczerorl2.o
         8          0          0          0          0         68   __main.o
       392          4         17          0          0         92   __printf_flags_ss_wp.o
        14          0          0          0          0         68   __printf_wp.o
         0          0          0          0          0          0   __rtentry.o
        12          0          0          0          0          0   __rtentry2.o
         6          0          0          0          0          0   __rtentry4.o
        52          8          0          0          0          0   __scatter.o
        28          0          0          0          0          0   __scatter_zi.o
         6          0          0          0          0          0   _printf_c.o
        44          0          0          0          0        108   _printf_char.o
        48          6          0          0          0         96   _printf_char_common.o
        36          4          0          0          0         80   _printf_char_file.o
         6          0          0          0          0          0   _printf_d.o
       120         16          0          0          0         92   _printf_dec.o
        88          4         40          0          0         88   _printf_hex_int.o
       178          0          0          0          0         88   _printf_intcommon.o
        78          0          0          0          0        108   _printf_pad.o
         0          0          0          0          0          0   _printf_percent.o
         4          0          0          0          0          0   _printf_percent_end.o
         6          0          0          0          0          0   _printf_s.o
        82          0          0          0          0         80   _printf_str.o
         6          0          0          0          0          0   _printf_u.o
         6          0          0          0          0          0   _printf_x.o
        18          0          0          0          0         80   exit.o
         8          0          0          0          0         68   ferror.o
         6          0          0          0          0        152   heapauxi.o
         2          0          0          0          0          0   libinit.o
         6          0          0          0          0          0   libinit2.o
         2          0          0          0          0          0   libshutdown.o
         2          0          0          0          0          0   libshutdown2.o
         8          4          0          0         96         68   libspace.o
        72          0          0          0          0         76   llsdiv.o
       238          0          0          0          0        100   lludivv7m.o
        24          4          0          0          0         84   noretval__2printf.o
       138          0          0          0          0         68   rt_memcpy_v6.o
       100          0          0          0          0         80   rt_memcpy_w.o
         2          0          0          0          0          0   rtexit.o
        10          0          0          0          0          0   rtexit2.o
        24          0          0          0          0         68   strcat.o
       128          0          0          0          0         68   strcmpv7m.o
        72          0          0          0          0         80   strcpy.o
        62          0          0          0          0         76   strlen.o
        74          0          0          0          0         80   sys_stackheap_outer.o
         2          0          0          0          0         68   use_no_semi.o
         2          0          0          0          0         68   use_no_semi_2.o
        90          4          0          0          0        140   dfixu.o
        38          0          0          0          0        116   dflt_clz.o
       340         12          0          0          0        152   dmul.o
       156          4          0          0          0        140   dnaninf.o
        12          0          0          0          0        116   dretinf.o
        10          0          0          0          0        116   fpinit.o
         0          0          0          0          0          0   usenofp.o

    ----------------------------------------------------------------------
      2962         70         60          0        100       3032   Library Totals
         6          0          3          0          4          0   (incl. Padding)

    ----------------------------------------------------------------------

      Code (inc. data)   RO Data    RW Data    ZI Data      Debug   Library Name

      2310         50         57          0         96       2252   c_w.l
       646         20          0          0          0        780   fz_wm.l

    ----------------------------------------------------------------------
      2962         70         60          0        100       3032   Library Totals

    ----------------------------------------------------------------------

==============================================================================


      Code (inc. data)   RO Data    RW Data    ZI Data      Debug   

     85534       4462       9110        964    1228636     635738   Grand Totals
     85534       4462       9110        476    1228636     635738   ELF Image Totals (compressed)
     85534       4462       9110        476          0          0   ROM Totals

==============================================================================

    Total RO  Size (Code + RO Data)                94644 (  92.43kB)
    Total RW  Size (RW Data + ZI Data)           1229600 (1200.78kB)
    Total ROM Size (Code + RO Data + RW Data)      95120 (  92.89kB)

==============================================================================

